Build started 15.06.2026 18:05:59.
     1>Project "D:\aprojects\AuctionNest\backend\tests\AuctionNest.IntegrationTests\AuctionNest.IntegrationTests.csproj" on node 1 (Restore target(s)).
     1>_GetAllRestoreProjectPathItems:
         Determining projects to restore...
       Restore:
         X.509 certificate chain validation will use the default trust store selected by .NET for code signing.
         X.509 certificate chain validation will use the default trust store selected by .NET for timestamping.
         Assets file has not changed. Skipping assets file writing. Path: D:\aprojects\AuctionNest\backend\src\AuctionNest.Domain\obj\project.assets.json
         Assets file has not changed. Skipping assets file writing. Path: D:\aprojects\AuctionNest\backend\src\AuctionNest.Application\obj\project.assets.json
         Restored D:\aprojects\AuctionNest\backend\src\AuctionNest.Domain\AuctionNest.Domain.csproj (in 51 ms).
         Restored D:\aprojects\AuctionNest\backend\src\AuctionNest.Application\AuctionNest.Application.csproj (in 51 ms).
         Assets file has not changed. Skipping assets file writing. Path: D:\aprojects\AuctionNest\backend\src\AuctionNest.Infrastructure\obj\project.assets.json
         Assets file has not changed. Skipping assets file writing. Path: D:\aprojects\AuctionNest\backend\src\AuctionNest.API\obj\project.assets.json
         Restored D:\aprojects\AuctionNest\backend\src\AuctionNest.API\AuctionNest.API.csproj (in 55 ms).
         Restored D:\aprojects\AuctionNest\backend\src\AuctionNest.Infrastructure\AuctionNest.Infrastructure.csproj (in 55 ms).
         Assets file has not changed. Skipping assets file writing. Path: D:\aprojects\AuctionNest\backend\tests\AuctionNest.IntegrationTests\obj\project.assets.json
         Restored D:\aprojects\AuctionNest\backend\tests\AuctionNest.IntegrationTests\AuctionNest.IntegrationTests.csproj (in 60 ms).
         
         NuGet Config files used:
             C:\Users\Lenovo\AppData\Roaming\NuGet\NuGet.Config
         
         Feeds used:
             https://api.nuget.org/v3/index.json
         All projects are up-to-date for restore.
     1>Done Building Project "D:\aprojects\AuctionNest\backend\tests\AuctionNest.IntegrationTests\AuctionNest.IntegrationTests.csproj" (Restore target(s)).
   1:7>Project "D:\aprojects\AuctionNest\backend\tests\AuctionNest.IntegrationTests\AuctionNest.IntegrationTests.csproj" on node 1 (VSTest target(s)).
     1>BuildProject:
         Build started, please wait...
   1:7>Project "D:\aprojects\AuctionNest\backend\tests\AuctionNest.IntegrationTests\AuctionNest.IntegrationTests.csproj" (1:7) is building "D:\aprojects\AuctionNest\backend\tests\AuctionNest.IntegrationTests\AuctionNest.IntegrationTests.csproj" (1:8) on node 1 (default targets).
   1:8>Project "D:\aprojects\AuctionNest\backend\tests\AuctionNest.IntegrationTests\AuctionNest.IntegrationTests.csproj" (1:8) is building "D:\aprojects\AuctionNest\backend\src\AuctionNest.Domain\AuctionNest.Domain.csproj" (5:6) on node 3 (default targets).
     5>GenerateTargetFrameworkMonikerAttribute:
       Skipping target "GenerateTargetFrameworkMonikerAttribute" because all output files are up-to-date with respect to the input files.
       CoreGenerateAssemblyInfo:
       Skipping target "CoreGenerateAssemblyInfo" because all output files are up-to-date with respect to the input files.
       _GenerateSourceLinkFile:
         Source Link file 'obj\Debug\net8.0\AuctionNest.Domain.sourcelink.json' is up-to-date.
       CoreCompile:
       Skipping target "CoreCompile" because all output files are up-to-date with respect to the input files.
       GenerateBuildDependencyFile:
       Skipping target "GenerateBuildDependencyFile" because all output files are up-to-date with respect to the input files.
       CopyFilesToOutputDirectory:
         AuctionNest.Domain -> D:\aprojects\AuctionNest\backend\src\AuctionNest.Domain\bin\Debug\net8.0\AuctionNest.Domain.dll
     5>Done Building Project "D:\aprojects\AuctionNest\backend\src\AuctionNest.Domain\AuctionNest.Domain.csproj" (default targets).
   1:8>Project "D:\aprojects\AuctionNest\backend\tests\AuctionNest.IntegrationTests\AuctionNest.IntegrationTests.csproj" (1:8) is building "D:\aprojects\AuctionNest\backend\src\AuctionNest.Application\AuctionNest.Application.csproj" (4:6) on node 4 (default targets).
     4>GenerateTargetFrameworkMonikerAttribute:
       Skipping target "GenerateTargetFrameworkMonikerAttribute" because all output files are up-to-date with respect to the input files.
       CoreGenerateAssemblyInfo:
       Skipping target "CoreGenerateAssemblyInfo" because all output files are up-to-date with respect to the input files.
       _GenerateSourceLinkFile:
         Source Link file 'obj\Debug\net8.0\AuctionNest.Application.sourcelink.json' is up-to-date.
       CoreCompile:
       Skipping target "CoreCompile" because all output files are up-to-date with respect to the input files.
       GenerateBuildDependencyFile:
       Skipping target "GenerateBuildDependencyFile" because all output files are up-to-date with respect to the input files.
       CopyFilesToOutputDirectory:
         AuctionNest.Application -> D:\aprojects\AuctionNest\backend\src\AuctionNest.Application\bin\Debug\net8.0\AuctionNest.Application.dll
     4>Done Building Project "D:\aprojects\AuctionNest\backend\src\AuctionNest.Application\AuctionNest.Application.csproj" (default targets).
   1:8>Project "D:\aprojects\AuctionNest\backend\tests\AuctionNest.IntegrationTests\AuctionNest.IntegrationTests.csproj" (1:8) is building "D:\aprojects\AuctionNest\backend\src\AuctionNest.Infrastructure\AuctionNest.Infrastructure.csproj" (3:6) on node 2 (default targets).
     3>GenerateTargetFrameworkMonikerAttribute:
       Skipping target "GenerateTargetFrameworkMonikerAttribute" because all output files are up-to-date with respect to the input files.
       CoreGenerateAssemblyInfo:
       Skipping target "CoreGenerateAssemblyInfo" because all output files are up-to-date with respect to the input files.
       _GenerateSourceLinkFile:
         Source Link file 'obj\Debug\net8.0\AuctionNest.Infrastructure.sourcelink.json' is up-to-date.
       CoreCompile:
       Skipping target "CoreCompile" because all output files are up-to-date with respect to the input files.
       GenerateBuildDependencyFile:
       Skipping target "GenerateBuildDependencyFile" because all output files are up-to-date with respect to the input files.
       GenerateBuildRuntimeConfigurationFiles:
       Skipping target "GenerateBuildRuntimeConfigurationFiles" because all output files are up-to-date with respect to the input files.
       CopyFilesToOutputDirectory:
         AuctionNest.Infrastructure -> D:\aprojects\AuctionNest\backend\src\AuctionNest.Infrastructure\bin\Debug\net8.0\AuctionNest.Infrastructure.dll
     3>Done Building Project "D:\aprojects\AuctionNest\backend\src\AuctionNest.Infrastructure\AuctionNest.Infrastructure.csproj" (default targets).
   1:8>Project "D:\aprojects\AuctionNest\backend\tests\AuctionNest.IntegrationTests\AuctionNest.IntegrationTests.csproj" (1:8) is building "D:\aprojects\AuctionNest\backend\src\AuctionNest.API\AuctionNest.API.csproj" (2:6) on node 1 (default targets).
     2>GenerateTargetFrameworkMonikerAttribute:
       Skipping target "GenerateTargetFrameworkMonikerAttribute" because all output files are up-to-date with respect to the input files.
       CoreGenerateAssemblyInfo:
       Skipping target "CoreGenerateAssemblyInfo" because all output files are up-to-date with respect to the input files.
       _DiscoverMvcApplicationParts:
       Skipping target "_DiscoverMvcApplicationParts" because all output files are up-to-date with respect to the input files.
       _GenerateSourceLinkFile:
         Source Link file 'obj\Debug\net8.0\AuctionNest.API.sourcelink.json' is up-to-date.
       CoreCompile:
       Skipping target "CoreCompile" because all output files are up-to-date with respect to the input files.
       _CreateAppHost:
       Skipping target "_CreateAppHost" because all output files are up-to-date with respect to the input files.
       _GenerateScopedCssFiles:
       Skipping target "_GenerateScopedCssFiles" because it has no outputs.
       _GenerateScopedCssFiles:
       Skipping target "_GenerateScopedCssFiles" because it has no outputs.
       _BuildCopyStaticWebAssetsPreserveNewest:
       Skipping target "_BuildCopyStaticWebAssetsPreserveNewest" because it has no outputs.
       _CopyOutOfDateSourceItemsToOutputDirectory:
       Skipping target "_CopyOutOfDateSourceItemsToOutputDirectory" because all output files are up-to-date with respect to the input files.
       GenerateBuildDependencyFile:
       Skipping target "GenerateBuildDependencyFile" because all output files are up-to-date with respect to the input files.
       GenerateBuildRuntimeConfigurationFiles:
       Skipping target "GenerateBuildRuntimeConfigurationFiles" because all output files are up-to-date with respect to the input files.
       CopyFilesToOutputDirectory:
         AuctionNest.API -> D:\aprojects\AuctionNest\backend\src\AuctionNest.API\bin\Debug\net8.0\AuctionNest.API.dll
     2>Done Building Project "D:\aprojects\AuctionNest\backend\src\AuctionNest.API\AuctionNest.API.csproj" (default targets).
     1>GenerateTargetFrameworkMonikerAttribute:
       Skipping target "GenerateTargetFrameworkMonikerAttribute" because all output files are up-to-date with respect to the input files.
       CoreGenerateAssemblyInfo:
       Skipping target "CoreGenerateAssemblyInfo" because all output files are up-to-date with respect to the input files.
       _GenerateSourceLinkFile:
         Source Link file 'obj\Debug\net8.0\AuctionNest.IntegrationTests.sourcelink.json' is up-to-date.
       CoreCompile:
         C:\Program Files\dotnet\dotnet.exe exec "C:\Program Files\dotnet\sdk\8.0.414\Roslyn\bincore\csc.dll" /noconfig /unsafe- /checked- /nowarn:1701,1702,1701,1702 /fullpaths /nostdlib+ /errorreport:prompt /warn:8 /define:TRACE;DEBUG;NET;NET8_0;NETCOREAPP;NET5_0_OR_GREATER;NET6_0_OR_GREATER;NET7_0_OR_GREATER;NET8_0_OR_GREATER;NETCOREAPP1_0_OR_GREATER;NETCOREAPP1_1_OR_GREATER;NETCOREAPP2_0_OR_GREATER;NETCOREAPP2_1_OR_GREATER;NETCOREAPP2_2_OR_GREATER;NETCOREAPP3_0_OR_GREATER;NETCOREAPP3_1_OR_GREATER /highentropyva+ /nullable:enable /reference:D:\aprojects\AuctionNest\backend\src\AuctionNest.API\obj\Debug\net8.0\ref\AuctionNest.API.dll /reference:D:\aprojects\AuctionNest\backend\src\AuctionNest.Application\obj\Debug\net8.0\ref\AuctionNest.Application.dll /reference:D:\aprojects\AuctionNest\backend\src\AuctionNest.Domain\obj\Debug\net8.0\ref\AuctionNest.Domain.dll /reference:D:\aprojects\AuctionNest\backend\src\AuctionNest.Infrastructure\obj\Debug\net8.0\ref\AuctionNest.Infrastructure.dll /reference:C:\Users\Lenovo\.nuget\packages\dapper\2.0.123\lib\net5.0\Dapper.dll /reference:C:\Users\Lenovo\.nuget\packages\docker.dotnet.enhanced\3.126.1\lib\net8.0\Docker.DotNet.dll /reference:C:\Users\Lenovo\.nuget\packages\docker.dotnet.enhanced.x509\3.126.1\lib\net8.0\Docker.DotNet.X509.dll /reference:C:\Users\Lenovo\.nuget\packages\efcore.namingconventions\8.0.3\lib\net8.0\EFCore.NamingConventions.dll /reference:C:\Users\Lenovo\.nuget\packages\fluentassertions\7.0.0\lib\net6.0\FluentAssertions.dll /reference:C:\Users\Lenovo\.nuget\packages\fluentvalidation.dependencyinjectionextensions\11.11.0\lib\netstandard2.1\FluentValidation.DependencyInjectionExtensions.dll /reference:C:\Users\Lenovo\.nuget\packages\fluentvalidation\11.11.0\lib\net8.0\FluentValidation.dll /reference:C:\Users\Lenovo\.nuget\packages\hangfire.aspnetcore\1.8.19\lib\netcoreapp3.0\Hangfire.AspNetCore.dll /reference:C:\Users\Lenovo\.nuget\packages\hangfire.core\1.8.19\lib\netstandard2.0\Hangfire.Core.dll /reference:C:\Users\Lenovo\.nuget\packages\hangfire.netcore\1.8.19\lib\netstandard2.1\Hangfire.NetCore.dll /reference:C:\Users\Lenovo\.nuget\packages\hangfire.postgresql\1.20.9\lib\netstandard2.0\Hangfire.PostgreSql.dll /reference:C:\Users\Lenovo\.nuget\packages\sharpziplib\1.4.2\lib\net6.0\ICSharpCode.SharpZipLib.dll /reference:C:\Users\Lenovo\.nuget\packages\konscious.security.cryptography.argon2\1.3.1\lib\net8.0\Konscious.Security.Cryptography.Argon2.dll /reference:C:\Users\Lenovo\.nuget\packages\konscious.security.cryptography.blake2\1.1.1\lib\net8.0\Konscious.Security.Cryptography.Blake2.dll /reference:C:\Users\Lenovo\.nuget\packages\mediatr.contracts\2.0.1\lib\netstandard2.0\MediatR.Contracts.dll /reference:C:\Users\Lenovo\.nuget\packages\mediatr\12.4.1\lib\net6.0\MediatR.dll /reference:"C:\Program Files\dotnet\packs\Microsoft.AspNetCore.App.Ref\8.0.20\ref\net8.0\Microsoft.AspNetCore.Antiforgery.dll" /reference:"C:\Program Files\dotnet\packs\Microsoft.AspNetCore.App.Ref\8.0.20\ref\net8.0\Microsoft.AspNetCore.Authentication.Abstractions.dll" /reference:"C:\Program Files\dotnet\packs\Microsoft.AspNetCore.App.Ref\8.0.20\ref\net8.0\Microsoft.AspNetCore.Authentication.BearerToken.dll" /reference:"C:\Program Files\dotnet\packs\Microsoft.AspNetCore.App.Ref\8.0.20\ref\net8.0\Microsoft.AspNetCore.Authentication.Cookies.dll" /reference:"C:\Program Files\dotnet\packs\Microsoft.AspNetCore.App.Ref\8.0.20\ref\net8.0\Microsoft.AspNetCore.Authentication.Core.dll" /reference:"C:\Program Files\dotnet\packs\Microsoft.AspNetCore.App.Ref\8.0.20\ref\net8.0\Microsoft.AspNetCore.Authentication.dll" /reference:C:\Users\Lenovo\.nuget\packages\microsoft.aspnetcore.authentication.jwtbearer\8.0.11\lib\net8.0\Microsoft.AspNetCore.Authentication.JwtBearer.dll /reference:"C:\Program Files\dotnet\packs\Microsoft.AspNetCore.App.Ref\8.0.20\ref\net8.0\Microsoft.AspNetCore.Authentication.OAuth.dll" /reference:"C:\Program Files\dotnet\packs\Microsoft.AspNetCore.App.Ref\8.0.20\ref\net8.0\Microsoft.AspNetCore.Authorization.dll" /reference:"C:\Program Files\dotnet\packs\Microsoft.AspNetCore.App.Ref\8.0.20\ref\net8.0\Microsoft.AspNetCore.Authorization.Policy.dll" /reference:"C:\Program Files\dotnet\packs\Microsoft.AspNetCore.App.Ref\8.0.20\ref\net8.0\Microsoft.AspNetCore.Components.Authorization.dll" /reference:"C:\Program Files\dotnet\packs\Microsoft.AspNetCore.App.Ref\8.0.20\ref\net8.0\Microsoft.AspNetCore.Components.dll" /reference:"C:\Program Files\dotnet\packs\Microsoft.AspNetCore.App.Ref\8.0.20\ref\net8.0\Microsoft.AspNetCore.Components.Endpoints.dll" /reference:"C:\Program Files\dotnet\packs\Microsoft.AspNetCore.App.Ref\8.0.20\ref\net8.0\Microsoft.AspNetCore.Components.Forms.dll" /reference:"C:\Program Files\dotnet\packs\Microsoft.AspNetCore.App.Ref\8.0.20\ref\net8.0\Microsoft.AspNetCore.Components.Server.dll" /reference:"C:\Program Files\dotnet\packs\Microsoft.AspNetCore.App.Ref\8.0.20\ref\net8.0\Microsoft.AspNetCore.Components.Web.dll" /reference:"C:\Program Files\dotnet\packs\Microsoft.AspNetCore.App.Ref\8.0.20\ref\net8.0\Microsoft.AspNetCore.Connections.Abstractions.dll" /reference:"C:\Program Files\dotnet\packs\Microsoft.AspNetCore.App.Ref\8.0.20\ref\net8.0\Microsoft.AspNetCore.CookiePolicy.dll" /reference:"C:\Program Files\dotnet\packs\Microsoft.AspNetCore.App.Ref\8.0.20\ref\net8.0\Microsoft.AspNetCore.Cors.dll" /reference:"C:\Program Files\dotnet\packs\Microsoft.AspNetCore.App.Ref\8.0.20\ref\net8.0\Microsoft.AspNetCore.Cryptography.Internal.dll" /reference:"C:\Program Files\dotnet\packs\Microsoft.AspNetCore.App.Ref\8.0.20\ref\net8.0\Microsoft.AspNetCore.Cryptography.KeyDerivation.dll" /reference:"C:\Program Files\dotnet\packs\Microsoft.AspNetCore.App.Ref\8.0.20\ref\net8.0\Microsoft.AspNetCore.DataProtection.Abstractions.dll" /reference:"C:\Program Files\dotnet\packs\Microsoft.AspNetCore.App.Ref\8.0.20\ref\net8.0\Microsoft.AspNetCore.DataProtection.dll" /reference:"C:\Program Files\dotnet\packs\Microsoft.AspNetCore.App.Ref\8.0.20\ref\net8.0\Microsoft.AspNetCore.DataProtection.Extensions.dll" /reference:"C:\Program Files\dotnet\packs\Microsoft.AspNetCore.App.Ref\8.0.20\ref\net8.0\Microsoft.AspNetCore.Diagnostics.Abstractions.dll" /reference:"C:\Program Files\dotnet\packs\Microsoft.AspNetCore.App.Ref\8.0.20\ref\net8.0\Microsoft.AspNetCore.Diagnostics.dll" /reference:"C:\Program Files\dotnet\packs\Microsoft.AspNetCore.App.Ref\8.0.20\ref\net8.0\Microsoft.AspNetCore.Diagnostics.HealthChecks.dll" /reference:"C:\Program Files\dotnet\packs\Microsoft.AspNetCore.App.Ref\8.0.20\ref\net8.0\Microsoft.AspNetCore.dll" /reference:"C:\Program Files\dotnet\packs\Microsoft.AspNetCore.App.Ref\8.0.20\ref\net8.0\Microsoft.AspNetCore.HostFiltering.dll" /reference:"C:\Program Files\dotnet\packs\Microsoft.AspNetCore.App.Ref\8.0.20\ref\net8.0\Microsoft.AspNetCore.Hosting.Abstractions.dll" /reference:"C:\Program Files\dotnet\packs\Microsoft.AspNetCore.App.Ref\8.0.20\ref\net8.0\Microsoft.AspNetCore.Hosting.dll" /reference:"C:\Program Files\dotnet\packs\Microsoft.AspNetCore.App.Ref\8.0.20\ref\net8.0\Microsoft.AspNetCore.Hosting.Server.Abstractions.dll" /reference:"C:\Program Files\dotnet\packs\Microsoft.AspNetCore.App.Ref\8.0.20\ref\net8.0\Microsoft.AspNetCore.Html.Abstractions.dll" /reference:"C:\Program Files\dotnet\packs\Microsoft.AspNetCore.App.Ref\8.0.20\ref\net8.0\Microsoft.AspNetCore.Http.Abstractions.dll" /reference:"C:\Program Files\dotnet\packs\Microsoft.AspNetCore.App.Ref\8.0.20\ref\net8.0\Microsoft.AspNetCore.Http.Connections.Common.dll" /reference:"C:\Program Files\dotnet\packs\Microsoft.AspNetCore.App.Ref\8.0.20\ref\net8.0\Microsoft.AspNetCore.Http.Connections.dll" /reference:"C:\Program Files\dotnet\packs\Microsoft.AspNetCore.App.Ref\8.0.20\ref\net8.0\Microsoft.AspNetCore.Http.dll" /reference:"C:\Program Files\dotnet\packs\Microsoft.AspNetCore.App.Ref\8.0.20\ref\net8.0\Microsoft.AspNetCore.Http.Extensions.dll" /reference:"C:\Program Files\dotnet\packs\Microsoft.AspNetCore.App.Ref\8.0.20\ref\net8.0\Microsoft.AspNetCore.Http.Features.dll" /reference:"C:\Program Files\dotnet\packs\Microsoft.AspNetCore.App.Ref\8.0.20\ref\net8.0\Microsoft.AspNetCore.Http.Results.dll" /reference:"C:\Program Files\dotnet\packs\Microsoft.AspNetCore.App.Ref\8.0.20\ref\net8.0\Microsoft.AspNetCore.HttpLogging.dll" /reference:"C:\Program Files\dotnet\packs\Microsoft.AspNetCore.App.Ref\8.0.20\ref\net8.0\Microsoft.AspNetCore.HttpOverrides.dll" /reference:"C:\Program Files\dotnet\packs\Microsoft.AspNetCore.App.Ref\8.0.20\ref\net8.0\Microsoft.AspNetCore.HttpsPolicy.dll" /reference:"C:\Program Files\dotnet\packs\Microsoft.AspNetCore.App.Ref\8.0.20\ref\net8.0\Microsoft.AspNetCore.Identity.dll" /reference:"C:\Program Files\dotnet\packs\Microsoft.AspNetCore.App.Ref\8.0.20\ref\net8.0\Microsoft.AspNetCore.Localization.dll" /reference:"C:\Program Files\dotnet\packs\Microsoft.AspNetCore.App.Ref\8.0.20\ref\net8.0\Microsoft.AspNetCore.Localization.Routing.dll" /reference:"C:\Program Files\dotnet\packs\Microsoft.AspNetCore.App.Ref\8.0.20\ref\net8.0\Microsoft.AspNetCore.Metadata.dll" /reference:"C:\Program Files\dotnet\packs\Microsoft.AspNetCore.App.Ref\8.0.20\ref\net8.0\Microsoft.AspNetCore.Mvc.Abstractions.dll" /reference:"C:\Program Files\dotnet\packs\Microsoft.AspNetCore.App.Ref\8.0.20\ref\net8.0\Microsoft.AspNetCore.Mvc.ApiExplorer.dll" /reference:"C:\Program Files\dotnet\packs\Microsoft.AspNetCore.App.Ref\8.0.20\ref\net8.0\Microsoft.AspNetCore.Mvc.Core.dll" /reference:"C:\Program Files\dotnet\packs\Microsoft.AspNetCore.App.Ref\8.0.20\ref\net8.0\Microsoft.AspNetCore.Mvc.Cors.dll" /reference:"C:\Program Files\dotnet\packs\Microsoft.AspNetCore.App.Ref\8.0.20\ref\net8.0\Microsoft.AspNetCore.Mvc.DataAnnotations.dll" /reference:"C:\Program Files\dotnet\packs\Microsoft.AspNetCore.App.Ref\8.0.20\ref\net8.0\Microsoft.AspNetCore.Mvc.dll" /reference:"C:\Program Files\dotnet\packs\Microsoft.AspNetCore.App.Ref\8.0.20\ref\net8.0\Microsoft.AspNetCore.Mvc.Formatters.Json.dll" /reference:"C:\Program Files\dotnet\packs\Microsoft.AspNetCore.App.Ref\8.0.20\ref\net8.0\Microsoft.AspNetCore.Mvc.Formatters.Xml.dll" /reference:"C:\Program Files\dotnet\packs\Microsoft.AspNetCore.App.Ref\8.0.20\ref\net8.0\Microsoft.AspNetCore.Mvc.Localization.dll" /reference:"C:\Program Files\dotnet\packs\Microsoft.AspNetCore.App.Ref\8.0.20\ref\net8.0\Microsoft.AspNetCore.Mvc.Razor.dll" /reference:"C:\Program Files\dotnet\packs\Microsoft.AspNetCore.App.Ref\8.0.20\ref\net8.0\Microsoft.AspNetCore.Mvc.RazorPages.dll" /reference:"C:\Program Files\dotnet\packs\Microsoft.AspNetCore.App.Ref\8.0.20\ref\net8.0\Microsoft.AspNetCore.Mvc.TagHelpers.dll" /reference:C:\Users\Lenovo\.nuget\packages\microsoft.aspnetcore.mvc.testing\8.0.11\lib\net8.0\Microsoft.AspNetCore.Mvc.Testing.dll /reference:"C:\Program Files\dotnet\packs\Microsoft.AspNetCore.App.Ref\8.0.20\ref\net8.0\Microsoft.AspNetCore.Mvc.ViewFeatures.dll" /reference:"C:\Program Files\dotnet\packs\Microsoft.AspNetCore.App.Ref\8.0.20\ref\net8.0\Microsoft.AspNetCore.OutputCaching.dll" /reference:"C:\Program Files\dotnet\packs\Microsoft.AspNetCore.App.Ref\8.0.20\ref\net8.0\Microsoft.AspNetCore.RateLimiting.dll" /reference:"C:\Program Files\dotnet\packs\Microsoft.AspNetCore.App.Ref\8.0.20\ref\net8.0\Microsoft.AspNetCore.Razor.dll" /reference:"C:\Program Files\dotnet\packs\Microsoft.AspNetCore.App.Ref\8.0.20\ref\net8.0\Microsoft.AspNetCore.Razor.Runtime.dll" /reference:"C:\Program Files\dotnet\packs\Microsoft.AspNetCore.App.Ref\8.0.20\ref\net8.0\Microsoft.AspNetCore.RequestDecompression.dll" /reference:"C:\Program Files\dotnet\packs\Microsoft.AspNetCore.App.Ref\8.0.20\ref\net8.0\Microsoft.AspNetCore.ResponseCaching.Abstractions.dll" /reference:"C:\Program Files\dotnet\packs\Microsoft.AspNetCore.App.Ref\8.0.20\ref\net8.0\Microsoft.AspNetCore.ResponseCaching.dll" /reference:"C:\Program Files\dotnet\packs\Microsoft.AspNetCore.App.Ref\8.0.20\ref\net8.0\Microsoft.AspNetCore.ResponseCompression.dll" /reference:"C:\Program Files\dotnet\packs\Microsoft.AspNetCore.App.Ref\8.0.20\ref\net8.0\Microsoft.AspNetCore.Rewrite.dll" /reference:"C:\Program Files\dotnet\packs\Microsoft.AspNetCore.App.Ref\8.0.20\ref\net8.0\Microsoft.AspNetCore.Routing.Abstractions.dll" /reference:"C:\Program Files\dotnet\packs\Microsoft.AspNetCore.App.Ref\8.0.20\ref\net8.0\Microsoft.AspNetCore.Routing.dll" /reference:"C:\Program Files\dotnet\packs\Microsoft.AspNetCore.App.Ref\8.0.20\ref\net8.0\Microsoft.AspNetCore.Server.HttpSys.dll" /reference:"C:\Program Files\dotnet\packs\Microsoft.AspNetCore.App.Ref\8.0.20\ref\net8.0\Microsoft.AspNetCore.Server.IIS.dll" /reference:"C:\Program Files\dotnet\packs\Microsoft.AspNetCore.App.Ref\8.0.20\ref\net8.0\Microsoft.AspNetCore.Server.IISIntegration.dll" /reference:"C:\Program Files\dotnet\packs\Microsoft.AspNetCore.App.Ref\8.0.20\ref\net8.0\Microsoft.AspNetCore.Server.Kestrel.Core.dll" /reference:"C:\Program Files\dotnet\packs\Microsoft.AspNetCore.App.Ref\8.0.20\ref\net8.0\Microsoft.AspNetCore.Server.Kestrel.dll" /reference:"C:\Program Files\dotnet\packs\Microsoft.AspNetCore.App.Ref\8.0.20\ref\net8.0\Microsoft.AspNetCore.Server.Kestrel.Transport.NamedPipes.dll" /reference:"C:\Program Files\dotnet\packs\Microsoft.AspNetCore.App.Ref\8.0.20\ref\net8.0\Microsoft.AspNetCore.Server.Kestrel.Transport.Quic.dll" /reference:"C:\Program Files\dotnet\packs\Microsoft.AspNetCore.App.Ref\8.0.20\ref\net8.0\Microsoft.AspNetCore.Server.Kestrel.Transport.Sockets.dll" /reference:"C:\Program Files\dotnet\packs\Microsoft.AspNetCore.App.Ref\8.0.20\ref\net8.0\Microsoft.AspNetCore.Session.dll" /reference:"C:\Program Files\dotnet\packs\Microsoft.AspNetCore.App.Ref\8.0.20\ref\net8.0\Microsoft.AspNetCore.SignalR.Common.dll" /reference:"C:\Program Files\dotnet\packs\Microsoft.AspNetCore.App.Ref\8.0.20\ref\net8.0\Microsoft.AspNetCore.SignalR.Core.dll" /reference:"C:\Program Files\dotnet\packs\Microsoft.AspNetCore.App.Ref\8.0.20\ref\net8.0\Microsoft.AspNetCore.SignalR.dll" /reference:"C:\Program Files\dotnet\packs\Microsoft.AspNetCore.App.Ref\8.0.20\ref\net8.0\Microsoft.AspNetCore.SignalR.Protocols.Json.dll" /reference:"C:\Program Files\dotnet\packs\Microsoft.AspNetCore.App.Ref\8.0.20\ref\net8.0\Microsoft.AspNetCore.StaticFiles.dll" /reference:C:\Users\Lenovo\.nuget\packages\microsoft.aspnetcore.testhost\8.0.11\lib\net8.0\Microsoft.AspNetCore.TestHost.dll /reference:"C:\Program Files\dotnet\packs\Microsoft.AspNetCore.App.Ref\8.0.20\ref\net8.0\Microsoft.AspNetCore.WebSockets.dll" /reference:"C:\Program Files\dotnet\packs\Microsoft.AspNetCore.App.Ref\8.0.20\ref\net8.0\Microsoft.AspNetCore.WebUtilities.dll" /reference:C:\Users\Lenovo\.nuget\packages\microsoft.bcl.asyncinterfaces\1.1.0\ref\netstandard2.1\Microsoft.Bcl.AsyncInterfaces.dll /reference:"C:\Program Files\dotnet\packs\Microsoft.NETCore.App.Ref\8.0.20\ref\net8.0\Microsoft.CSharp.dll" /reference:C:\Users\Lenovo\.nuget\packages\microsoft.entityframeworkcore.abstractions\8.0.11\lib\net8.0\Microsoft.EntityFrameworkCore.Abstractions.dll /reference:C:\Users\Lenovo\.nuget\packages\microsoft.entityframeworkcore\8.0.11\lib\net8.0\Microsoft.EntityFrameworkCore.dll /reference:C:\Users\Lenovo\.nuget\packages\microsoft.entityframeworkcore.relational\8.0.11\lib\net8.0\Microsoft.EntityFrameworkCore.Relational.dll /reference:"C:\Program Files\dotnet\packs\Microsoft.AspNetCore.App.Ref\8.0.20\ref\net8.0\Microsoft.Extensions.Caching.Abstractions.dll" /reference:"C:\Program Files\dotnet\packs\Microsoft.AspNetCore.App.Ref\8.0.20\ref\net8.0\Microsoft.Extensions.Caching.Memory.dll" /reference:"C:\Program Files\dotnet\packs\Microsoft.AspNetCore.App.Ref\8.0.20\ref\net8.0\Microsoft.Extensions.Configuration.Abstractions.dll" /reference:"C:\Program Files\dotnet\packs\Microsoft.AspNetCore.App.Ref\8.0.20\ref\net8.0\Microsoft.Extensions.Configuration.Binder.dll" /reference:"C:\Program Files\dotnet\packs\Microsoft.AspNetCore.App.Ref\8.0.20\ref\net8.0\Microsoft.Extensions.Configuration.CommandLine.dll" /reference:"C:\Program Files\dotnet\packs\Microsoft.AspNetCore.App.Ref\8.0.20\ref\net8.0\Microsoft.Extensions.Configuration.dll" /reference:"C:\Program Files\dotnet\packs\Microsoft.AspNetCore.App.Ref\8.0.20\ref\net8.0\Microsoft.Extensions.Configuration.EnvironmentVariables.dll" /reference:"C:\Program Files\dotnet\packs\Microsoft.AspNetCore.App.Ref\8.0.20\ref\net8.0\Microsoft.Extensions.Configuration.FileExtensions.dll" /reference:"C:\Program Files\dotnet\packs\Microsoft.AspNetCore.App.Ref\8.0.20\ref\net8.0\Microsoft.Extensions.Configuration.Ini.dll" /reference:"C:\Program Files\dotnet\packs\Microsoft.AspNetCore.App.Ref\8.0.20\ref\net8.0\Microsoft.Extensions.Configuration.Json.dll" /reference:"C:\Program Files\dotnet\packs\Microsoft.AspNetCore.App.Ref\8.0.20\ref\net8.0\Microsoft.Extensions.Configuration.KeyPerFile.dll" /reference:"C:\Program Files\dotnet\packs\Microsoft.AspNetCore.App.Ref\8.0.20\ref\net8.0\Microsoft.Extensions.Configuration.UserSecrets.dll" /reference:"C:\Program Files\dotnet\packs\Microsoft.AspNetCore.App.Ref\8.0.20\ref\net8.0\Microsoft.Extensions.Configuration.Xml.dll" /reference:"C:\Program Files\dotnet\packs\Microsoft.AspNetCore.App.Ref\8.0.20\ref\net8.0\Microsoft.Extensions.DependencyInjection.Abstractions.dll" /reference:"C:\Program Files\dotnet\packs\Microsoft.AspNetCore.App.Ref\8.0.20\ref\net8.0\Microsoft.Extensions.DependencyInjection.dll" /reference:C:\Users\Lenovo\.nuget\packages\microsoft.extensions.dependencymodel\8.0.2\lib\net8.0\Microsoft.Extensions.DependencyModel.dll /reference:"C:\Program Files\dotnet\packs\Microsoft.AspNetCore.App.Ref\8.0.20\ref\net8.0\Microsoft.Extensions.Diagnostics.Abstractions.dll" /reference:"C:\Program Files\dotnet\packs\Microsoft.AspNetCore.App.Ref\8.0.20\ref\net8.0\Microsoft.Extensions.Diagnostics.dll" /reference:"C:\Program Files\dotnet\packs\Microsoft.AspNetCore.App.Ref\8.0.20\ref\net8.0\Microsoft.Extensions.Diagnostics.HealthChecks.Abstractions.dll" /reference:"C:\Program Files\dotnet\packs\Microsoft.AspNetCore.App.Ref\8.0.20\ref\net8.0\Microsoft.Extensions.Diagnostics.HealthChecks.dll" /reference:"C:\Program Files\dotnet\packs\Microsoft.AspNetCore.App.Ref\8.0.20\ref\net8.0\Microsoft.Extensions.Features.dll" /reference:"C:\Program Files\dotnet\packs\Microsoft.AspNetCore.App.Ref\8.0.20\ref\net8.0\Microsoft.Extensions.FileProviders.Abstractions.dll" /reference:"C:\Program Files\dotnet\packs\Microsoft.AspNetCore.App.Ref\8.0.20\ref\net8.0\Microsoft.Extensions.FileProviders.Composite.dll" /reference:"C:\Program Files\dotnet\packs\Microsoft.AspNetCore.App.Ref\8.0.20\ref\net8.0\Microsoft.Extensions.FileProviders.Embedded.dll" /reference:"C:\Program Files\dotnet\packs\Microsoft.AspNetCore.App.Ref\8.0.20\ref\net8.0\Microsoft.Extensions.FileProviders.Physical.dll" /reference:"C:\Program Files\dotnet\packs\Microsoft.AspNetCore.App.Ref\8.0.20\ref\net8.0\Microsoft.Extensions.FileSystemGlobbing.dll" /reference:"C:\Program Files\dotnet\packs\Microsoft.AspNetCore.App.Ref\8.0.20\ref\net8.0\Microsoft.Extensions.Hosting.Abstractions.dll" /reference:"C:\Program Files\dotnet\packs\Microsoft.AspNetCore.App.Ref\8.0.20\ref\net8.0\Microsoft.Extensions.Hosting.dll" /reference:"C:\Program Files\dotnet\packs\Microsoft.AspNetCore.App.Ref\8.0.20\ref\net8.0\Microsoft.Extensions.Http.dll" /reference:"C:\Program Files\dotnet\packs\Microsoft.AspNetCore.App.Ref\8.0.20\ref\net8.0\Microsoft.Extensions.Identity.Core.dll" /reference:"C:\Program Files\dotnet\packs\Microsoft.AspNetCore.App.Ref\8.0.20\ref\net8.0\Microsoft.Extensions.Identity.Stores.dll" /reference:"C:\Program Files\dotnet\packs\Microsoft.AspNetCore.App.Ref\8.0.20\ref\net8.0\Microsoft.Extensions.Localization.Abstractions.dll" /reference:"C:\Program Files\dotnet\packs\Microsoft.AspNetCore.App.Ref\8.0.20\ref\net8.0\Microsoft.Extensions.Localization.dll" /reference:"C:\Program Files\dotnet\packs\Microsoft.AspNetCore.App.Ref\8.0.20\ref\net8.0\Microsoft.Extensions.Logging.Abstractions.dll" /reference:"C:\Program Files\dotnet\packs\Microsoft.AspNetCore.App.Ref\8.0.20\ref\net8.0\Microsoft.Extensions.Logging.Configuration.dll" /reference:"C:\Program Files\dotnet\packs\Microsoft.AspNetCore.App.Ref\8.0.20\ref\net8.0\Microsoft.Extensions.Logging.Console.dll" /reference:"C:\Program Files\dotnet\packs\Microsoft.AspNetCore.App.Ref\8.0.20\ref\net8.0\Microsoft.Extensions.Logging.Debug.dll" /reference:"C:\Program Files\dotnet\packs\Microsoft.AspNetCore.App.Ref\8.0.20\ref\net8.0\Microsoft.Extensions.Logging.dll" /reference:"C:\Program Files\dotnet\packs\Microsoft.AspNetCore.App.Ref\8.0.20\ref\net8.0\Microsoft.Extensions.Logging.EventLog.dll" /reference:"C:\Program Files\dotnet\packs\Microsoft.AspNetCore.App.Ref\8.0.20\ref\net8.0\Microsoft.Extensions.Logging.EventSource.dll" /reference:"C:\Program Files\dotnet\packs\Microsoft.AspNetCore.App.Ref\8.0.20\ref\net8.0\Microsoft.Extensions.Logging.TraceSource.dll" /reference:"C:\Program Files\dotnet\packs\Microsoft.AspNetCore.App.Ref\8.0.20\ref\net8.0\Microsoft.Extensions.ObjectPool.dll" /reference:"C:\Program Files\dotnet\packs\Microsoft.AspNetCore.App.Ref\8.0.20\ref\net8.0\Microsoft.Extensions.Options.ConfigurationExtensions.dll" /reference:"C:\Program Files\dotnet\packs\Microsoft.AspNetCore.App.Ref\8.0.20\ref\net8.0\Microsoft.Extensions.Options.DataAnnotations.dll" /reference:"C:\Program Files\dotnet\packs\Microsoft.AspNetCore.App.Ref\8.0.20\ref\net8.0\Microsoft.Extensions.Options.dll" /reference:"C:\Program Files\dotnet\packs\Microsoft.AspNetCore.App.Ref\8.0.20\ref\net8.0\Microsoft.Extensions.Primitives.dll" /reference:"C:\Program Files\dotnet\packs\Microsoft.AspNetCore.App.Ref\8.0.20\ref\net8.0\Microsoft.Extensions.WebEncoders.dll" /reference:C:\Users\Lenovo\.nuget\packages\microsoft.identitymodel.abstractions\8.0.2\lib\net8.0\Microsoft.IdentityModel.Abstractions.dll /reference:C:\Users\Lenovo\.nuget\packages\microsoft.identitymodel.jsonwebtokens\8.0.2\lib\net8.0\Microsoft.IdentityModel.JsonWebTokens.dll /reference:C:\Users\Lenovo\.nuget\packages\microsoft.identitymodel.logging\8.0.2\lib\net8.0\Microsoft.IdentityModel.Logging.dll /reference:C:\Users\Lenovo\.nuget\packages\microsoft.identitymodel.protocols\7.1.2\lib\net8.0\Microsoft.IdentityModel.Protocols.dll /reference:C:\Users\Lenovo\.nuget\packages\microsoft.identitymodel.protocols.openidconnect\7.1.2\lib\net8.0\Microsoft.IdentityModel.Protocols.OpenIdConnect.dll /reference:C:\Users\Lenovo\.nuget\packages\microsoft.identitymodel.tokens\8.0.2\lib\net8.0\Microsoft.IdentityModel.Tokens.dll /reference:"C:\Program Files\dotnet\packs\Microsoft.AspNetCore.App.Ref\8.0.20\ref\net8.0\Microsoft.JSInterop.dll" /reference:"C:\Program Files\dotnet\packs\Microsoft.AspNetCore.App.Ref\8.0.20\ref\net8.0\Microsoft.Net.Http.Headers.dll" /reference:C:\Users\Lenovo\.nuget\packages\microsoft.openapi\1.6.14\lib\netstandard2.0\Microsoft.OpenApi.dll /reference:C:\Users\Lenovo\.nuget\packages\microsoft.testplatform.testhost\17.8.0\lib\netcoreapp3.1\Microsoft.TestPlatform.CommunicationUtilities.dll /reference:C:\Users\Lenovo\.nuget\packages\microsoft.testplatform.testhost\17.8.0\lib\netcoreapp3.1\Microsoft.TestPlatform.CoreUtilities.dll /reference:C:\Users\Lenovo\.nuget\packages\microsoft.testplatform.testhost\17.8.0\lib\netcoreapp3.1\Microsoft.TestPlatform.CrossPlatEngine.dll /reference:C:\Users\Lenovo\.nuget\packages\microsoft.testplatform.testhost\17.8.0\lib\netcoreapp3.1\Microsoft.TestPlatform.PlatformAbstractions.dll /reference:C:\Users\Lenovo\.nuget\packages\microsoft.testplatform.testhost\17.8.0\lib\netcoreapp3.1\Microsoft.TestPlatform.Utilities.dll /reference:"C:\Program Files\dotnet\packs\Microsoft.NETCore.App.Ref\8.0.20\ref\net8.0\Microsoft.VisualBasic.Core.dll" /reference:"C:\Program Files\dotnet\packs\Microsoft.NETCore.App.Ref\8.0.20\ref\net8.0\Microsoft.VisualBasic.dll" /reference:C:\Users\Lenovo\.nuget\packages\microsoft.codecoverage\17.8.0\lib\netcoreapp3.1\Microsoft.VisualStudio.CodeCoverage.Shim.dll /reference:C:\Users\Lenovo\.nuget\packages\microsoft.testplatform.testhost\17.8.0\lib\netcoreapp3.1\Microsoft.VisualStudio.TestPlatform.Common.dll /reference:C:\Users\Lenovo\.nuget\packages\microsoft.testplatform.testhost\17.8.0\lib\netcoreapp3.1\Microsoft.VisualStudio.TestPlatform.ObjectModel.dll /reference:"C:\Program Files\dotnet\packs\Microsoft.NETCore.App.Ref\8.0.20\ref\net8.0\Microsoft.Win32.Primitives.dll" /reference:"C:\Program Files\dotnet\packs\Microsoft.NETCore.App.Ref\8.0.20\ref\net8.0\Microsoft.Win32.Registry.dll" /reference:C:\Users\Lenovo\.nuget\packages\microsoft.win32.systemevents\6.0.0\lib\net6.0\Microsoft.Win32.SystemEvents.dll /reference:"C:\Program Files\dotnet\packs\Microsoft.NETCore.App.Ref\8.0.20\ref\net8.0\mscorlib.dll" /reference:"C:\Program Files\dotnet\packs\Microsoft.NETCore.App.Ref\8.0.20\ref\net8.0\netstandard.dll" /reference:C:\Users\Lenovo\.nuget\packages\newtonsoft.json\13.0.1\lib\netstandard2.0\Newtonsoft.Json.dll /reference:C:\Users\Lenovo\.nuget\packages\npgsql\8.0.6\lib\net8.0\Npgsql.dll /reference:C:\Users\Lenovo\.nuget\packages\npgsql.entityframeworkcore.postgresql\8.0.11\lib\net8.0\Npgsql.EntityFrameworkCore.PostgreSQL.dll /reference:C:\Users\Lenovo\.nuget\packages\nuget.frameworks\6.5.0\lib\netstandard2.0\NuGet.Frameworks.dll /reference:C:\Users\Lenovo\.nuget\packages\pipelines.sockets.unofficial\2.2.8\lib\net5.0\Pipelines.Sockets.Unofficial.dll /reference:C:\Users\Lenovo\.nuget\packages\redlock.net\2.3.2\lib\netstandard2.0\RedLockNet.Abstractions.dll /reference:C:\Users\Lenovo\.nuget\packages\redlock.net\2.3.2\lib\netstandard2.0\RedLockNet.SERedis.dll /reference:C:\Users\Lenovo\.nuget\packages\ssh.net\2024.1.0\lib\net8.0\Renci.SshNet.dll /reference:C:\Users\Lenovo\.nuget\packages\stackexchange.redis\2.8.24\lib\net8.0\StackExchange.Redis.dll /reference:C:\Users\Lenovo\.nuget\packages\swashbuckle.aspnetcore.swagger\6.9.0\lib\net8.0\Swashbuckle.AspNetCore.Swagger.dll /reference:C:\Users\Lenovo\.nuget\packages\swashbuckle.aspnetcore.swaggergen\6.9.0\lib\net8.0\Swashbuckle.AspNetCore.SwaggerGen.dll /reference:C:\Users\Lenovo\.nuget\packages\swashbuckle.aspnetcore.swaggerui\6.9.0\lib\net8.0\Swashbuckle.AspNetCore.SwaggerUI.dll /reference:"C:\Program Files\dotnet\packs\Microsoft.NETCore.App.Ref\8.0.20\ref\net8.0\System.AppContext.dll" /reference:"C:\Program Files\dotnet\packs\Microsoft.NETCore.App.Ref\8.0.20\ref\net8.0\System.Buffers.dll" /reference:"C:\Program Files\dotnet\packs\Microsoft.NETCore.App.Ref\8.0.20\ref\net8.0\System.Collections.Concurrent.dll" /reference:"C:\Program Files\dotnet\packs\Microsoft.NETCore.App.Ref\8.0.20\ref\net8.0\System.Collections.dll" /reference:"C:\Program Files\dotnet\packs\Microsoft.NETCore.App.Ref\8.0.20\ref\net8.0\System.Collections.Immutable.dll" /reference:"C:\Program Files\dotnet\packs\Microsoft.NETCore.App.Ref\8.0.20\ref\net8.0\System.Collections.NonGeneric.dll" /reference:"C:\Program Files\dotnet\packs\Microsoft.NETCore.App.Ref\8.0.20\ref\net8.0\System.Collections.Specialized.dll" /reference:"C:\Program Files\dotnet\packs\Microsoft.NETCore.App.Ref\8.0.20\ref\net8.0\System.ComponentModel.Annotations.dll" /reference:"C:\Program Files\dotnet\packs\Microsoft.NETCore.App.Ref\8.0.20\ref\net8.0\System.ComponentModel.DataAnnotations.dll" /reference:"C:\Program Files\dotnet\packs\Microsoft.NETCore.App.Ref\8.0.20\ref\net8.0\System.ComponentModel.dll" /reference:"C:\Program Files\dotnet\packs\Microsoft.NETCore.App.Ref\8.0.20\ref\net8.0\System.ComponentModel.EventBasedAsync.dll" /reference:"C:\Program Files\dotnet\packs\Microsoft.NETCore.App.Ref\8.0.20\ref\net8.0\System.ComponentModel.Primitives.dll" /reference:"C:\Program Files\dotnet\packs\Microsoft.NETCore.App.Ref\8.0.20\ref\net8.0\System.ComponentModel.TypeConverter.dll" /reference:C:\Users\Lenovo\.nuget\packages\system.configuration.configurationmanager\6.0.0\lib\net6.0\System.Configuration.ConfigurationManager.dll /reference:"C:\Program Files\dotnet\packs\Microsoft.NETCore.App.Ref\8.0.20\ref\net8.0\System.Configuration.dll" /reference:"C:\Program Files\dotnet\packs\Microsoft.NETCore.App.Ref\8.0.20\ref\net8.0\System.Console.dll" /reference:"C:\Program Files\dotnet\packs\Microsoft.NETCore.App.Ref\8.0.20\ref\net8.0\System.Core.dll" /reference:"C:\Program Files\dotnet\packs\Microsoft.NETCore.App.Ref\8.0.20\ref\net8.0\System.Data.Common.dll" /reference:"C:\Program Files\dotnet\packs\Microsoft.NETCore.App.Ref\8.0.20\ref\net8.0\System.Data.DataSetExtensions.dll" /reference:"C:\Program Files\dotnet\packs\Microsoft.NETCore.App.Ref\8.0.20\ref\net8.0\System.Data.dll" /reference:"C:\Program Files\dotnet\packs\Microsoft.NETCore.App.Ref\8.0.20\ref\net8.0\System.Diagnostics.Contracts.dll" /reference:"C:\Program Files\dotnet\packs\Microsoft.NETCore.App.Ref\8.0.20\ref\net8.0\System.Diagnostics.Debug.dll" /reference:"C:\Program Files\dotnet\packs\Microsoft.NETCore.App.Ref\8.0.20\ref\net8.0\System.Diagnostics.DiagnosticSource.dll" /reference:"C:\Program Files\dotnet\packs\Microsoft.AspNetCore.App.Ref\8.0.20\ref\net8.0\System.Diagnostics.EventLog.dll" /reference:"C:\Program Files\dotnet\packs\Microsoft.NETCore.App.Ref\8.0.20\ref\net8.0\System.Diagnostics.FileVersionInfo.dll" /reference:"C:\Program Files\dotnet\packs\Microsoft.NETCore.App.Ref\8.0.20\ref\net8.0\System.Diagnostics.Process.dll" /reference:"C:\Program Files\dotnet\packs\Microsoft.NETCore.App.Ref\8.0.20\ref\net8.0\System.Diagnostics.StackTrace.dll" /reference:"C:\Program Files\dotnet\packs\Microsoft.NETCore.App.Ref\8.0.20\ref\net8.0\System.Diagnostics.TextWriterTraceListener.dll" /reference:"C:\Program Files\dotnet\packs\Microsoft.NETCore.App.Ref\8.0.20\ref\net8.0\System.Diagnostics.Tools.dll" /reference:"C:\Program Files\dotnet\packs\Microsoft.NETCore.App.Ref\8.0.20\ref\net8.0\System.Diagnostics.TraceSource.dll" /reference:"C:\Program Files\dotnet\packs\Microsoft.NETCore.App.Ref\8.0.20\ref\net8.0\System.Diagnostics.Tracing.dll" /reference:"C:\Program Files\dotnet\packs\Microsoft.NETCore.App.Ref\8.0.20\ref\net8.0\System.dll" /reference:C:\Users\Lenovo\.nuget\packages\system.drawing.common\6.0.0\lib\net6.0\System.Drawing.Common.dll /reference:"C:\Program Files\dotnet\packs\Microsoft.NETCore.App.Ref\8.0.20\ref\net8.0\System.Drawing.dll" /reference:"C:\Program Files\dotnet\packs\Microsoft.NETCore.App.Ref\8.0.20\ref\net8.0\System.Drawing.Primitives.dll" /reference:"C:\Program Files\dotnet\packs\Microsoft.NETCore.App.Ref\8.0.20\ref\net8.0\System.Dynamic.Runtime.dll" /reference:"C:\Program Files\dotnet\packs\Microsoft.NETCore.App.Ref\8.0.20\ref\net8.0\System.Formats.Asn1.dll" /reference:"C:\Program Files\dotnet\packs\Microsoft.NETCore.App.Ref\8.0.20\ref\net8.0\System.Formats.Tar.dll" /reference:"C:\Program Files\dotnet\packs\Microsoft.NETCore.App.Ref\8.0.20\ref\net8.0\System.Globalization.Calendars.dll" /reference:"C:\Program Files\dotnet\packs\Microsoft.NETCore.App.Ref\8.0.20\ref\net8.0\System.Globalization.dll" /reference:"C:\Program Files\dotnet\packs\Microsoft.NETCore.App.Ref\8.0.20\ref\net8.0\System.Globalization.Extensions.dll" /reference:C:\Users\Lenovo\.nuget\packages\system.identitymodel.tokens.jwt\8.0.2\lib\net8.0\System.IdentityModel.Tokens.Jwt.dll /reference:"C:\Program Files\dotnet\packs\Microsoft.NETCore.App.Ref\8.0.20\ref\net8.0\System.IO.Compression.Brotli.dll" /reference:"C:\Program Files\dotnet\packs\Microsoft.NETCore.App.Ref\8.0.20\ref\net8.0\System.IO.Compression.dll" /reference:"C:\Program Files\dotnet\packs\Microsoft.NETCore.App.Ref\8.0.20\ref\net8.0\System.IO.Compression.FileSystem.dll" /reference:"C:\Program Files\dotnet\packs\Microsoft.NETCore.App.Ref\8.0.20\ref\net8.0\System.IO.Compression.ZipFile.dll" /reference:"C:\Program Files\dotnet\packs\Microsoft.NETCore.App.Ref\8.0.20\ref\net8.0\System.IO.dll" /reference:"C:\Program Files\dotnet\packs\Microsoft.NETCore.App.Ref\8.0.20\ref\net8.0\System.IO.FileSystem.AccessControl.dll" /reference:"C:\Program Files\dotnet\packs\Microsoft.NETCore.App.Ref\8.0.20\ref\net8.0\System.IO.FileSystem.dll" /reference:"C:\Program Files\dotnet\packs\Microsoft.NETCore.App.Ref\8.0.20\ref\net8.0\System.IO.FileSystem.DriveInfo.dll" /reference:"C:\Program Files\dotnet\packs\Microsoft.NETCore.App.Ref\8.0.20\ref\net8.0\System.IO.FileSystem.Primitives.dll" /reference:"C:\Program Files\dotnet\packs\Microsoft.NETCore.App.Ref\8.0.20\ref\net8.0\System.IO.FileSystem.Watcher.dll" /reference:"C:\Program Files\dotnet\packs\Microsoft.NETCore.App.Ref\8.0.20\ref\net8.0\System.IO.IsolatedStorage.dll" /reference:"C:\Program Files\dotnet\packs\Microsoft.NETCore.App.Ref\8.0.20\ref\net8.0\System.IO.MemoryMappedFiles.dll" /reference:"C:\Program Files\dotnet\packs\Microsoft.AspNetCore.App.Ref\8.0.20\ref\net8.0\System.IO.Pipelines.dll" /reference:"C:\Program Files\dotnet\packs\Microsoft.NETCore.App.Ref\8.0.20\ref\net8.0\System.IO.Pipes.AccessControl.dll" /reference:"C:\Program Files\dotnet\packs\Microsoft.NETCore.App.Ref\8.0.20\ref\net8.0\System.IO.Pipes.dll" /reference:"C:\Program Files\dotnet\packs\Microsoft.NETCore.App.Ref\8.0.20\ref\net8.0\System.IO.UnmanagedMemoryStream.dll" /reference:"C:\Program Files\dotnet\packs\Microsoft.NETCore.App.Ref\8.0.20\ref\net8.0\System.Linq.dll" /reference:"C:\Program Files\dotnet\packs\Microsoft.NETCore.App.Ref\8.0.20\ref\net8.0\System.Linq.Expressions.dll" /reference:"C:\Program Files\dotnet\packs\Microsoft.NETCore.App.Ref\8.0.20\ref\net8.0\System.Linq.Parallel.dll" /reference:"C:\Program Files\dotnet\packs\Microsoft.NETCore.App.Ref\8.0.20\ref\net8.0\System.Linq.Queryable.dll" /reference:"C:\Program Files\dotnet\packs\Microsoft.NETCore.App.Ref\8.0.20\ref\net8.0\System.Memory.dll" /reference:"C:\Program Files\dotnet\packs\Microsoft.NETCore.App.Ref\8.0.20\ref\net8.0\System.Net.dll" /reference:"C:\Program Files\dotnet\packs\Microsoft.NETCore.App.Ref\8.0.20\ref\net8.0\System.Net.Http.dll" /reference:"C:\Program Files\dotnet\packs\Microsoft.NETCore.App.Ref\8.0.20\ref\net8.0\System.Net.Http.Json.dll" /reference:"C:\Program Files\dotnet\packs\Microsoft.NETCore.App.Ref\8.0.20\ref\net8.0\System.Net.HttpListener.dll" /reference:"C:\Program Files\dotnet\packs\Microsoft.NETCore.App.Ref\8.0.20\ref\net8.0\System.Net.Mail.dll" /reference:"C:\Program Files\dotnet\packs\Microsoft.NETCore.App.Ref\8.0.20\ref\net8.0\System.Net.NameResolution.dll" /reference:"C:\Program Files\dotnet\packs\Microsoft.NETCore.App.Ref\8.0.20\ref\net8.0\System.Net.NetworkInformation.dll" /reference:"C:\Program Files\dotnet\packs\Microsoft.NETCore.App.Ref\8.0.20\ref\net8.0\System.Net.Ping.dll" /reference:"C:\Program Files\dotnet\packs\Microsoft.NETCore.App.Ref\8.0.20\ref\net8.0\System.Net.Primitives.dll" /reference:"C:\Program Files\dotnet\packs\Microsoft.NETCore.App.Ref\8.0.20\ref\net8.0\System.Net.Quic.dll" /reference:"C:\Program Files\dotnet\packs\Microsoft.NETCore.App.Ref\8.0.20\ref\net8.0\System.Net.Requests.dll" /reference:"C:\Program Files\dotnet\packs\Microsoft.NETCore.App.Ref\8.0.20\ref\net8.0\System.Net.Security.dll" /reference:"C:\Program Files\dotnet\packs\Microsoft.NETCore.App.Ref\8.0.20\ref\net8.0\System.Net.ServicePoint.dll" /reference:"C:\Program Files\dotnet\packs\Microsoft.NETCore.App.Ref\8.0.20\ref\net8.0\System.Net.Sockets.dll" /reference:"C:\Program Files\dotnet\packs\Microsoft.NETCore.App.Ref\8.0.20\ref\net8.0\System.Net.WebClient.dll" /reference:"C:\Program Files\dotnet\packs\Microsoft.NETCore.App.Ref\8.0.20\ref\net8.0\System.Net.WebHeaderCollection.dll" /reference:"C:\Program Files\dotnet\packs\Microsoft.NETCore.App.Ref\8.0.20\ref\net8.0\System.Net.WebProxy.dll" /reference:"C:\Program Files\dotnet\packs\Microsoft.NETCore.App.Ref\8.0.20\ref\net8.0\System.Net.WebSockets.Client.dll" /reference:"C:\Program Files\dotnet\packs\Microsoft.NETCore.App.Ref\8.0.20\ref\net8.0\System.Net.WebSockets.dll" /reference:"C:\Program Files\dotnet\packs\Microsoft.NETCore.App.Ref\8.0.20\ref\net8.0\System.Numerics.dll" /reference:"C:\Program Files\dotnet\packs\Microsoft.NETCore.App.Ref\8.0.20\ref\net8.0\System.Numerics.Vectors.dll" /reference:"C:\Program Files\dotnet\packs\Microsoft.NETCore.App.Ref\8.0.20\ref\net8.0\System.ObjectModel.dll" /reference:"C:\Program Files\dotnet\packs\Microsoft.NETCore.App.Ref\8.0.20\ref\net8.0\System.Reflection.DispatchProxy.dll" /reference:"C:\Program Files\dotnet\packs\Microsoft.NETCore.App.Ref\8.0.20\ref\net8.0\System.Reflection.dll" /reference:"C:\Program Files\dotnet\packs\Microsoft.NETCore.App.Ref\8.0.20\ref\net8.0\System.Reflection.Emit.dll" /reference:"C:\Program Files\dotnet\packs\Microsoft.NETCore.App.Ref\8.0.20\ref\net8.0\System.Reflection.Emit.ILGeneration.dll" /reference:"C:\Program Files\dotnet\packs\Microsoft.NETCore.App.Ref\8.0.20\ref\net8.0\System.Reflection.Emit.Lightweight.dll" /reference:"C:\Program Files\dotnet\packs\Microsoft.NETCore.App.Ref\8.0.20\ref\net8.0\System.Reflection.Extensions.dll" /reference:"C:\Program Files\dotnet\packs\Microsoft.NETCore.App.Ref\8.0.20\ref\net8.0\System.Reflection.Metadata.dll" /reference:"C:\Program Files\dotnet\packs\Microsoft.NETCore.App.Ref\8.0.20\ref\net8.0\System.Reflection.Primitives.dll" /reference:"C:\Program Files\dotnet\packs\Microsoft.NETCore.App.Ref\8.0.20\ref\net8.0\System.Reflection.TypeExtensions.dll" /reference:"C:\Program Files\dotnet\packs\Microsoft.NETCore.App.Ref\8.0.20\ref\net8.0\System.Resources.Reader.dll" /reference:"C:\Program Files\dotnet\packs\Microsoft.NETCore.App.Ref\8.0.20\ref\net8.0\System.Resources.ResourceManager.dll" /reference:"C:\Program Files\dotnet\packs\Microsoft.NETCore.App.Ref\8.0.20\ref\net8.0\System.Resources.Writer.dll" /reference:"C:\Program Files\dotnet\packs\Microsoft.NETCore.App.Ref\8.0.20\ref\net8.0\System.Runtime.CompilerServices.Unsafe.dll" /reference:"C:\Program Files\dotnet\packs\Microsoft.NETCore.App.Ref\8.0.20\ref\net8.0\System.Runtime.CompilerServices.VisualC.dll" /reference:"C:\Program Files\dotnet\packs\Microsoft.NETCore.App.Ref\8.0.20\ref\net8.0\System.Runtime.dll" /reference:"C:\Program Files\dotnet\packs\Microsoft.NETCore.App.Ref\8.0.20\ref\net8.0\System.Runtime.Extensions.dll" /reference:"C:\Program Files\dotnet\packs\Microsoft.NETCore.App.Ref\8.0.20\ref\net8.0\System.Runtime.Handles.dll" /reference:"C:\Program Files\dotnet\packs\Microsoft.NETCore.App.Ref\8.0.20\ref\net8.0\System.Runtime.InteropServices.dll" /reference:"C:\Program Files\dotnet\packs\Microsoft.NETCore.App.Ref\8.0.20\ref\net8.0\System.Runtime.InteropServices.JavaScript.dll" /reference:"C:\Program Files\dotnet\packs\Microsoft.NETCore.App.Ref\8.0.20\ref\net8.0\System.Runtime.InteropServices.RuntimeInformation.dll" /reference:"C:\Program Files\dotnet\packs\Microsoft.NETCore.App.Ref\8.0.20\ref\net8.0\System.Runtime.Intrinsics.dll" /reference:"C:\Program Files\dotnet\packs\Microsoft.NETCore.App.Ref\8.0.20\ref\net8.0\System.Runtime.Loader.dll" /reference:"C:\Program Files\dotnet\packs\Microsoft.NETCore.App.Ref\8.0.20\ref\net8.0\System.Runtime.Numerics.dll" /reference:"C:\Program Files\dotnet\packs\Microsoft.NETCore.App.Ref\8.0.20\ref\net8.0\System.Runtime.Serialization.dll" /reference:"C:\Program Files\dotnet\packs\Microsoft.NETCore.App.Ref\8.0.20\ref\net8.0\System.Runtime.Serialization.Formatters.dll" /reference:"C:\Program Files\dotnet\packs\Microsoft.NETCore.App.Ref\8.0.20\ref\net8.0\System.Runtime.Serialization.Json.dll" /reference:"C:\Program Files\dotnet\packs\Microsoft.NETCore.App.Ref\8.0.20\ref\net8.0\System.Runtime.Serialization.Primitives.dll" /reference:"C:\Program Files\dotnet\packs\Microsoft.NETCore.App.Ref\8.0.20\ref\net8.0\System.Runtime.Serialization.Xml.dll" /reference:"C:\Program Files\dotnet\packs\Microsoft.NETCore.App.Ref\8.0.20\ref\net8.0\System.Security.AccessControl.dll" /reference:"C:\Program Files\dotnet\packs\Microsoft.NETCore.App.Ref\8.0.20\ref\net8.0\System.Security.Claims.dll" /reference:"C:\Program Files\dotnet\packs\Microsoft.NETCore.App.Ref\8.0.20\ref\net8.0\System.Security.Cryptography.Algorithms.dll" /reference:"C:\Program Files\dotnet\packs\Microsoft.NETCore.App.Ref\8.0.20\ref\net8.0\System.Security.Cryptography.Cng.dll" /reference:"C:\Program Files\dotnet\packs\Microsoft.NETCore.App.Ref\8.0.20\ref\net8.0\System.Security.Cryptography.Csp.dll" /reference:"C:\Program Files\dotnet\packs\Microsoft.NETCore.App.Ref\8.0.20\ref\net8.0\System.Security.Cryptography.dll" /reference:"C:\Program Files\dotnet\packs\Microsoft.NETCore.App.Ref\8.0.20\ref\net8.0\System.Security.Cryptography.Encoding.dll" /reference:"C:\Program Files\dotnet\packs\Microsoft.NETCore.App.Ref\8.0.20\ref\net8.0\System.Security.Cryptography.OpenSsl.dll" /reference:"C:\Program Files\dotnet\packs\Microsoft.NETCore.App.Ref\8.0.20\ref\net8.0\System.Security.Cryptography.Primitives.dll" /reference:C:\Users\Lenovo\.nuget\packages\system.security.cryptography.protecteddata\6.0.0\lib\net6.0\System.Security.Cryptography.ProtectedData.dll /reference:"C:\Program Files\dotnet\packs\Microsoft.NETCore.App.Ref\8.0.20\ref\net8.0\System.Security.Cryptography.X509Certificates.dll" /reference:"C:\Program Files\dotnet\packs\Microsoft.AspNetCore.App.Ref\8.0.20\ref\net8.0\System.Security.Cryptography.Xml.dll" /reference:"C:\Program Files\dotnet\packs\Microsoft.NETCore.App.Ref\8.0.20\ref\net8.0\System.Security.dll" /reference:C:\Users\Lenovo\.nuget\packages\system.security.permissions\6.0.0\lib\net6.0\System.Security.Permissions.dll /reference:"C:\Program Files\dotnet\packs\Microsoft.NETCore.App.Ref\8.0.20\ref\net8.0\System.Security.Principal.dll" /reference:"C:\Program Files\dotnet\packs\Microsoft.NETCore.App.Ref\8.0.20\ref\net8.0\System.Security.Principal.Windows.dll" /reference:"C:\Program Files\dotnet\packs\Microsoft.NETCore.App.Ref\8.0.20\ref\net8.0\System.Security.SecureString.dll" /reference:"C:\Program Files\dotnet\packs\Microsoft.NETCore.App.Ref\8.0.20\ref\net8.0\System.ServiceModel.Web.dll" /reference:"C:\Program Files\dotnet\packs\Microsoft.NETCore.App.Ref\8.0.20\ref\net8.0\System.ServiceProcess.dll" /reference:"C:\Program Files\dotnet\packs\Microsoft.NETCore.App.Ref\8.0.20\ref\net8.0\System.Text.Encoding.CodePages.dll" /reference:"C:\Program Files\dotnet\packs\Microsoft.NETCore.App.Ref\8.0.20\ref\net8.0\System.Text.Encoding.dll" /reference:"C:\Program Files\dotnet\packs\Microsoft.NETCore.App.Ref\8.0.20\ref\net8.0\System.Text.Encoding.Extensions.dll" /reference:"C:\Program Files\dotnet\packs\Microsoft.NETCore.App.Ref\8.0.20\ref\net8.0\System.Text.Encodings.Web.dll" /reference:"C:\Program Files\dotnet\packs\Microsoft.NETCore.App.Ref\8.0.20\ref\net8.0\System.Text.Json.dll" /reference:"C:\Program Files\dotnet\packs\Microsoft.NETCore.App.Ref\8.0.20\ref\net8.0\System.Text.RegularExpressions.dll" /reference:"C:\Program Files\dotnet\packs\Microsoft.NETCore.App.Ref\8.0.20\ref\net8.0\System.Threading.Channels.dll" /reference:"C:\Program Files\dotnet\packs\Microsoft.NETCore.App.Ref\8.0.20\ref\net8.0\System.Threading.dll" /reference:"C:\Program Files\dotnet\packs\Microsoft.NETCore.App.Ref\8.0.20\ref\net8.0\System.Threading.Overlapped.dll" /reference:"C:\Program Files\dotnet\packs\Microsoft.AspNetCore.App.Ref\8.0.20\ref\net8.0\System.Threading.RateLimiting.dll" /reference:"C:\Program Files\dotnet\packs\Microsoft.NETCore.App.Ref\8.0.20\ref\net8.0\System.Threading.Tasks.Dataflow.dll" /reference:"C:\Program Files\dotnet\packs\Microsoft.NETCore.App.Ref\8.0.20\ref\net8.0\System.Threading.Tasks.dll" /reference:"C:\Program Files\dotnet\packs\Microsoft.NETCore.App.Ref\8.0.20\ref\net8.0\System.Threading.Tasks.Extensions.dll" /reference:"C:\Program Files\dotnet\packs\Microsoft.NETCore.App.Ref\8.0.20\ref\net8.0\System.Threading.Tasks.Parallel.dll" /reference:"C:\Program Files\dotnet\packs\Microsoft.NETCore.App.Ref\8.0.20\ref\net8.0\System.Threading.Thread.dll" /reference:"C:\Program Files\dotnet\packs\Microsoft.NETCore.App.Ref\8.0.20\ref\net8.0\System.Threading.ThreadPool.dll" /reference:"C:\Program Files\dotnet\packs\Microsoft.NETCore.App.Ref\8.0.20\ref\net8.0\System.Threading.Timer.dll" /reference:"C:\Program Files\dotnet\packs\Microsoft.NETCore.App.Ref\8.0.20\ref\net8.0\System.Transactions.dll" /reference:"C:\Program Files\dotnet\packs\Microsoft.NETCore.App.Ref\8.0.20\ref\net8.0\System.Transactions.Local.dll" /reference:"C:\Program Files\dotnet\packs\Microsoft.NETCore.App.Ref\8.0.20\ref\net8.0\System.ValueTuple.dll" /reference:"C:\Program Files\dotnet\packs\Microsoft.NETCore.App.Ref\8.0.20\ref\net8.0\System.Web.dll" /reference:"C:\Program Files\dotnet\packs\Microsoft.NETCore.App.Ref\8.0.20\ref\net8.0\System.Web.HttpUtility.dll" /reference:"C:\Program Files\dotnet\packs\Microsoft.NETCore.App.Ref\8.0.20\ref\net8.0\System.Windows.dll" /reference:C:\Users\Lenovo\.nuget\packages\system.windows.extensions\6.0.0\lib\net6.0\System.Windows.Extensions.dll /reference:"C:\Program Files\dotnet\packs\Microsoft.NETCore.App.Ref\8.0.20\ref\net8.0\System.Xml.dll" /reference:"C:\Program Files\dotnet\packs\Microsoft.NETCore.App.Ref\8.0.20\ref\net8.0\System.Xml.Linq.dll" /reference:"C:\Program Files\dotnet\packs\Microsoft.NETCore.App.Ref\8.0.20\ref\net8.0\System.Xml.ReaderWriter.dll" /reference:"C:\Program Files\dotnet\packs\Microsoft.NETCore.App.Ref\8.0.20\ref\net8.0\System.Xml.Serialization.dll" /reference:"C:\Program Files\dotnet\packs\Microsoft.NETCore.App.Ref\8.0.20\ref\net8.0\System.Xml.XDocument.dll" /reference:"C:\Program Files\dotnet\packs\Microsoft.NETCore.App.Ref\8.0.20\ref\net8.0\System.Xml.XmlDocument.dll" /reference:"C:\Program Files\dotnet\packs\Microsoft.NETCore.App.Ref\8.0.20\ref\net8.0\System.Xml.XmlSerializer.dll" /reference:"C:\Program Files\dotnet\packs\Microsoft.NETCore.App.Ref\8.0.20\ref\net8.0\System.Xml.XPath.dll" /reference:"C:\Program Files\dotnet\packs\Microsoft.NETCore.App.Ref\8.0.20\ref\net8.0\System.Xml.XPath.XDocument.dll" /reference:C:\Users\Lenovo\.nuget\packages\testcontainers\4.2.0\lib\net8.0\Testcontainers.dll /reference:C:\Users\Lenovo\.nuget\packages\testcontainers.postgresql\4.2.0\lib\net8.0\Testcontainers.PostgreSql.dll /reference:C:\Users\Lenovo\.nuget\packages\testcontainers.redis\4.2.0\lib\net8.0\Testcontainers.Redis.dll /reference:C:\Users\Lenovo\.nuget\packages\microsoft.testplatform.testhost\17.8.0\lib\netcoreapp3.1\testhost.dll /reference:"C:\Program Files\dotnet\packs\Microsoft.NETCore.App.Ref\8.0.20\ref\net8.0\WindowsBase.dll" /reference:C:\Users\Lenovo\.nuget\packages\xunit.abstractions\2.0.3\lib\netstandard2.0\xunit.abstractions.dll /reference:C:\Users\Lenovo\.nuget\packages\xunit.assert\2.5.3\lib\netstandard1.1\xunit.assert.dll /reference:C:\Users\Lenovo\.nuget\packages\xunit.extensibility.core\2.5.3\lib\netstandard1.1\xunit.core.dll /reference:C:\Users\Lenovo\.nuget\packages\xunit.extensibility.execution\2.5.3\lib\netstandard1.1\xunit.execution.dotnet.dll /debug+ /debug:portable /filealign:512 /optimize- /out:obj\Debug\net8.0\AuctionNest.IntegrationTests.dll /refout:obj\Debug\net8.0\refint\AuctionNest.IntegrationTests.dll /target:exe /warnaserror- /utf8output /deterministic+ /sourcelink:obj\Debug\net8.0\AuctionNest.IntegrationTests.sourcelink.json /langversion:12.0 /embed:C:\Users\Lenovo\.nuget\packages\microsoft.net.test.sdk\17.8.0\build\netcoreapp3.1\Microsoft.NET.Test.Sdk.Program.cs /embed:obj\Debug\net8.0\AuctionNest.IntegrationTests.GlobalUsings.g.cs /embed:"obj\Debug\net8.0\.NETCoreApp,Version=v8.0.AssemblyAttributes.cs" /embed:obj\Debug\net8.0\AuctionNest.IntegrationTests.AssemblyInfo.cs /analyzerconfig:obj\Debug\net8.0\AuctionNest.IntegrationTests.GeneratedMSBuildEditorConfig.editorconfig /analyzerconfig:"C:\Program Files\dotnet\sdk\8.0.414\Sdks\Microsoft.NET.Sdk\analyzers\build\config\analysislevel_8_default.globalconfig" /analyzer:"C:\Program Files\dotnet\sdk\8.0.414\Sdks\Microsoft.NET.Sdk\targets\..\analyzers\Microsoft.CodeAnalysis.CSharp.NetAnalyzers.dll" /analyzer:"C:\Program Files\dotnet\sdk\8.0.414\Sdks\Microsoft.NET.Sdk\targets\..\analyzers\Microsoft.CodeAnalysis.NetAnalyzers.dll" /analyzer:C:\Users\Lenovo\.nuget\packages\microsoft.entityframeworkcore.analyzers\8.0.11\analyzers\dotnet\cs\Microsoft.EntityFrameworkCore.Analyzers.dll /analyzer:C:\Users\Lenovo\.nuget\packages\xunit.analyzers\1.4.0\analyzers\dotnet\cs\xunit.analyzers.dll /analyzer:C:\Users\Lenovo\.nuget\packages\xunit.analyzers\1.4.0\analyzers\dotnet\cs\xunit.analyzers.fixes.dll /analyzer:"C:\Program Files\dotnet\packs\Microsoft.NETCore.App.Ref\8.0.20\analyzers/dotnet/cs/Microsoft.Interop.ComInterfaceGenerator.dll" /analyzer:"C:\Program Files\dotnet\packs\Microsoft.NETCore.App.Ref\8.0.20\analyzers/dotnet/cs/Microsoft.Interop.JavaScript.JSImportGenerator.dll" /analyzer:"C:\Program Files\dotnet\packs\Microsoft.NETCore.App.Ref\8.0.20\analyzers/dotnet/cs/Microsoft.Interop.LibraryImportGenerator.dll" /analyzer:"C:\Program Files\dotnet\packs\Microsoft.NETCore.App.Ref\8.0.20\analyzers/dotnet/cs/Microsoft.Interop.SourceGeneration.dll" /analyzer:"C:\Program Files\dotnet\packs\Microsoft.NETCore.App.Ref\8.0.20\analyzers/dotnet/cs/System.Text.Json.SourceGeneration.dll" /analyzer:"C:\Program Files\dotnet\packs\Microsoft.NETCore.App.Ref\8.0.20\analyzers/dotnet/cs/System.Text.RegularExpressions.Generator.dll" /analyzer:"C:\Program Files\dotnet\packs\Microsoft.AspNetCore.App.Ref\8.0.20\analyzers/dotnet/cs/Microsoft.AspNetCore.App.Analyzers.dll" /analyzer:"C:\Program Files\dotnet\packs\Microsoft.AspNetCore.App.Ref\8.0.20\analyzers/dotnet/cs/Microsoft.AspNetCore.App.CodeFixes.dll" /analyzer:"C:\Program Files\dotnet\packs\Microsoft.AspNetCore.App.Ref\8.0.20\analyzers/dotnet/cs/Microsoft.AspNetCore.Components.Analyzers.dll" /analyzer:"C:\Program Files\dotnet\packs\Microsoft.AspNetCore.App.Ref\8.0.20\analyzers/dotnet/roslyn4.4/cs/Microsoft.Extensions.Logging.Generators.dll" /analyzer:"C:\Program Files\dotnet\packs\Microsoft.AspNetCore.App.Ref\8.0.20\analyzers/dotnet/roslyn4.4/cs/Microsoft.Extensions.Options.SourceGeneration.dll" Auctions\AuctionsControllerTests.cs Auth\AuthControllerTests.cs Common\IntegrationTestBase.cs Common\WebAppFactory.cs C:\Users\Lenovo\.nuget\packages\microsoft.net.test.sdk\17.8.0\build\netcoreapp3.1\Microsoft.NET.Test.Sdk.Program.cs obj\Debug\net8.0\AuctionNest.IntegrationTests.GlobalUsings.g.cs "obj\Debug\net8.0\.NETCoreApp,Version=v8.0.AssemblyAttributes.cs" obj\Debug\net8.0\AuctionNest.IntegrationTests.AssemblyInfo.cs /warnaserror+:NU1605,SYSLIB0011
     1>D:\aprojects\AuctionNest\backend\tests\AuctionNest.IntegrationTests\Auth\AuthControllerTests.cs(200,27): warning CS0108: 'AuthControllerTests.AuthBody' hides inherited member 'IntegrationTestBase.AuthBody'. Use the new keyword if hiding was intended. [D:\aprojects\AuctionNest\backend\tests\AuctionNest.IntegrationTests\AuctionNest.IntegrationTests.csproj]
         CompilerServer: server - server processed compilation - AuctionNest.IntegrationTests (net8.0)
       _CopyOutOfDateSourceItemsToOutputDirectory:
       Building target "_CopyOutOfDateSourceItemsToOutputDirectory" partially, because some output files are out of date with respect to their input files.
         Copying file from "D:\aprojects\AuctionNest\backend\tests\AuctionNest.IntegrationTests\obj\Debug\net8.0\MvcTestingAppManifest.json" to "D:\aprojects\AuctionNest\backend\tests\AuctionNest.IntegrationTests\bin\Debug\net8.0\MvcTestingAppManifest.json".
       GenerateBuildDependencyFile:
       Skipping target "GenerateBuildDependencyFile" because all output files are up-to-date with respect to the input files.
       GenerateBuildRuntimeConfigurationFiles:
       Skipping target "GenerateBuildRuntimeConfigurationFiles" because all output files are up-to-date with respect to the input files.
       CopyFilesToOutputDirectory:
         Copying file from "D:\aprojects\AuctionNest\backend\tests\AuctionNest.IntegrationTests\obj\Debug\net8.0\AuctionNest.IntegrationTests.dll" to "D:\aprojects\AuctionNest\backend\tests\AuctionNest.IntegrationTests\bin\Debug\net8.0\AuctionNest.IntegrationTests.dll".
         AuctionNest.IntegrationTests -> D:\aprojects\AuctionNest\backend\tests\AuctionNest.IntegrationTests\bin\Debug\net8.0\AuctionNest.IntegrationTests.dll
         Copying file from "D:\aprojects\AuctionNest\backend\tests\AuctionNest.IntegrationTests\obj\Debug\net8.0\AuctionNest.IntegrationTests.pdb" to "D:\aprojects\AuctionNest\backend\tests\AuctionNest.IntegrationTests\bin\Debug\net8.0\AuctionNest.IntegrationTests.pdb".
       _MvcCopyDependencyFiles:
         Copying file from "D:\aprojects\AuctionNest\backend\src\AuctionNest.API\bin\Debug\net8.0\AuctionNest.API.deps.json" to "D:\aprojects\AuctionNest\backend\tests\AuctionNest.IntegrationTests\bin\Debug\net8.0\AuctionNest.API.deps.json".
         Copying file from "D:\aprojects\AuctionNest\backend\src\AuctionNest.Application\bin\Debug\net8.0\AuctionNest.Application.deps.json" to "D:\aprojects\AuctionNest\backend\tests\AuctionNest.IntegrationTests\bin\Debug\net8.0\AuctionNest.Application.deps.json".
         Copying file from "D:\aprojects\AuctionNest\backend\src\AuctionNest.Domain\bin\Debug\net8.0\AuctionNest.Domain.deps.json" to "D:\aprojects\AuctionNest\backend\tests\AuctionNest.IntegrationTests\bin\Debug\net8.0\AuctionNest.Domain.deps.json".
         Copying file from "D:\aprojects\AuctionNest\backend\src\AuctionNest.Infrastructure\bin\Debug\net8.0\AuctionNest.Infrastructure.deps.json" to "D:\aprojects\AuctionNest\backend\tests\AuctionNest.IntegrationTests\bin\Debug\net8.0\AuctionNest.Infrastructure.deps.json".
     1>Done Building Project "D:\aprojects\AuctionNest\backend\tests\AuctionNest.IntegrationTests\AuctionNest.IntegrationTests.csproj" (default targets).
     1>BuildProject:
         Build completed.
         
Test run for D:\aprojects\AuctionNest\backend\tests\AuctionNest.IntegrationTests\bin\Debug\net8.0\AuctionNest.IntegrationTests.dll (.NETCoreApp,Version=v8.0)
VSTest version 17.11.1 (x64)

Starting test execution, please wait...
A total of 1 test files matched the specified pattern.
[xUnit.net 00:00:00.00] xUnit.net VSTest Adapter v2.5.3.1+6b60a9e56a (64-bit .NET 8.0.20)
[xUnit.net 00:00:00.09]   Discovering: AuctionNest.IntegrationTests
[xUnit.net 00:00:00.12]   Discovered:  AuctionNest.IntegrationTests
[xUnit.net 00:00:00.13]   Starting:    AuctionNest.IntegrationTests
[testcontainers.org 00:00:00.17] Connected to Docker:
  Host: npipe://./pipe/docker_engine
  Server Version: 29.4.1
  Kernel Version: 6.6.87.2-microsoft-standard-WSL2
  API Version: 1.54
  Operating System: Docker Desktop
  Total Memory: 3.76 GB
  Labels: 
    com.docker.desktop.address=npipe://\\.\pipe\docker_cli
[testcontainers.org 00:00:00.44] Docker container 58136ec6a413 created
[testcontainers.org 00:00:00.55] Start Docker container 58136ec6a413
[testcontainers.org 00:00:00.95] Wait for Docker container 58136ec6a413 to complete readiness checks
[testcontainers.org 00:00:00.96] Docker container 58136ec6a413 ready
[testcontainers.org 00:00:01.31] Docker container 347dc4b16704 created
[testcontainers.org 00:00:01.31] Docker container e95df5d00b48 created
[testcontainers.org 00:00:01.35] Docker container 3b808b5a8e2e created
[testcontainers.org 00:00:01.36] Start Docker container e95df5d00b48
[testcontainers.org 00:00:01.36] Docker container b64d51912482 created
[testcontainers.org 00:00:01.38] Start Docker container 347dc4b16704
[testcontainers.org 00:00:01.40] Start Docker container 3b808b5a8e2e
[testcontainers.org 00:00:01.40] Start Docker container b64d51912482
[testcontainers.org 00:00:02.03] Wait for Docker container 347dc4b16704 to complete readiness checks
[testcontainers.org 00:00:02.06] Execute "redis-cli ping" at Docker container 347dc4b16704
[testcontainers.org 00:00:02.09] Wait for Docker container e95df5d00b48 to complete readiness checks
[testcontainers.org 00:00:02.12] Execute "redis-cli ping" at Docker container e95df5d00b48
[testcontainers.org 00:00:02.16] Wait for Docker container b64d51912482 to complete readiness checks
[testcontainers.org 00:00:02.19] Execute "pg_isready --host localhost --dbname auctionnest_test --username postgres" at Docker container b64d51912482
[testcontainers.org 00:00:02.25] Docker container e95df5d00b48 ready
[testcontainers.org 00:00:02.25] Docker container 347dc4b16704 ready
[testcontainers.org 00:00:02.27] Wait for Docker container 3b808b5a8e2e to complete readiness checks
[testcontainers.org 00:00:02.29] Execute "pg_isready --host localhost --dbname auctionnest_test --username postgres" at Docker container 3b808b5a8e2e
[testcontainers.org 00:00:03.34] Execute "pg_isready --host localhost --dbname auctionnest_test --username postgres" at Docker container b64d51912482
[testcontainers.org 00:00:03.42] Execute "pg_isready --host localhost --dbname auctionnest_test --username postgres" at Docker container 3b808b5a8e2e
[testcontainers.org 00:00:04.50] Execute "pg_isready --host localhost --dbname auctionnest_test --username postgres" at Docker container b64d51912482
[testcontainers.org 00:00:04.54] Execute "pg_isready --host localhost --dbname auctionnest_test --username postgres" at Docker container 3b808b5a8e2e
[testcontainers.org 00:00:05.63] Execute "pg_isready --host localhost --dbname auctionnest_test --username postgres" at Docker container b64d51912482
[testcontainers.org 00:00:05.64] Execute "pg_isready --host localhost --dbname auctionnest_test --username postgres" at Docker container 3b808b5a8e2e
[testcontainers.org 00:00:06.73] Execute "pg_isready --host localhost --dbname auctionnest_test --username postgres" at Docker container b64d51912482
[testcontainers.org 00:00:06.75] Execute "pg_isready --host localhost --dbname auctionnest_test --username postgres" at Docker container 3b808b5a8e2e
[testcontainers.org 00:00:06.85] Docker container b64d51912482 ready
[testcontainers.org 00:00:06.86] Docker container 3b808b5a8e2e ready
info: Hangfire.PostgreSql.PostgreSqlStorage[0]
      Start installing Hangfire SQL objects...
info: Hangfire.PostgreSql.PostgreSqlStorage[0]
      Start installing Hangfire SQL objects...
info: Hangfire.PostgreSql.PostgreSqlStorage[0]
      Hangfire SQL objects installed.
info: Hangfire.PostgreSql.PostgreSqlStorage[0]
      Hangfire SQL objects installed.
warn: Microsoft.EntityFrameworkCore.Model.Validation[10622]
      Entity 'Category' has a global query filter defined and is the required end of a relationship with the entity 'Auction'. This may lead to unexpected results when the required entity is filtered out. Either configure the navigation as optional, or define matching query filters for both entities in the navigation. See https://go.microsoft.com/fwlink/?linkid=2131316 for more information.
warn: Microsoft.EntityFrameworkCore.Model.Validation[10622]
      Entity 'User' has a global query filter defined and is the required end of a relationship with the entity 'Bid'. This may lead to unexpected results when the required entity is filtered out. Either configure the navigation as optional, or define matching query filters for both entities in the navigation. See https://go.microsoft.com/fwlink/?linkid=2131316 for more information.
warn: Microsoft.EntityFrameworkCore.Model.Validation[10622]
      Entity 'User' has a global query filter defined and is the required end of a relationship with the entity 'Notification'. This may lead to unexpected results when the required entity is filtered out. Either configure the navigation as optional, or define matching query filters for both entities in the navigation. See https://go.microsoft.com/fwlink/?linkid=2131316 for more information.
warn: Microsoft.EntityFrameworkCore.Model.Validation[10622]
      Entity 'User' has a global query filter defined and is the required end of a relationship with the entity 'WatchList'. This may lead to unexpected results when the required entity is filtered out. Either configure the navigation as optional, or define matching query filters for both entities in the navigation. See https://go.microsoft.com/fwlink/?linkid=2131316 for more information.
info: Microsoft.EntityFrameworkCore.Database.Command[20101]
      Executed DbCommand (12ms) [Parameters=[], CommandType='Text', CommandTimeout='30']
      SELECT EXISTS (
    SELECT 1 FROM pg_catalog.pg_class c
    JOIN pg_catalog.pg_namespace n ON n.oid=c.relnamespace
    WHERE n.nspname='public' AND
          c.relname='__EFMigrationsHistory'
)
info: Microsoft.EntityFrameworkCore.Database.Command[20101]
      Executed DbCommand (12ms) [Parameters=[], CommandType='Text', CommandTimeout='30']
      SELECT EXISTS (
    SELECT 1 FROM pg_catalog.pg_class c
    JOIN pg_catalog.pg_namespace n ON n.oid=c.relnamespace
    WHERE n.nspname='public' AND
          c.relname='__EFMigrationsHistory'
)
info: Microsoft.EntityFrameworkCore.Database.Command[20101]
      Executed DbCommand (6ms) [Parameters=[], CommandType='Text', CommandTimeout='30']
      SELECT EXISTS (
    SELECT 1 FROM pg_catalog.pg_class c
    JOIN pg_catalog.pg_namespace n ON n.oid=c.relnamespace
    WHERE n.nspname='public' AND
          c.relname='__EFMigrationsHistory'
)
info: Microsoft.EntityFrameworkCore.Database.Command[20101]
      Executed DbCommand (6ms) [Parameters=[], CommandType='Text', CommandTimeout='30']
      SELECT EXISTS (
    SELECT 1 FROM pg_catalog.pg_class c
    JOIN pg_catalog.pg_namespace n ON n.oid=c.relnamespace
    WHERE n.nspname='public' AND
          c.relname='__EFMigrationsHistory'
)
info: Microsoft.EntityFrameworkCore.Database.Command[20101]
      Executed DbCommand (4ms) [Parameters=[], CommandType='Text', CommandTimeout='30']
      CREATE TABLE "__EFMigrationsHistory" (
          migration_id character varying(150) NOT NULL,
          product_version character varying(32) NOT NULL,
          CONSTRAINT pk___ef_migrations_history PRIMARY KEY (migration_id)
      );
info: Microsoft.EntityFrameworkCore.Database.Command[20101]
      Executed DbCommand (4ms) [Parameters=[], CommandType='Text', CommandTimeout='30']
      CREATE TABLE "__EFMigrationsHistory" (
          migration_id character varying(150) NOT NULL,
          product_version character varying(32) NOT NULL,
          CONSTRAINT pk___ef_migrations_history PRIMARY KEY (migration_id)
      );
info: Microsoft.EntityFrameworkCore.Database.Command[20101]
      Executed DbCommand (2ms) [Parameters=[], CommandType='Text', CommandTimeout='30']
      SELECT EXISTS (
    SELECT 1 FROM pg_catalog.pg_class c
    JOIN pg_catalog.pg_namespace n ON n.oid=c.relnamespace
    WHERE n.nspname='public' AND
          c.relname='__EFMigrationsHistory'
)
info: Microsoft.EntityFrameworkCore.Database.Command[20101]
      Executed DbCommand (2ms) [Parameters=[], CommandType='Text', CommandTimeout='30']
      SELECT EXISTS (
    SELECT 1 FROM pg_catalog.pg_class c
    JOIN pg_catalog.pg_namespace n ON n.oid=c.relnamespace
    WHERE n.nspname='public' AND
          c.relname='__EFMigrationsHistory'
)
info: Microsoft.EntityFrameworkCore.Database.Command[20101]
      Executed DbCommand (3ms) [Parameters=[], CommandType='Text', CommandTimeout='30']
      SELECT migration_id, product_version
      FROM "__EFMigrationsHistory"
      ORDER BY migration_id;
info: Microsoft.EntityFrameworkCore.Database.Command[20101]
      Executed DbCommand (3ms) [Parameters=[], CommandType='Text', CommandTimeout='30']
      SELECT migration_id, product_version
      FROM "__EFMigrationsHistory"
      ORDER BY migration_id;
info: Microsoft.EntityFrameworkCore.Migrations[20402]
      Applying migration '20260614133011_InitialSchema'.
info: Microsoft.EntityFrameworkCore.Migrations[20402]
      Applying migration '20260614133011_InitialSchema'.
info: Microsoft.EntityFrameworkCore.Database.Command[20101]
      Executed DbCommand (4ms) [Parameters=[], CommandType='Text', CommandTimeout='30']
      CREATE TABLE categories (
          id uuid NOT NULL,
          name character varying(50) NOT NULL,
          slug character varying(50) NOT NULL,
          description character varying(200),
          deleted_at timestamp without time zone,
          created_at timestamp without time zone NOT NULL,
          updated_at timestamp without time zone NOT NULL,
          CONSTRAINT pk_categories PRIMARY KEY (id)
      );
info: Microsoft.EntityFrameworkCore.Database.Command[20101]
      Executed DbCommand (4ms) [Parameters=[], CommandType='Text', CommandTimeout='30']
      CREATE TABLE categories (
          id uuid NOT NULL,
          name character varying(50) NOT NULL,
          slug character varying(50) NOT NULL,
          description character varying(200),
          deleted_at timestamp without time zone,
          created_at timestamp without time zone NOT NULL,
          updated_at timestamp without time zone NOT NULL,
          CONSTRAINT pk_categories PRIMARY KEY (id)
      );
info: Microsoft.EntityFrameworkCore.Database.Command[20101]
      Executed DbCommand (4ms) [Parameters=[], CommandType='Text', CommandTimeout='30']
      CREATE TABLE outbox_messages (
          id uuid NOT NULL,
          event_type character varying(100) NOT NULL,
          payload text NOT NULL,
          processed_at timestamp without time zone,
          error character varying(2000),
          retry_count integer NOT NULL,
          created_at timestamp without time zone NOT NULL,
          updated_at timestamp without time zone NOT NULL,
          CONSTRAINT pk_outbox_messages PRIMARY KEY (id)
      );
info: Microsoft.EntityFrameworkCore.Database.Command[20101]
      Executed DbCommand (4ms) [Parameters=[], CommandType='Text', CommandTimeout='30']
      CREATE TABLE outbox_messages (
          id uuid NOT NULL,
          event_type character varying(100) NOT NULL,
          payload text NOT NULL,
          processed_at timestamp without time zone,
          error character varying(2000),
          retry_count integer NOT NULL,
          created_at timestamp without time zone NOT NULL,
          updated_at timestamp without time zone NOT NULL,
          CONSTRAINT pk_outbox_messages PRIMARY KEY (id)
      );
info: Microsoft.EntityFrameworkCore.Database.Command[20101]
      Executed DbCommand (4ms) [Parameters=[], CommandType='Text', CommandTimeout='30']
      CREATE TABLE users (
          id uuid NOT NULL,
          username character varying(30) NOT NULL,
          email character varying(254) NOT NULL,
          password_hash text NOT NULL,
          display_name character varying(50) NOT NULL,
          role text NOT NULL,
          is_verified boolean NOT NULL,
          deleted_at timestamp without time zone,
          created_at timestamp without time zone NOT NULL,
          updated_at timestamp without time zone NOT NULL,
          CONSTRAINT pk_users PRIMARY KEY (id)
      );
info: Microsoft.EntityFrameworkCore.Database.Command[20101]
      Executed DbCommand (4ms) [Parameters=[], CommandType='Text', CommandTimeout='30']
      CREATE TABLE users (
          id uuid NOT NULL,
          username character varying(30) NOT NULL,
          email character varying(254) NOT NULL,
          password_hash text NOT NULL,
          display_name character varying(50) NOT NULL,
          role text NOT NULL,
          is_verified boolean NOT NULL,
          deleted_at timestamp without time zone,
          created_at timestamp without time zone NOT NULL,
          updated_at timestamp without time zone NOT NULL,
          CONSTRAINT pk_users PRIMARY KEY (id)
      );
info: Microsoft.EntityFrameworkCore.Database.Command[20101]
      Executed DbCommand (8ms) [Parameters=[], CommandType='Text', CommandTimeout='30']
      CREATE TABLE auctions (
          id uuid NOT NULL,
          title character varying(100) NOT NULL,
          description character varying(5000) NOT NULL,
          image_url character varying(500),
          seller_id uuid NOT NULL,
          category_id uuid NOT NULL,
          start_price numeric(18,2) NOT NULL,
          current_price numeric(18,2) NOT NULL,
          reserve_price numeric(18,2),
          buy_it_now_price numeric(18,2),
          min_bid_increment numeric(18,2) NOT NULL,
          status text NOT NULL,
          starts_at timestamp without time zone NOT NULL,
          ends_at timestamp without time zone NOT NULL,
          extension_count integer NOT NULL,
          created_at timestamp without time zone NOT NULL,
          updated_at timestamp without time zone NOT NULL,
          CONSTRAINT pk_auctions PRIMARY KEY (id),
          CONSTRAINT fk_auctions_categories_category_id FOREIGN KEY (category_id) REFERENCES categories (id) ON DELETE RESTRICT,
          CONSTRAINT fk_auctions_users_seller_id FOREIGN KEY (seller_id) REFERENCES users (id) ON DELETE RESTRICT
      );
info: Microsoft.EntityFrameworkCore.Database.Command[20101]
      Executed DbCommand (8ms) [Parameters=[], CommandType='Text', CommandTimeout='30']
      CREATE TABLE auctions (
          id uuid NOT NULL,
          title character varying(100) NOT NULL,
          description character varying(5000) NOT NULL,
          image_url character varying(500),
          seller_id uuid NOT NULL,
          category_id uuid NOT NULL,
          start_price numeric(18,2) NOT NULL,
          current_price numeric(18,2) NOT NULL,
          reserve_price numeric(18,2),
          buy_it_now_price numeric(18,2),
          min_bid_increment numeric(18,2) NOT NULL,
          status text NOT NULL,
          starts_at timestamp without time zone NOT NULL,
          ends_at timestamp without time zone NOT NULL,
          extension_count integer NOT NULL,
          created_at timestamp without time zone NOT NULL,
          updated_at timestamp without time zone NOT NULL,
          CONSTRAINT pk_auctions PRIMARY KEY (id),
          CONSTRAINT fk_auctions_categories_category_id FOREIGN KEY (category_id) REFERENCES categories (id) ON DELETE RESTRICT,
          CONSTRAINT fk_auctions_users_seller_id FOREIGN KEY (seller_id) REFERENCES users (id) ON DELETE RESTRICT
      );
info: Microsoft.EntityFrameworkCore.Database.Command[20101]
      Executed DbCommand (5ms) [Parameters=[], CommandType='Text', CommandTimeout='30']
      CREATE TABLE notifications (
          id uuid NOT NULL,
          user_id uuid NOT NULL,
          type text NOT NULL,
          title character varying(100) NOT NULL,
          message character varying(500) NOT NULL,
          payload character varying(2000),
          is_read boolean NOT NULL,
          created_at timestamp without time zone NOT NULL,
          updated_at timestamp without time zone NOT NULL,
          CONSTRAINT pk_notifications PRIMARY KEY (id),
          CONSTRAINT fk_notifications_users_user_id FOREIGN KEY (user_id) REFERENCES users (id) ON DELETE CASCADE
      );
info: Microsoft.EntityFrameworkCore.Database.Command[20101]
      Executed DbCommand (5ms) [Parameters=[], CommandType='Text', CommandTimeout='30']
      CREATE TABLE notifications (
          id uuid NOT NULL,
          user_id uuid NOT NULL,
          type text NOT NULL,
          title character varying(100) NOT NULL,
          message character varying(500) NOT NULL,
          payload character varying(2000),
          is_read boolean NOT NULL,
          created_at timestamp without time zone NOT NULL,
          updated_at timestamp without time zone NOT NULL,
          CONSTRAINT pk_notifications PRIMARY KEY (id),
          CONSTRAINT fk_notifications_users_user_id FOREIGN KEY (user_id) REFERENCES users (id) ON DELETE CASCADE
      );
info: Microsoft.EntityFrameworkCore.Database.Command[20101]
      Executed DbCommand (4ms) [Parameters=[], CommandType='Text', CommandTimeout='30']
      CREATE TABLE bids (
          id uuid NOT NULL,
          auction_id uuid NOT NULL,
          bidder_id uuid NOT NULL,
          amount numeric(18,2) NOT NULL,
          is_winning boolean NOT NULL,
          created_at timestamp without time zone NOT NULL,
          updated_at timestamp without time zone NOT NULL,
          CONSTRAINT pk_bids PRIMARY KEY (id),
          CONSTRAINT fk_bids_auctions_auction_id FOREIGN KEY (auction_id) REFERENCES auctions (id) ON DELETE CASCADE,
          CONSTRAINT fk_bids_users_bidder_id FOREIGN KEY (bidder_id) REFERENCES users (id) ON DELETE RESTRICT
      );
info: Microsoft.EntityFrameworkCore.Database.Command[20101]
      Executed DbCommand (3ms) [Parameters=[], CommandType='Text', CommandTimeout='30']
      CREATE TABLE bids (
          id uuid NOT NULL,
          auction_id uuid NOT NULL,
          bidder_id uuid NOT NULL,
          amount numeric(18,2) NOT NULL,
          is_winning boolean NOT NULL,
          created_at timestamp without time zone NOT NULL,
          updated_at timestamp without time zone NOT NULL,
          CONSTRAINT pk_bids PRIMARY KEY (id),
          CONSTRAINT fk_bids_auctions_auction_id FOREIGN KEY (auction_id) REFERENCES auctions (id) ON DELETE CASCADE,
          CONSTRAINT fk_bids_users_bidder_id FOREIGN KEY (bidder_id) REFERENCES users (id) ON DELETE RESTRICT
      );
info: Microsoft.EntityFrameworkCore.Database.Command[20101]
      Executed DbCommand (6ms) [Parameters=[], CommandType='Text', CommandTimeout='30']
      CREATE TABLE watch_lists (
          id uuid NOT NULL,
          user_id uuid NOT NULL,
          auction_id uuid NOT NULL,
          created_at timestamp without time zone NOT NULL,
          updated_at timestamp without time zone NOT NULL,
          CONSTRAINT pk_watch_lists PRIMARY KEY (id),
          CONSTRAINT fk_watch_lists_auctions_auction_id FOREIGN KEY (auction_id) REFERENCES auctions (id) ON DELETE CASCADE,
          CONSTRAINT fk_watch_lists_users_user_id FOREIGN KEY (user_id) REFERENCES users (id) ON DELETE CASCADE
      );
info: Microsoft.EntityFrameworkCore.Database.Command[20101]
      Executed DbCommand (6ms) [Parameters=[], CommandType='Text', CommandTimeout='30']
      CREATE TABLE watch_lists (
          id uuid NOT NULL,
          user_id uuid NOT NULL,
          auction_id uuid NOT NULL,
          created_at timestamp without time zone NOT NULL,
          updated_at timestamp without time zone NOT NULL,
          CONSTRAINT pk_watch_lists PRIMARY KEY (id),
          CONSTRAINT fk_watch_lists_auctions_auction_id FOREIGN KEY (auction_id) REFERENCES auctions (id) ON DELETE CASCADE,
          CONSTRAINT fk_watch_lists_users_user_id FOREIGN KEY (user_id) REFERENCES users (id) ON DELETE CASCADE
      );
info: Microsoft.EntityFrameworkCore.Database.Command[20101]
      Executed DbCommand (2ms) [Parameters=[], CommandType='Text', CommandTimeout='30']
      CREATE INDEX ix_auctions_category_id ON auctions (category_id);
info: Microsoft.EntityFrameworkCore.Database.Command[20101]
      Executed DbCommand (2ms) [Parameters=[], CommandType='Text', CommandTimeout='30']
      CREATE INDEX ix_auctions_category_id ON auctions (category_id);
info: Microsoft.EntityFrameworkCore.Database.Command[20101]
      Executed DbCommand (2ms) [Parameters=[], CommandType='Text', CommandTimeout='30']
      CREATE INDEX ix_auctions_seller_id ON auctions (seller_id);
info: Microsoft.EntityFrameworkCore.Database.Command[20101]
      Executed DbCommand (2ms) [Parameters=[], CommandType='Text', CommandTimeout='30']
      CREATE INDEX ix_auctions_seller_id ON auctions (seller_id);
info: Microsoft.EntityFrameworkCore.Database.Command[20101]
      Executed DbCommand (2ms) [Parameters=[], CommandType='Text', CommandTimeout='30']
      CREATE INDEX ix_auctions_status_ends_at ON auctions (status, ends_at);
info: Microsoft.EntityFrameworkCore.Database.Command[20101]
      Executed DbCommand (2ms) [Parameters=[], CommandType='Text', CommandTimeout='30']
      CREATE INDEX ix_auctions_status_ends_at ON auctions (status, ends_at);
info: Microsoft.EntityFrameworkCore.Database.Command[20101]
      Executed DbCommand (2ms) [Parameters=[], CommandType='Text', CommandTimeout='30']
      CREATE INDEX ix_bids_auction_id ON bids (auction_id);
info: Microsoft.EntityFrameworkCore.Database.Command[20101]
      Executed DbCommand (2ms) [Parameters=[], CommandType='Text', CommandTimeout='30']
      CREATE INDEX ix_bids_auction_id ON bids (auction_id);
info: Microsoft.EntityFrameworkCore.Database.Command[20101]
      Executed DbCommand (2ms) [Parameters=[], CommandType='Text', CommandTimeout='30']
      CREATE INDEX ix_bids_auction_id_is_winning ON bids (auction_id, is_winning);
info: Microsoft.EntityFrameworkCore.Database.Command[20101]
      Executed DbCommand (2ms) [Parameters=[], CommandType='Text', CommandTimeout='30']
      CREATE INDEX ix_bids_auction_id_is_winning ON bids (auction_id, is_winning);
info: Microsoft.EntityFrameworkCore.Database.Command[20101]
      Executed DbCommand (3ms) [Parameters=[], CommandType='Text', CommandTimeout='30']
      CREATE INDEX ix_bids_bidder_id ON bids (bidder_id);
info: Microsoft.EntityFrameworkCore.Database.Command[20101]
      Executed DbCommand (3ms) [Parameters=[], CommandType='Text', CommandTimeout='30']
      CREATE INDEX ix_bids_bidder_id ON bids (bidder_id);
info: Microsoft.EntityFrameworkCore.Database.Command[20101]
      Executed DbCommand (3ms) [Parameters=[], CommandType='Text', CommandTimeout='30']
      CREATE UNIQUE INDEX ix_categories_slug ON categories (slug);
info: Microsoft.EntityFrameworkCore.Database.Command[20101]
      Executed DbCommand (3ms) [Parameters=[], CommandType='Text', CommandTimeout='30']
      CREATE UNIQUE INDEX ix_categories_slug ON categories (slug);
info: Microsoft.EntityFrameworkCore.Database.Command[20101]
      Executed DbCommand (2ms) [Parameters=[], CommandType='Text', CommandTimeout='30']
      CREATE INDEX ix_notifications_user_id_is_read ON notifications (user_id, is_read);
info: Microsoft.EntityFrameworkCore.Database.Command[20101]
      Executed DbCommand (2ms) [Parameters=[], CommandType='Text', CommandTimeout='30']
      CREATE INDEX ix_notifications_user_id_is_read ON notifications (user_id, is_read);
info: Microsoft.EntityFrameworkCore.Database.Command[20101]
      Executed DbCommand (2ms) [Parameters=[], CommandType='Text', CommandTimeout='30']
      CREATE INDEX ix_outbox_messages_processed_at ON outbox_messages (processed_at);
info: Microsoft.EntityFrameworkCore.Database.Command[20101]
      Executed DbCommand (2ms) [Parameters=[], CommandType='Text', CommandTimeout='30']
      CREATE INDEX ix_outbox_messages_processed_at ON outbox_messages (processed_at);
info: Microsoft.EntityFrameworkCore.Database.Command[20101]
      Executed DbCommand (2ms) [Parameters=[], CommandType='Text', CommandTimeout='30']
      CREATE UNIQUE INDEX ix_users_email ON users (email);
info: Microsoft.EntityFrameworkCore.Database.Command[20101]
      Executed DbCommand (2ms) [Parameters=[], CommandType='Text', CommandTimeout='30']
      CREATE UNIQUE INDEX ix_users_email ON users (email);
info: Microsoft.EntityFrameworkCore.Database.Command[20101]
      Executed DbCommand (2ms) [Parameters=[], CommandType='Text', CommandTimeout='30']
      CREATE UNIQUE INDEX ix_users_username ON users (username);
info: Microsoft.EntityFrameworkCore.Database.Command[20101]
      Executed DbCommand (2ms) [Parameters=[], CommandType='Text', CommandTimeout='30']
      CREATE UNIQUE INDEX ix_users_username ON users (username);
info: Microsoft.EntityFrameworkCore.Database.Command[20101]
      Executed DbCommand (2ms) [Parameters=[], CommandType='Text', CommandTimeout='30']
      CREATE INDEX ix_watch_lists_auction_id ON watch_lists (auction_id);
info: Microsoft.EntityFrameworkCore.Database.Command[20101]
      Executed DbCommand (2ms) [Parameters=[], CommandType='Text', CommandTimeout='30']
      CREATE INDEX ix_watch_lists_auction_id ON watch_lists (auction_id);
info: Microsoft.EntityFrameworkCore.Database.Command[20101]
      Executed DbCommand (4ms) [Parameters=[], CommandType='Text', CommandTimeout='30']
      CREATE UNIQUE INDEX ix_watch_lists_user_id_auction_id ON watch_lists (user_id, auction_id);
info: Microsoft.EntityFrameworkCore.Database.Command[20101]
      Executed DbCommand (4ms) [Parameters=[], CommandType='Text', CommandTimeout='30']
      CREATE UNIQUE INDEX ix_watch_lists_user_id_auction_id ON watch_lists (user_id, auction_id);
info: Microsoft.EntityFrameworkCore.Database.Command[20101]
      Executed DbCommand (2ms) [Parameters=[], CommandType='Text', CommandTimeout='30']
      INSERT INTO "__EFMigrationsHistory" (migration_id, product_version)
      VALUES ('20260614133011_InitialSchema', '8.0.11');
info: Microsoft.EntityFrameworkCore.Database.Command[20101]
      Executed DbCommand (2ms) [Parameters=[], CommandType='Text', CommandTimeout='30']
      INSERT INTO "__EFMigrationsHistory" (migration_id, product_version)
      VALUES ('20260614133011_InitialSchema', '8.0.11');
info: Microsoft.AspNetCore.DataProtection.KeyManagement.XmlKeyManager[63]
      User profile is available. Using 'C:\Users\Lenovo\AppData\Local\ASP.NET\DataProtection-Keys' as key repository and Windows DPAPI to encrypt keys at rest.
info: Microsoft.AspNetCore.DataProtection.KeyManagement.XmlKeyManager[63]
      User profile is available. Using 'C:\Users\Lenovo\AppData\Local\ASP.NET\DataProtection-Keys' as key repository and Windows DPAPI to encrypt keys at rest.
info: AuctionNest.API.BackgroundServices.OutboxProcessorService[0]
      Outbox processor started.
info: AuctionNest.API.BackgroundServices.OutboxProcessorService[0]
      Outbox processor started.
info: Microsoft.EntityFrameworkCore.Database.Command[20101]
      Executed DbCommand (4ms) [Parameters=[@__p_0='?' (DbType = Int32)], CommandType='Text', CommandTimeout='30']
      SELECT o.id, o.created_at, o.error, o.event_type, o.payload, o.processed_at, o.retry_count, o.updated_at
      FROM outbox_messages AS o
      WHERE o.processed_at IS NULL AND o.retry_count < 3
      ORDER BY o.created_at
      LIMIT @__p_0
info: Microsoft.EntityFrameworkCore.Database.Command[20101]
      Executed DbCommand (4ms) [Parameters=[@__p_0='?' (DbType = Int32)], CommandType='Text', CommandTimeout='30']
      SELECT o.id, o.created_at, o.error, o.event_type, o.payload, o.processed_at, o.retry_count, o.updated_at
      FROM outbox_messages AS o
      WHERE o.processed_at IS NULL AND o.retry_count < 3
      ORDER BY o.created_at
      LIMIT @__p_0
info: Hangfire.BackgroundJobServer[0]
      Starting Hangfire Server using job storage: 'PostgreSQL Server: Host: 127.0.0.1, DB: auctionnest_test, Schema: hangfire'
info: Hangfire.BackgroundJobServer[0]
      Starting Hangfire Server using job storage: 'PostgreSQL Server: Host: 127.0.0.1, DB: auctionnest_test, Schema: hangfire'
info: Hangfire.BackgroundJobServer[0]
      Using the following options for PostgreSQL job storage:
info: Hangfire.BackgroundJobServer[0]
      Using the following options for PostgreSQL job storage:
info: Hangfire.BackgroundJobServer[0]
          Queue poll interval: 00:00:15.
info: Hangfire.BackgroundJobServer[0]
          Queue poll interval: 00:00:15.
info: Hangfire.BackgroundJobServer[0]
          Invisibility timeout: 00:30:00.
info: Hangfire.BackgroundJobServer[0]
          Use sliding invisibility timeout: False.
info: Hangfire.BackgroundJobServer[0]
          Invisibility timeout: 00:30:00.
info: Hangfire.BackgroundJobServer[0]
          Use sliding invisibility timeout: False.
info: Hangfire.BackgroundJobServer[0]
      Using the following options for Hangfire Server:
          Worker count: 20
          Listening queues: 'default'
          Shutdown timeout: 00:00:15
          Schedule polling interval: 00:00:15
info: Hangfire.BackgroundJobServer[0]
      Using the following options for Hangfire Server:
          Worker count: 20
          Listening queues: 'default'
          Shutdown timeout: 00:00:15
          Schedule polling interval: 00:00:15
info: Microsoft.AspNetCore.Hosting.Diagnostics[1]
      Request starting HTTP/1.1 POST http://localhost/api/auctions - application/json;+charset=utf-8 232
info: Microsoft.AspNetCore.Hosting.Diagnostics[1]
      Request starting HTTP/1.1 POST http://localhost/api/auth/login - application/json;+charset=utf-8 63
info: Hangfire.Server.BackgroundServerProcess[0]
      Server desktop-8el87qn:15804:a35a0874 successfully announced in 57.1291 ms
info: Hangfire.Server.BackgroundServerProcess[0]
      Server desktop-8el87qn:15804:a651465a successfully announced in 60.6504 ms
info: Hangfire.Server.BackgroundServerProcess[0]
      Server desktop-8el87qn:15804:a35a0874 is starting the registered dispatchers: ServerWatchdog, ServerJobCancellationWatcher, ExpirationManager, CountersAggregator, Worker, DelayedJobScheduler, RecurringJobScheduler...
info: Hangfire.Server.BackgroundServerProcess[0]
      Server desktop-8el87qn:15804:a651465a is starting the registered dispatchers: ServerWatchdog, ServerJobCancellationWatcher, ExpirationManager, CountersAggregator, Worker, DelayedJobScheduler, RecurringJobScheduler...
info: Microsoft.AspNetCore.Routing.EndpointMiddleware[0]
      Executing endpoint 'AuctionNest.API.Controllers.AuthController.Login (AuctionNest.API)'
info: Microsoft.AspNetCore.Authorization.DefaultAuthorizationService[2]
      Authorization failed. These requirements were not met:
      DenyAnonymousAuthorizationRequirement: Requires an authenticated user.
info: Hangfire.Server.BackgroundServerProcess[0]
      Server desktop-8el87qn:15804:a651465a all the dispatchers started
info: Microsoft.AspNetCore.Authentication.JwtBearer.JwtBearerHandler[12]
      AuthenticationScheme: Bearer was challenged.
info: Hangfire.Server.BackgroundServerProcess[0]
      Server desktop-8el87qn:15804:a35a0874 all the dispatchers started
info: Microsoft.AspNetCore.Mvc.Infrastructure.ControllerActionInvoker[102]
      Route matched with {action = "Login", controller = "Auth"}. Executing controller action with signature System.Threading.Tasks.Task`1[Microsoft.AspNetCore.Mvc.IActionResult] Login(AuctionNest.Application.Features.Auth.Commands.Login.LoginCommand, System.Threading.CancellationToken) on controller AuctionNest.API.Controllers.AuthController (AuctionNest.API).
info: Microsoft.AspNetCore.Hosting.Diagnostics[2]
      Request finished HTTP/1.1 POST http://localhost/api/auctions - 401 - - 322.4453ms
info: Microsoft.AspNetCore.Hosting.Diagnostics[1]
      Request starting HTTP/1.1 POST http://localhost/api/auth/register - application/json;+charset=utf-8 114
info: Microsoft.AspNetCore.Routing.EndpointMiddleware[0]
      Executing endpoint 'AuctionNest.API.Controllers.AuthController.Register (AuctionNest.API)'
info: Microsoft.AspNetCore.Mvc.Infrastructure.ControllerActionInvoker[102]
      Route matched with {action = "Register", controller = "Auth"}. Executing controller action with signature System.Threading.Tasks.Task`1[Microsoft.AspNetCore.Mvc.IActionResult] Register(AuctionNest.Application.Features.Auth.Commands.Register.RegisterUserCommand, System.Threading.CancellationToken) on controller AuctionNest.API.Controllers.AuthController (AuctionNest.API).
info: Microsoft.EntityFrameworkCore.Database.Command[20101]
      Executed DbCommand (3ms) [Parameters=[@__ToLower_0='?'], CommandType='Text', CommandTimeout='30']
      SELECT u.id, u.created_at, u.deleted_at, u.display_name, u.email, u.is_verified, u.password_hash, u.role, u.updated_at, u.username
      FROM users AS u
      WHERE u.deleted_at IS NULL AND u.email = @__ToLower_0
      LIMIT 1
info: Microsoft.EntityFrameworkCore.Database.Command[20101]
      Executed DbCommand (10ms) [Parameters=[@__ToLower_0='?'], CommandType='Text', CommandTimeout='30']
      SELECT EXISTS (
          SELECT 1
          FROM users AS u
          WHERE u.deleted_at IS NULL AND u.email = @__ToLower_0)
info: Microsoft.AspNetCore.Mvc.Infrastructure.ObjectResultExecutor[1]
      Executing UnauthorizedObjectResult, writing value of type '<>f__AnonymousType5`4[[System.String, System.Private.CoreLib, Version=8.0.0.0, Culture=neutral, PublicKeyToken=7cec85d7bea7798e],[System.String, System.Private.CoreLib, Version=8.0.0.0, Culture=neutral, PublicKeyToken=7cec85d7bea7798e],[System.String, System.Private.CoreLib, Version=8.0.0.0, Culture=neutral, PublicKeyToken=7cec85d7bea7798e],[System.Int32, System.Private.CoreLib, Version=8.0.0.0, Culture=neutral, PublicKeyToken=7cec85d7bea7798e]]'.
info: Microsoft.EntityFrameworkCore.Database.Command[20101]
      Executed DbCommand (8ms) [Parameters=[@__ToLower_0='?'], CommandType='Text', CommandTimeout='30']
      SELECT EXISTS (
          SELECT 1
          FROM users AS u
          WHERE u.deleted_at IS NULL AND u.username = @__ToLower_0)
  Passed AuctionNest.IntegrationTests.Auctions.AuctionsControllerTests.CreateAuction_WithoutAuth_Returns401 [2 s]
info: Microsoft.AspNetCore.Mvc.Infrastructure.ControllerActionInvoker[105]
      Executed action AuctionNest.API.Controllers.AuthController.Login (AuctionNest.API) in 383.2307ms
info: Microsoft.AspNetCore.Routing.EndpointMiddleware[1]
      Executed endpoint 'AuctionNest.API.Controllers.AuthController.Login (AuctionNest.API)'
info: Microsoft.AspNetCore.Hosting.Diagnostics[2]
      Request finished HTTP/1.1 POST http://localhost/api/auth/login - 401 - application/json;+charset=utf-8 691.4670ms
info: Microsoft.AspNetCore.Hosting.Diagnostics[1]
      Request starting HTTP/1.1 POST http://localhost/api/auth/register - application/json;+charset=utf-8 114
info: Microsoft.AspNetCore.Routing.EndpointMiddleware[0]
      Executing endpoint 'AuctionNest.API.Controllers.AuthController.Register (AuctionNest.API)'
info: Microsoft.AspNetCore.Mvc.Infrastructure.ControllerActionInvoker[102]
      Route matched with {action = "Register", controller = "Auth"}. Executing controller action with signature System.Threading.Tasks.Task`1[Microsoft.AspNetCore.Mvc.IActionResult] Register(AuctionNest.Application.Features.Auth.Commands.Register.RegisterUserCommand, System.Threading.CancellationToken) on controller AuctionNest.API.Controllers.AuthController (AuctionNest.API).
info: Microsoft.EntityFrameworkCore.Database.Command[20101]
      Executed DbCommand (1ms) [Parameters=[@__ToLower_0='?'], CommandType='Text', CommandTimeout='30']
      SELECT EXISTS (
          SELECT 1
          FROM users AS u
          WHERE u.deleted_at IS NULL AND u.email = @__ToLower_0)
info: Microsoft.EntityFrameworkCore.Database.Command[20101]
      Executed DbCommand (1ms) [Parameters=[@__ToLower_0='?'], CommandType='Text', CommandTimeout='30']
      SELECT EXISTS (
          SELECT 1
          FROM users AS u
          WHERE u.deleted_at IS NULL AND u.username = @__ToLower_0)
info: Microsoft.EntityFrameworkCore.Database.Command[20101]
      Executed DbCommand (4ms) [Parameters=[@p0='?' (DbType = Guid), @p1='?' (DbType = DateTime), @p2='?' (DbType = DateTime), @p3='?', @p4='?', @p5='?' (DbType = Boolean), @p6='?', @p7='?', @p8='?' (DbType = DateTime), @p9='?'], CommandType='Text', CommandTimeout='30']
      INSERT INTO users (id, created_at, deleted_at, display_name, email, is_verified, password_hash, role, updated_at, username)
      VALUES (@p0, @p1, @p2, @p3, @p4, @p5, @p6, @p7, @p8, @p9);
info: Microsoft.EntityFrameworkCore.Database.Command[20101]
      Executed DbCommand (4ms) [Parameters=[@p0='?' (DbType = Guid), @p1='?' (DbType = DateTime), @p2='?' (DbType = DateTime), @p3='?', @p4='?', @p5='?' (DbType = Boolean), @p6='?', @p7='?', @p8='?' (DbType = DateTime), @p9='?'], CommandType='Text', CommandTimeout='30']
      INSERT INTO users (id, created_at, deleted_at, display_name, email, is_verified, password_hash, role, updated_at, username)
      VALUES (@p0, @p1, @p2, @p3, @p4, @p5, @p6, @p7, @p8, @p9);
info: Microsoft.AspNetCore.Mvc.Infrastructure.ObjectResultExecutor[1]
      Executing OkObjectResult, writing value of type 'AuctionNest.Application.Features.Auth.Common.AuthResponse'.
info: Microsoft.AspNetCore.Mvc.Infrastructure.ObjectResultExecutor[1]
      Executing OkObjectResult, writing value of type 'AuctionNest.Application.Features.Auth.Common.AuthResponse'.
info: Microsoft.AspNetCore.Mvc.Infrastructure.ControllerActionInvoker[105]
      Executed action AuctionNest.API.Controllers.AuthController.Register (AuctionNest.API) in 1083.0385ms
info: Microsoft.AspNetCore.Routing.EndpointMiddleware[1]
      Executed endpoint 'AuctionNest.API.Controllers.AuthController.Register (AuctionNest.API)'
info: Microsoft.AspNetCore.Mvc.Infrastructure.ControllerActionInvoker[105]
      Executed action AuctionNest.API.Controllers.AuthController.Register (AuctionNest.API) in 1376.5191ms
info: Microsoft.AspNetCore.Routing.EndpointMiddleware[1]
      Executed endpoint 'AuctionNest.API.Controllers.AuthController.Register (AuctionNest.API)'
info: Microsoft.AspNetCore.Hosting.Diagnostics[2]
      Request finished HTTP/1.1 POST http://localhost/api/auth/register - 200 - application/json;+charset=utf-8 1089.7044ms
info: Microsoft.AspNetCore.Hosting.Diagnostics[2]
      Request finished HTTP/1.1 POST http://localhost/api/auth/register - 200 - application/json;+charset=utf-8 1399.9377ms
info: Microsoft.AspNetCore.Hosting.Diagnostics[1]
      Request starting HTTP/1.1 POST http://localhost/api/auth/register - application/json;+charset=utf-8 107
info: Microsoft.AspNetCore.Hosting.Diagnostics[1]
      Request starting HTTP/1.1 POST http://localhost/api/auctions - application/json;+charset=utf-8 209
info: Microsoft.AspNetCore.Routing.EndpointMiddleware[0]
      Executing endpoint 'AuctionNest.API.Controllers.AuthController.Register (AuctionNest.API)'
info: Microsoft.AspNetCore.Mvc.Infrastructure.ControllerActionInvoker[102]
      Route matched with {action = "Register", controller = "Auth"}. Executing controller action with signature System.Threading.Tasks.Task`1[Microsoft.AspNetCore.Mvc.IActionResult] Register(AuctionNest.Application.Features.Auth.Commands.Register.RegisterUserCommand, System.Threading.CancellationToken) on controller AuctionNest.API.Controllers.AuthController (AuctionNest.API).
info: Microsoft.EntityFrameworkCore.Database.Command[20101]
      Executed DbCommand (3ms) [Parameters=[@__ToLower_0='?'], CommandType='Text', CommandTimeout='30']
      SELECT EXISTS (
          SELECT 1
          FROM users AS u
          WHERE u.deleted_at IS NULL AND u.email = @__ToLower_0)
info: Microsoft.EntityFrameworkCore.Database.Command[20101]
      Executed DbCommand (3ms) [Parameters=[@__ToLower_0='?'], CommandType='Text', CommandTimeout='30']
      SELECT EXISTS (
          SELECT 1
          FROM users AS u
          WHERE u.deleted_at IS NULL AND u.username = @__ToLower_0)
info: Microsoft.AspNetCore.Routing.EndpointMiddleware[0]
      Executing endpoint 'AuctionNest.API.Controllers.AuctionsController.Create (AuctionNest.API)'
info: Microsoft.AspNetCore.Mvc.Infrastructure.ControllerActionInvoker[102]
      Route matched with {action = "Create", controller = "Auctions"}. Executing controller action with signature System.Threading.Tasks.Task`1[Microsoft.AspNetCore.Mvc.IActionResult] Create(AuctionNest.Application.Features.Auctions.Commands.CreateAuction.CreateAuctionCommand, System.Threading.CancellationToken) on controller AuctionNest.API.Controllers.AuctionsController (AuctionNest.API).
info: Microsoft.EntityFrameworkCore.Database.Command[20101]
      Executed DbCommand (4ms) [Parameters=[@__id_0='?' (DbType = Guid)], CommandType='Text', CommandTimeout='30']
      SELECT EXISTS (
          SELECT 1
          FROM categories AS c
          WHERE c.deleted_at IS NULL AND c.id = @__id_0)
info: Microsoft.AspNetCore.Mvc.Infrastructure.ObjectResultExecutor[1]
      Executing NotFoundObjectResult, writing value of type '<>f__AnonymousType5`4[[System.String, System.Private.CoreLib, Version=8.0.0.0, Culture=neutral, PublicKeyToken=7cec85d7bea7798e],[System.String, System.Private.CoreLib, Version=8.0.0.0, Culture=neutral, PublicKeyToken=7cec85d7bea7798e],[System.String, System.Private.CoreLib, Version=8.0.0.0, Culture=neutral, PublicKeyToken=7cec85d7bea7798e],[System.Int32, System.Private.CoreLib, Version=8.0.0.0, Culture=neutral, PublicKeyToken=7cec85d7bea7798e]]'.
info: Microsoft.AspNetCore.Mvc.Infrastructure.ControllerActionInvoker[105]
      Executed action AuctionNest.API.Controllers.AuctionsController.Create (AuctionNest.API) in 158.8392ms
info: Microsoft.AspNetCore.Routing.EndpointMiddleware[1]
      Executed endpoint 'AuctionNest.API.Controllers.AuctionsController.Create (AuctionNest.API)'
info: Microsoft.AspNetCore.Hosting.Diagnostics[2]
      Request finished HTTP/1.1 POST http://localhost/api/auctions - 404 - application/json;+charset=utf-8 257.0858ms
info: Microsoft.AspNetCore.Hosting.Diagnostics[1]
      Request starting HTTP/1.1 POST http://localhost/api/auth/register - application/json;+charset=utf-8 114
info: Microsoft.AspNetCore.Routing.EndpointMiddleware[0]
      Executing endpoint 'AuctionNest.API.Controllers.AuthController.Register (AuctionNest.API)'
info: Microsoft.AspNetCore.Mvc.Infrastructure.ControllerActionInvoker[102]
      Route matched with {action = "Register", controller = "Auth"}. Executing controller action with signature System.Threading.Tasks.Task`1[Microsoft.AspNetCore.Mvc.IActionResult] Register(AuctionNest.Application.Features.Auth.Commands.Register.RegisterUserCommand, System.Threading.CancellationToken) on controller AuctionNest.API.Controllers.AuthController (AuctionNest.API).
info: Microsoft.EntityFrameworkCore.Database.Command[20101]
      Executed DbCommand (6ms) [Parameters=[@__ToLower_0='?'], CommandType='Text', CommandTimeout='30']
      SELECT EXISTS (
          SELECT 1
          FROM users AS u
          WHERE u.deleted_at IS NULL AND u.email = @__ToLower_0)
info: Microsoft.EntityFrameworkCore.Database.Command[20101]
      Executed DbCommand (8ms) [Parameters=[@__ToLower_0='?'], CommandType='Text', CommandTimeout='30']
      SELECT EXISTS (
          SELECT 1
          FROM users AS u
          WHERE u.deleted_at IS NULL AND u.username = @__ToLower_0)
  Passed AuctionNest.IntegrationTests.Auth.AuthControllerTests.Login_WithNonexistentUser_ReturnsUnauthorized [3 s]
  Passed AuctionNest.IntegrationTests.Auctions.AuctionsControllerTests.CreateAuction_WithInvalidCategoryId_Returns404 [1 s]
info: Microsoft.EntityFrameworkCore.Database.Command[20101]
      Executed DbCommand (2ms) [Parameters=[@p0='?' (DbType = Guid), @p1='?' (DbType = DateTime), @p2='?' (DbType = DateTime), @p3='?', @p4='?', @p5='?' (DbType = Boolean), @p6='?', @p7='?', @p8='?' (DbType = DateTime), @p9='?'], CommandType='Text', CommandTimeout='30']
      INSERT INTO users (id, created_at, deleted_at, display_name, email, is_verified, password_hash, role, updated_at, username)
      VALUES (@p0, @p1, @p2, @p3, @p4, @p5, @p6, @p7, @p8, @p9);
info: Microsoft.AspNetCore.Mvc.Infrastructure.ObjectResultExecutor[1]
      Executing OkObjectResult, writing value of type 'AuctionNest.Application.Features.Auth.Common.AuthResponse'.
info: Microsoft.AspNetCore.Mvc.Infrastructure.ControllerActionInvoker[105]
      Executed action AuctionNest.API.Controllers.AuthController.Register (AuctionNest.API) in 1041.0299ms
info: Microsoft.AspNetCore.Routing.EndpointMiddleware[1]
      Executed endpoint 'AuctionNest.API.Controllers.AuthController.Register (AuctionNest.API)'
info: Microsoft.AspNetCore.Hosting.Diagnostics[2]
      Request finished HTTP/1.1 POST http://localhost/api/auth/register - 200 - application/json;+charset=utf-8 1045.1061ms
info: Microsoft.AspNetCore.Hosting.Diagnostics[1]
      Request starting HTTP/1.1 POST http://localhost/api/auth/login - application/json;+charset=utf-8 65
info: Microsoft.AspNetCore.Routing.EndpointMiddleware[0]
      Executing endpoint 'AuctionNest.API.Controllers.AuthController.Login (AuctionNest.API)'
info: Microsoft.AspNetCore.Mvc.Infrastructure.ControllerActionInvoker[102]
      Route matched with {action = "Login", controller = "Auth"}. Executing controller action with signature System.Threading.Tasks.Task`1[Microsoft.AspNetCore.Mvc.IActionResult] Login(AuctionNest.Application.Features.Auth.Commands.Login.LoginCommand, System.Threading.CancellationToken) on controller AuctionNest.API.Controllers.AuthController (AuctionNest.API).
info: Microsoft.EntityFrameworkCore.Database.Command[20101]
      Executed DbCommand (2ms) [Parameters=[@__ToLower_0='?'], CommandType='Text', CommandTimeout='30']
      SELECT u.id, u.created_at, u.deleted_at, u.display_name, u.email, u.is_verified, u.password_hash, u.role, u.updated_at, u.username
      FROM users AS u
      WHERE u.deleted_at IS NULL AND u.email = @__ToLower_0
      LIMIT 1
info: Microsoft.EntityFrameworkCore.Database.Command[20101]
      Executed DbCommand (3ms) [Parameters=[@p0='?' (DbType = Guid), @p1='?' (DbType = DateTime), @p2='?' (DbType = DateTime), @p3='?', @p4='?', @p5='?' (DbType = Boolean), @p6='?', @p7='?', @p8='?' (DbType = DateTime), @p9='?'], CommandType='Text', CommandTimeout='30']
      INSERT INTO users (id, created_at, deleted_at, display_name, email, is_verified, password_hash, role, updated_at, username)
      VALUES (@p0, @p1, @p2, @p3, @p4, @p5, @p6, @p7, @p8, @p9);
info: Microsoft.AspNetCore.Mvc.Infrastructure.ObjectResultExecutor[1]
      Executing OkObjectResult, writing value of type 'AuctionNest.Application.Features.Auth.Common.AuthResponse'.
info: Microsoft.AspNetCore.Mvc.Infrastructure.ControllerActionInvoker[105]
      Executed action AuctionNest.API.Controllers.AuthController.Register (AuctionNest.API) in 1006.5654ms
info: Microsoft.AspNetCore.Routing.EndpointMiddleware[1]
      Executed endpoint 'AuctionNest.API.Controllers.AuthController.Register (AuctionNest.API)'
info: Microsoft.AspNetCore.Hosting.Diagnostics[2]
      Request finished HTTP/1.1 POST http://localhost/api/auth/register - 200 - application/json;+charset=utf-8 1008.2248ms
info: Microsoft.AspNetCore.Hosting.Diagnostics[1]
      Request starting HTTP/1.1 POST http://localhost/api/auctions - application/json;+charset=utf-8 286
info: Microsoft.AspNetCore.Routing.EndpointMiddleware[0]
      Executing endpoint 'AuctionNest.API.Controllers.AuctionsController.Create (AuctionNest.API)'
info: Microsoft.AspNetCore.Mvc.Infrastructure.ControllerActionInvoker[102]
      Route matched with {action = "Create", controller = "Auctions"}. Executing controller action with signature System.Threading.Tasks.Task`1[Microsoft.AspNetCore.Mvc.IActionResult] Create(AuctionNest.Application.Features.Auctions.Commands.CreateAuction.CreateAuctionCommand, System.Threading.CancellationToken) on controller AuctionNest.API.Controllers.AuctionsController (AuctionNest.API).
info: Microsoft.EntityFrameworkCore.Database.Command[20101]
      Executed DbCommand (3ms) [Parameters=[@__id_0='?' (DbType = Guid)], CommandType='Text', CommandTimeout='30']
      SELECT EXISTS (
          SELECT 1
          FROM categories AS c
          WHERE c.deleted_at IS NULL AND c.id = @__id_0)
info: Microsoft.EntityFrameworkCore.Database.Command[20101]
      Executed DbCommand (3ms) [Parameters=[@__get_Item_0='?' (DbType = Guid)], CommandType='Text', CommandTimeout='30']
      SELECT u.id, u.created_at, u.deleted_at, u.display_name, u.email, u.is_verified, u.password_hash, u.role, u.updated_at, u.username
      FROM users AS u
      WHERE u.deleted_at IS NULL AND u.id = @__get_Item_0
      LIMIT 1
info: Microsoft.EntityFrameworkCore.Database.Command[20101]
      Executed DbCommand (4ms) [Parameters=[@__get_Item_0='?' (DbType = Guid)], CommandType='Text', CommandTimeout='30']
      SELECT c.id, c.created_at, c.deleted_at, c.description, c.name, c.slug, c.updated_at
      FROM categories AS c
      WHERE c.deleted_at IS NULL AND c.id = @__get_Item_0
      LIMIT 1
info: Microsoft.EntityFrameworkCore.Database.Command[20101]
      Executed DbCommand (8ms) [Parameters=[@p0='?' (DbType = Guid), @p1='?' (DbType = Decimal), @p2='?' (DbType = Guid), @p3='?' (DbType = DateTime), @p4='?' (DbType = Decimal), @p5='?', @p6='?' (DbType = DateTime), @p7='?' (DbType = Int32), @p8='?', @p9='?' (DbType = Decimal), @p10='?' (DbType = Decimal), @p11='?' (DbType = Guid), @p12='?' (DbType = Decimal), @p13='?' (DbType = DateTime), @p14='?', @p15='?', @p16='?' (DbType = DateTime)], CommandType='Text', CommandTimeout='30']
      INSERT INTO auctions (id, buy_it_now_price, category_id, created_at, current_price, description, ends_at, extension_count, image_url, min_bid_increment, reserve_price, seller_id, start_price, starts_at, status, title, updated_at)
      VALUES (@p0, @p1, @p2, @p3, @p4, @p5, @p6, @p7, @p8, @p9, @p10, @p11, @p12, @p13, @p14, @p15, @p16);
info: Microsoft.AspNetCore.Mvc.Infrastructure.ObjectResultExecutor[1]
      Executing OkObjectResult, writing value of type 'AuctionNest.Application.Features.Auctions.Common.AuctionDto'.
info: Microsoft.AspNetCore.Mvc.Infrastructure.ControllerActionInvoker[105]
      Executed action AuctionNest.API.Controllers.AuctionsController.Create (AuctionNest.API) in 409.2811ms
info: Microsoft.AspNetCore.Routing.EndpointMiddleware[1]
      Executed endpoint 'AuctionNest.API.Controllers.AuctionsController.Create (AuctionNest.API)'
info: Microsoft.AspNetCore.Hosting.Diagnostics[2]
      Request finished HTTP/1.1 POST http://localhost/api/auctions - 200 - application/json;+charset=utf-8 412.2217ms
info: Microsoft.AspNetCore.Hosting.Diagnostics[1]
      Request starting HTTP/1.1 POST http://localhost/api/auth/register - application/json;+charset=utf-8 114
info: Microsoft.AspNetCore.Routing.EndpointMiddleware[0]
      Executing endpoint 'AuctionNest.API.Controllers.AuthController.Register (AuctionNest.API)'
info: Microsoft.AspNetCore.Mvc.Infrastructure.ControllerActionInvoker[102]
      Route matched with {action = "Register", controller = "Auth"}. Executing controller action with signature System.Threading.Tasks.Task`1[Microsoft.AspNetCore.Mvc.IActionResult] Register(AuctionNest.Application.Features.Auth.Commands.Register.RegisterUserCommand, System.Threading.CancellationToken) on controller AuctionNest.API.Controllers.AuthController (AuctionNest.API).
info: Microsoft.EntityFrameworkCore.Database.Command[20101]
      Executed DbCommand (7ms) [Parameters=[@__ToLower_0='?'], CommandType='Text', CommandTimeout='30']
      SELECT EXISTS (
          SELECT 1
          FROM users AS u
          WHERE u.deleted_at IS NULL AND u.email = @__ToLower_0)
info: Microsoft.EntityFrameworkCore.Database.Command[20101]
      Executed DbCommand (5ms) [Parameters=[@__ToLower_0='?'], CommandType='Text', CommandTimeout='30']
      SELECT EXISTS (
          SELECT 1
          FROM users AS u
          WHERE u.deleted_at IS NULL AND u.username = @__ToLower_0)
  Passed AuctionNest.IntegrationTests.Auctions.AuctionsControllerTests.CreateAuction_WithValidData_ReturnsCreatedAuction [1 s]
info: Microsoft.AspNetCore.Mvc.Infrastructure.ObjectResultExecutor[1]
      Executing OkObjectResult, writing value of type 'AuctionNest.Application.Features.Auth.Common.AuthResponse'.
info: Microsoft.AspNetCore.Mvc.Infrastructure.ControllerActionInvoker[105]
      Executed action AuctionNest.API.Controllers.AuthController.Login (AuctionNest.API) in 952.5859ms
info: Microsoft.AspNetCore.Routing.EndpointMiddleware[1]
      Executed endpoint 'AuctionNest.API.Controllers.AuthController.Login (AuctionNest.API)'
info: Microsoft.AspNetCore.Hosting.Diagnostics[2]
      Request finished HTTP/1.1 POST http://localhost/api/auth/login - 200 - application/json;+charset=utf-8 953.1173ms
info: Microsoft.AspNetCore.Hosting.Diagnostics[1]
      Request starting HTTP/1.1 POST http://localhost/api/auth/register - application/json;+charset=utf-8 104
info: Microsoft.AspNetCore.Routing.EndpointMiddleware[0]
      Executing endpoint 'AuctionNest.API.Controllers.AuthController.Register (AuctionNest.API)'
info: Microsoft.AspNetCore.Mvc.Infrastructure.ControllerActionInvoker[102]
      Route matched with {action = "Register", controller = "Auth"}. Executing controller action with signature System.Threading.Tasks.Task`1[Microsoft.AspNetCore.Mvc.IActionResult] Register(AuctionNest.Application.Features.Auth.Commands.Register.RegisterUserCommand, System.Threading.CancellationToken) on controller AuctionNest.API.Controllers.AuthController (AuctionNest.API).
info: Microsoft.AspNetCore.Mvc.Infrastructure.ControllerActionInvoker[105]
      Executed action AuctionNest.API.Controllers.AuthController.Register (AuctionNest.API) in 10.6626ms
info: Microsoft.AspNetCore.Routing.EndpointMiddleware[1]
      Executed endpoint 'AuctionNest.API.Controllers.AuthController.Register (AuctionNest.API)'
info: Microsoft.AspNetCore.Hosting.Diagnostics[2]
      Request finished HTTP/1.1 POST http://localhost/api/auth/register - 422 - application/json 15.8737ms
info: Microsoft.AspNetCore.Hosting.Diagnostics[1]
      Request starting HTTP/1.1 POST http://localhost/api/auth/register - application/json;+charset=utf-8 114
info: Microsoft.AspNetCore.Routing.EndpointMiddleware[0]
      Executing endpoint 'AuctionNest.API.Controllers.AuthController.Register (AuctionNest.API)'
info: Microsoft.AspNetCore.Mvc.Infrastructure.ControllerActionInvoker[102]
      Route matched with {action = "Register", controller = "Auth"}. Executing controller action with signature System.Threading.Tasks.Task`1[Microsoft.AspNetCore.Mvc.IActionResult] Register(AuctionNest.Application.Features.Auth.Commands.Register.RegisterUserCommand, System.Threading.CancellationToken) on controller AuctionNest.API.Controllers.AuthController (AuctionNest.API).
info: Microsoft.EntityFrameworkCore.Database.Command[20101]
      Executed DbCommand (2ms) [Parameters=[@__ToLower_0='?'], CommandType='Text', CommandTimeout='30']
      SELECT EXISTS (
          SELECT 1
          FROM users AS u
          WHERE u.deleted_at IS NULL AND u.email = @__ToLower_0)
info: Microsoft.EntityFrameworkCore.Database.Command[20101]
      Executed DbCommand (2ms) [Parameters=[@__ToLower_0='?'], CommandType='Text', CommandTimeout='30']
      SELECT EXISTS (
          SELECT 1
          FROM users AS u
          WHERE u.deleted_at IS NULL AND u.username = @__ToLower_0)
info: Microsoft.EntityFrameworkCore.Database.Command[20101]
      Executed DbCommand (4ms) [Parameters=[@p0='?' (DbType = Guid), @p1='?' (DbType = DateTime), @p2='?' (DbType = DateTime), @p3='?', @p4='?', @p5='?' (DbType = Boolean), @p6='?', @p7='?', @p8='?' (DbType = DateTime), @p9='?'], CommandType='Text', CommandTimeout='30']
      INSERT INTO users (id, created_at, deleted_at, display_name, email, is_verified, password_hash, role, updated_at, username)
      VALUES (@p0, @p1, @p2, @p3, @p4, @p5, @p6, @p7, @p8, @p9);
info: Microsoft.AspNetCore.Mvc.Infrastructure.ObjectResultExecutor[1]
      Executing OkObjectResult, writing value of type 'AuctionNest.Application.Features.Auth.Common.AuthResponse'.
info: Microsoft.AspNetCore.Mvc.Infrastructure.ControllerActionInvoker[105]
      Executed action AuctionNest.API.Controllers.AuthController.Register (AuctionNest.API) in 1018.4037ms
info: Microsoft.AspNetCore.Routing.EndpointMiddleware[1]
      Executed endpoint 'AuctionNest.API.Controllers.AuthController.Register (AuctionNest.API)'
info: Microsoft.AspNetCore.Hosting.Diagnostics[2]
      Request finished HTTP/1.1 POST http://localhost/api/auth/register - 200 - application/json;+charset=utf-8 1018.9452ms
info: Microsoft.AspNetCore.Hosting.Diagnostics[1]
      Request starting HTTP/1.1 POST http://localhost/api/auctions - application/json;+charset=utf-8 217
info: Microsoft.AspNetCore.Routing.EndpointMiddleware[0]
      Executing endpoint 'AuctionNest.API.Controllers.AuctionsController.Create (AuctionNest.API)'
info: Microsoft.AspNetCore.Mvc.Infrastructure.ControllerActionInvoker[102]
      Route matched with {action = "Create", controller = "Auctions"}. Executing controller action with signature System.Threading.Tasks.Task`1[Microsoft.AspNetCore.Mvc.IActionResult] Create(AuctionNest.Application.Features.Auctions.Commands.CreateAuction.CreateAuctionCommand, System.Threading.CancellationToken) on controller AuctionNest.API.Controllers.AuctionsController (AuctionNest.API).
info: Microsoft.AspNetCore.Mvc.Infrastructure.ControllerActionInvoker[105]
      Executed action AuctionNest.API.Controllers.AuctionsController.Create (AuctionNest.API) in 5.1857ms
info: Microsoft.AspNetCore.Routing.EndpointMiddleware[1]
      Executed endpoint 'AuctionNest.API.Controllers.AuctionsController.Create (AuctionNest.API)'
info: Microsoft.AspNetCore.Hosting.Diagnostics[2]
      Request finished HTTP/1.1 POST http://localhost/api/auctions - 422 - application/json 6.8909ms
info: Microsoft.AspNetCore.Hosting.Diagnostics[1]
      Request starting HTTP/1.1 GET http://localhost/api/auctions - - -
info: Microsoft.AspNetCore.Routing.EndpointMiddleware[0]
      Executing endpoint 'AuctionNest.API.Controllers.AuctionsController.GetAuctions (AuctionNest.API)'
info: Microsoft.AspNetCore.Mvc.Infrastructure.ControllerActionInvoker[102]
      Route matched with {action = "GetAuctions", controller = "Auctions"}. Executing controller action with signature System.Threading.Tasks.Task`1[Microsoft.AspNetCore.Mvc.IActionResult] GetAuctions(System.String, System.Nullable`1[System.Guid], System.Nullable`1[AuctionNest.Domain.Enums.AuctionStatus], System.Nullable`1[System.Decimal], System.Nullable`1[System.Decimal], Int32, Int32, System.String, Boolean, System.Threading.CancellationToken) on controller AuctionNest.API.Controllers.AuctionsController (AuctionNest.API).
info: Microsoft.EntityFrameworkCore.Database.Command[20101]
      Executed DbCommand (4ms) [Parameters=[], CommandType='Text', CommandTimeout='30']
      SELECT count(*)::int
      FROM auctions AS a
info: Microsoft.EntityFrameworkCore.Database.Command[20101]
      Executed DbCommand (9ms) [Parameters=[@__p_1='?' (DbType = Int32), @__p_0='?' (DbType = Int32)], CommandType='Text', CommandTimeout='30']
      SELECT t.id, t.buy_it_now_price, t.category_id, t.created_at, t.current_price, t.description, t.ends_at, t.extension_count, t.image_url, t.min_bid_increment, t.reserve_price, t.seller_id, t.start_price, t.starts_at, t.status, t.title, t.updated_at, t0.id, t0.created_at, t0.deleted_at, t0.display_name, t0.email, t0.is_verified, t0.password_hash, t0.role, t0.updated_at, t0.username, t1.id, t1.created_at, t1.deleted_at, t1.description, t1.name, t1.slug, t1.updated_at
      FROM (
          SELECT a.id, a.buy_it_now_price, a.category_id, a.created_at, a.current_price, a.description, a.ends_at, a.extension_count, a.image_url, a.min_bid_increment, a.reserve_price, a.seller_id, a.start_price, a.starts_at, a.status, a.title, a.updated_at
          FROM auctions AS a
          ORDER BY a.ends_at
          LIMIT @__p_1 OFFSET @__p_0
      ) AS t
      INNER JOIN (
          SELECT u.id, u.created_at, u.deleted_at, u.display_name, u.email, u.is_verified, u.password_hash, u.role, u.updated_at, u.username
          FROM users AS u
          WHERE u.deleted_at IS NULL
      ) AS t0 ON t.seller_id = t0.id
      INNER JOIN (
          SELECT c.id, c.created_at, c.deleted_at, c.description, c.name, c.slug, c.updated_at
          FROM categories AS c
          WHERE c.deleted_at IS NULL
      ) AS t1 ON t.category_id = t1.id
      ORDER BY t.ends_at
info: Microsoft.AspNetCore.Mvc.Infrastructure.ObjectResultExecutor[1]
      Executing OkObjectResult, writing value of type 'AuctionNest.Application.Common.Models.PagedResponse`1[[AuctionNest.Application.Features.Auctions.Common.AuctionDto, AuctionNest.Application, Version=1.0.0.0, Culture=neutral, PublicKeyToken=null]]'.
info: Microsoft.AspNetCore.Mvc.Infrastructure.ControllerActionInvoker[105]
      Executed action AuctionNest.API.Controllers.AuctionsController.GetAuctions (AuctionNest.API) in 150.1072ms
info: Microsoft.AspNetCore.Routing.EndpointMiddleware[1]
      Executed endpoint 'AuctionNest.API.Controllers.AuctionsController.GetAuctions (AuctionNest.API)'
info: Microsoft.AspNetCore.Hosting.Diagnostics[2]
      Request finished HTTP/1.1 GET http://localhost/api/auctions - 200 - application/json;+charset=utf-8 181.0380ms
info: Microsoft.AspNetCore.Hosting.Diagnostics[1]
      Request starting HTTP/1.1 POST http://localhost/api/auth/register - application/json;+charset=utf-8 114
info: Microsoft.AspNetCore.Routing.EndpointMiddleware[0]
      Executing endpoint 'AuctionNest.API.Controllers.AuthController.Register (AuctionNest.API)'
info: Microsoft.AspNetCore.Mvc.Infrastructure.ControllerActionInvoker[102]
      Route matched with {action = "Register", controller = "Auth"}. Executing controller action with signature System.Threading.Tasks.Task`1[Microsoft.AspNetCore.Mvc.IActionResult] Register(AuctionNest.Application.Features.Auth.Commands.Register.RegisterUserCommand, System.Threading.CancellationToken) on controller AuctionNest.API.Controllers.AuthController (AuctionNest.API).
info: Microsoft.EntityFrameworkCore.Database.Command[20101]
      Executed DbCommand (6ms) [Parameters=[@__ToLower_0='?'], CommandType='Text', CommandTimeout='30']
      SELECT EXISTS (
          SELECT 1
          FROM users AS u
          WHERE u.deleted_at IS NULL AND u.email = @__ToLower_0)
info: Microsoft.EntityFrameworkCore.Database.Command[20101]
      Executed DbCommand (5ms) [Parameters=[@__ToLower_0='?'], CommandType='Text', CommandTimeout='30']
      SELECT EXISTS (
          SELECT 1
          FROM users AS u
          WHERE u.deleted_at IS NULL AND u.username = @__ToLower_0)
info: Microsoft.EntityFrameworkCore.Database.Command[20101]
      Executed DbCommand (2ms) [Parameters=[@p0='?' (DbType = Guid), @p1='?' (DbType = DateTime), @p2='?' (DbType = DateTime), @p3='?', @p4='?', @p5='?' (DbType = Boolean), @p6='?', @p7='?', @p8='?' (DbType = DateTime), @p9='?'], CommandType='Text', CommandTimeout='30']
      INSERT INTO users (id, created_at, deleted_at, display_name, email, is_verified, password_hash, role, updated_at, username)
      VALUES (@p0, @p1, @p2, @p3, @p4, @p5, @p6, @p7, @p8, @p9);
info: Microsoft.AspNetCore.Mvc.Infrastructure.ObjectResultExecutor[1]
      Executing OkObjectResult, writing value of type 'AuctionNest.Application.Features.Auth.Common.AuthResponse'.
info: Microsoft.AspNetCore.Mvc.Infrastructure.ControllerActionInvoker[105]
      Executed action AuctionNest.API.Controllers.AuthController.Register (AuctionNest.API) in 1034.0027ms
info: Microsoft.AspNetCore.Routing.EndpointMiddleware[1]
      Executed endpoint 'AuctionNest.API.Controllers.AuthController.Register (AuctionNest.API)'
info: Microsoft.AspNetCore.Hosting.Diagnostics[2]
      Request finished HTTP/1.1 POST http://localhost/api/auth/register - 200 - application/json;+charset=utf-8 1034.6699ms
info: Microsoft.AspNetCore.Hosting.Diagnostics[1]
      Request starting HTTP/1.1 POST http://localhost/api/auth/refresh - application/json;+charset=utf-8 117
info: Microsoft.AspNetCore.Routing.EndpointMiddleware[0]
      Executing endpoint 'AuctionNest.API.Controllers.AuthController.Refresh (AuctionNest.API)'
info: Microsoft.AspNetCore.Mvc.Infrastructure.ControllerActionInvoker[102]
      Route matched with {action = "Refresh", controller = "Auth"}. Executing controller action with signature System.Threading.Tasks.Task`1[Microsoft.AspNetCore.Mvc.IActionResult] Refresh(AuctionNest.Application.Features.Auth.Commands.RefreshToken.RefreshTokenCommand, System.Threading.CancellationToken) on controller AuctionNest.API.Controllers.AuthController (AuctionNest.API).
info: Microsoft.EntityFrameworkCore.Database.Command[20101]
      Executed DbCommand (2ms) [Parameters=[@__get_Item_0='?' (DbType = Guid)], CommandType='Text', CommandTimeout='30']
      SELECT u.id, u.created_at, u.deleted_at, u.display_name, u.email, u.is_verified, u.password_hash, u.role, u.updated_at, u.username
      FROM users AS u
      WHERE u.deleted_at IS NULL AND u.id = @__get_Item_0
      LIMIT 1
info: Microsoft.AspNetCore.Mvc.Infrastructure.ObjectResultExecutor[1]
      Executing OkObjectResult, writing value of type 'AuctionNest.Application.Features.Auth.Common.AuthResponse'.
info: Microsoft.AspNetCore.Mvc.Infrastructure.ControllerActionInvoker[105]
      Executed action AuctionNest.API.Controllers.AuthController.Refresh (AuctionNest.API) in 44.6897ms
info: Microsoft.AspNetCore.Routing.EndpointMiddleware[1]
      Executed endpoint 'AuctionNest.API.Controllers.AuthController.Refresh (AuctionNest.API)'
info: Microsoft.AspNetCore.Hosting.Diagnostics[2]
      Request finished HTTP/1.1 POST http://localhost/api/auth/refresh - 200 - application/json;+charset=utf-8 48.0582ms
info: Microsoft.AspNetCore.Hosting.Diagnostics[1]
      Request starting HTTP/1.1 POST http://localhost/api/auth/register - application/json;+charset=utf-8 110
info: Microsoft.AspNetCore.Routing.EndpointMiddleware[0]
      Executing endpoint 'AuctionNest.API.Controllers.AuthController.Register (AuctionNest.API)'
info: Microsoft.AspNetCore.Mvc.Infrastructure.ControllerActionInvoker[102]
      Route matched with {action = "Register", controller = "Auth"}. Executing controller action with signature System.Threading.Tasks.Task`1[Microsoft.AspNetCore.Mvc.IActionResult] Register(AuctionNest.Application.Features.Auth.Commands.Register.RegisterUserCommand, System.Threading.CancellationToken) on controller AuctionNest.API.Controllers.AuthController (AuctionNest.API).
info: Microsoft.EntityFrameworkCore.Database.Command[20101]
      Executed DbCommand (2ms) [Parameters=[@__p_0='?' (DbType = Int32)], CommandType='Text', CommandTimeout='30']
      SELECT o.id, o.created_at, o.error, o.event_type, o.payload, o.processed_at, o.retry_count, o.updated_at
      FROM outbox_messages AS o
      WHERE o.processed_at IS NULL AND o.retry_count < 3
      ORDER BY o.created_at
      LIMIT @__p_0
info: Microsoft.EntityFrameworkCore.Database.Command[20101]
      Executed DbCommand (6ms) [Parameters=[@__p_0='?' (DbType = Int32)], CommandType='Text', CommandTimeout='30']
      SELECT o.id, o.created_at, o.error, o.event_type, o.payload, o.processed_at, o.retry_count, o.updated_at
      FROM outbox_messages AS o
      WHERE o.processed_at IS NULL AND o.retry_count < 3
      ORDER BY o.created_at
      LIMIT @__p_0
info: Microsoft.EntityFrameworkCore.Database.Command[20101]
      Executed DbCommand (3ms) [Parameters=[@__ToLower_0='?'], CommandType='Text', CommandTimeout='30']
      SELECT EXISTS (
          SELECT 1
          FROM users AS u
          WHERE u.deleted_at IS NULL AND u.email = @__ToLower_0)
info: Microsoft.EntityFrameworkCore.Database.Command[20101]
      Executed DbCommand (4ms) [Parameters=[@__ToLower_0='?'], CommandType='Text', CommandTimeout='30']
      SELECT EXISTS (
          SELECT 1
          FROM users AS u
          WHERE u.deleted_at IS NULL AND u.username = @__ToLower_0)
  Passed AuctionNest.IntegrationTests.Auth.AuthControllerTests.Login_WithValidCredentials_ReturnsOkWithTokens [3 s]
  Passed AuctionNest.IntegrationTests.Auth.AuthControllerTests.Register_WithShortPassword_ReturnsUnprocessableEntity [17 ms]
  Passed AuctionNest.IntegrationTests.Auctions.AuctionsControllerTests.CreateAuction_WithStartInPast_Returns422 [1 s]
  Passed AuctionNest.IntegrationTests.Auctions.AuctionsControllerTests.GetAuctions_WithNoFilters_ReturnsPagedResult [199 ms]
  Passed AuctionNest.IntegrationTests.Auth.AuthControllerTests.RefreshToken_WithValidToken_ReturnsNewTokenPair [1 s]
info: Microsoft.EntityFrameworkCore.Database.Command[20101]
      Executed DbCommand (4ms) [Parameters=[@p0='?' (DbType = Guid), @p1='?' (DbType = DateTime), @p2='?' (DbType = DateTime), @p3='?', @p4='?', @p5='?' (DbType = Boolean), @p6='?', @p7='?', @p8='?' (DbType = DateTime), @p9='?'], CommandType='Text', CommandTimeout='30']
      INSERT INTO users (id, created_at, deleted_at, display_name, email, is_verified, password_hash, role, updated_at, username)
      VALUES (@p0, @p1, @p2, @p3, @p4, @p5, @p6, @p7, @p8, @p9);
info: Microsoft.AspNetCore.Mvc.Infrastructure.ObjectResultExecutor[1]
      Executing OkObjectResult, writing value of type 'AuctionNest.Application.Features.Auth.Common.AuthResponse'.
info: Microsoft.AspNetCore.Mvc.Infrastructure.ControllerActionInvoker[105]
      Executed action AuctionNest.API.Controllers.AuthController.Register (AuctionNest.API) in 982.797ms
info: Microsoft.AspNetCore.Routing.EndpointMiddleware[1]
      Executed endpoint 'AuctionNest.API.Controllers.AuthController.Register (AuctionNest.API)'
info: Microsoft.AspNetCore.Hosting.Diagnostics[2]
      Request finished HTTP/1.1 POST http://localhost/api/auth/register - 200 - application/json;+charset=utf-8 983.3918ms
info: Microsoft.AspNetCore.Hosting.Diagnostics[1]
      Request starting HTTP/1.1 POST http://localhost/api/auctions - application/json;+charset=utf-8 325
info: Microsoft.AspNetCore.Routing.EndpointMiddleware[0]
      Executing endpoint 'AuctionNest.API.Controllers.AuctionsController.Create (AuctionNest.API)'
info: Microsoft.AspNetCore.Mvc.Infrastructure.ControllerActionInvoker[102]
      Route matched with {action = "Create", controller = "Auctions"}. Executing controller action with signature System.Threading.Tasks.Task`1[Microsoft.AspNetCore.Mvc.IActionResult] Create(AuctionNest.Application.Features.Auctions.Commands.CreateAuction.CreateAuctionCommand, System.Threading.CancellationToken) on controller AuctionNest.API.Controllers.AuctionsController (AuctionNest.API).
info: Microsoft.EntityFrameworkCore.Database.Command[20101]
      Executed DbCommand (4ms) [Parameters=[@__id_0='?' (DbType = Guid)], CommandType='Text', CommandTimeout='30']
      SELECT EXISTS (
          SELECT 1
          FROM categories AS c
          WHERE c.deleted_at IS NULL AND c.id = @__id_0)
info: Microsoft.EntityFrameworkCore.Database.Command[20101]
      Executed DbCommand (5ms) [Parameters=[@__get_Item_0='?' (DbType = Guid)], CommandType='Text', CommandTimeout='30']
      SELECT u.id, u.created_at, u.deleted_at, u.display_name, u.email, u.is_verified, u.password_hash, u.role, u.updated_at, u.username
      FROM users AS u
      WHERE u.deleted_at IS NULL AND u.id = @__get_Item_0
      LIMIT 1
info: Microsoft.EntityFrameworkCore.Database.Command[20101]
      Executed DbCommand (3ms) [Parameters=[@__get_Item_0='?' (DbType = Guid)], CommandType='Text', CommandTimeout='30']
      SELECT c.id, c.created_at, c.deleted_at, c.description, c.name, c.slug, c.updated_at
      FROM categories AS c
      WHERE c.deleted_at IS NULL AND c.id = @__get_Item_0
      LIMIT 1
info: Microsoft.EntityFrameworkCore.Database.Command[20101]
      Executed DbCommand (6ms) [Parameters=[@p0='?' (DbType = Guid), @p1='?' (DbType = Decimal), @p2='?' (DbType = Guid), @p3='?' (DbType = DateTime), @p4='?' (DbType = Decimal), @p5='?', @p6='?' (DbType = DateTime), @p7='?' (DbType = Int32), @p8='?', @p9='?' (DbType = Decimal), @p10='?' (DbType = Decimal), @p11='?' (DbType = Guid), @p12='?' (DbType = Decimal), @p13='?' (DbType = DateTime), @p14='?', @p15='?', @p16='?' (DbType = DateTime)], CommandType='Text', CommandTimeout='30']
      INSERT INTO auctions (id, buy_it_now_price, category_id, created_at, current_price, description, ends_at, extension_count, image_url, min_bid_increment, reserve_price, seller_id, start_price, starts_at, status, title, updated_at)
      VALUES (@p0, @p1, @p2, @p3, @p4, @p5, @p6, @p7, @p8, @p9, @p10, @p11, @p12, @p13, @p14, @p15, @p16);
info: Microsoft.AspNetCore.Mvc.Infrastructure.ObjectResultExecutor[1]
      Executing OkObjectResult, writing value of type 'AuctionNest.Application.Features.Auctions.Common.AuctionDto'.
info: Microsoft.AspNetCore.Mvc.Infrastructure.ControllerActionInvoker[105]
      Executed action AuctionNest.API.Controllers.AuctionsController.Create (AuctionNest.API) in 58.1007ms
info: Microsoft.AspNetCore.Routing.EndpointMiddleware[1]
      Executed endpoint 'AuctionNest.API.Controllers.AuctionsController.Create (AuctionNest.API)'
info: Microsoft.AspNetCore.Hosting.Diagnostics[2]
      Request finished HTTP/1.1 POST http://localhost/api/auctions - 200 - application/json;+charset=utf-8 58.8341ms
info: Microsoft.AspNetCore.Hosting.Diagnostics[1]
      Request starting HTTP/1.1 POST http://localhost/api/auctions/01e88221-8a0a-4da1-92f0-0494d0bd0dc1/bids - application/json;+charset=utf-8 14
info: Microsoft.AspNetCore.Routing.EndpointMiddleware[0]
      Executing endpoint 'AuctionNest.API.Controllers.AuctionsController.PlaceBid (AuctionNest.API)'
info: Microsoft.EntityFrameworkCore.Database.Command[20101]
      Executed DbCommand (2ms) [Parameters=[@p0='?' (DbType = Guid), @p1='?' (DbType = DateTime), @p2='?' (DbType = DateTime), @p3='?', @p4='?', @p5='?' (DbType = Boolean), @p6='?', @p7='?', @p8='?' (DbType = DateTime), @p9='?'], CommandType='Text', CommandTimeout='30']
      INSERT INTO users (id, created_at, deleted_at, display_name, email, is_verified, password_hash, role, updated_at, username)
      VALUES (@p0, @p1, @p2, @p3, @p4, @p5, @p6, @p7, @p8, @p9);
info: Microsoft.AspNetCore.Mvc.Infrastructure.ControllerActionInvoker[102]
      Route matched with {action = "PlaceBid", controller = "Auctions"}. Executing controller action with signature System.Threading.Tasks.Task`1[Microsoft.AspNetCore.Mvc.IActionResult] PlaceBid(System.Guid, AuctionNest.API.Controllers.PlaceBidRequest, System.String, System.Threading.CancellationToken) on controller AuctionNest.API.Controllers.AuctionsController (AuctionNest.API).
info: Microsoft.AspNetCore.Mvc.Infrastructure.ObjectResultExecutor[1]
      Executing OkObjectResult, writing value of type 'AuctionNest.Application.Features.Auth.Common.AuthResponse'.
info: Microsoft.AspNetCore.Mvc.Infrastructure.ControllerActionInvoker[105]
      Executed action AuctionNest.API.Controllers.AuthController.Register (AuctionNest.API) in 947.1151ms
info: Microsoft.AspNetCore.Routing.EndpointMiddleware[1]
      Executed endpoint 'AuctionNest.API.Controllers.AuthController.Register (AuctionNest.API)'
info: Microsoft.AspNetCore.Hosting.Diagnostics[2]
      Request finished HTTP/1.1 POST http://localhost/api/auth/register - 200 - application/json;+charset=utf-8 947.6259ms
info: Microsoft.AspNetCore.Hosting.Diagnostics[1]
      Request starting HTTP/1.1 POST http://localhost/api/auth/register - application/json;+charset=utf-8 112
info: Microsoft.AspNetCore.Routing.EndpointMiddleware[0]
      Executing endpoint 'AuctionNest.API.Controllers.AuthController.Register (AuctionNest.API)'
info: Microsoft.AspNetCore.Mvc.Infrastructure.ControllerActionInvoker[102]
      Route matched with {action = "Register", controller = "Auth"}. Executing controller action with signature System.Threading.Tasks.Task`1[Microsoft.AspNetCore.Mvc.IActionResult] Register(AuctionNest.Application.Features.Auth.Commands.Register.RegisterUserCommand, System.Threading.CancellationToken) on controller AuctionNest.API.Controllers.AuthController (AuctionNest.API).
info: Microsoft.EntityFrameworkCore.Database.Command[20101]
      Executed DbCommand (2ms) [Parameters=[@__ToLower_0='?'], CommandType='Text', CommandTimeout='30']
      SELECT EXISTS (
          SELECT 1
          FROM users AS u
          WHERE u.deleted_at IS NULL AND u.email = @__ToLower_0)
info: Microsoft.EntityFrameworkCore.Database.Command[20101]
      Executed DbCommand (1ms) [Parameters=[@__ToLower_0='?'], CommandType='Text', CommandTimeout='30']
      SELECT EXISTS (
          SELECT 1
          FROM users AS u
          WHERE u.deleted_at IS NULL AND u.username = @__ToLower_0)
info: Microsoft.AspNetCore.Mvc.Infrastructure.ObjectResultExecutor[1]
      Executing ConflictObjectResult, writing value of type '<>f__AnonymousType5`4[[System.String, System.Private.CoreLib, Version=8.0.0.0, Culture=neutral, PublicKeyToken=7cec85d7bea7798e],[System.String, System.Private.CoreLib, Version=8.0.0.0, Culture=neutral, PublicKeyToken=7cec85d7bea7798e],[System.String, System.Private.CoreLib, Version=8.0.0.0, Culture=neutral, PublicKeyToken=7cec85d7bea7798e],[System.Int32, System.Private.CoreLib, Version=8.0.0.0, Culture=neutral, PublicKeyToken=7cec85d7bea7798e]]'.
info: Microsoft.AspNetCore.Mvc.Infrastructure.ControllerActionInvoker[105]
      Executed action AuctionNest.API.Controllers.AuthController.Register (AuctionNest.API) in 9.8764ms
info: Microsoft.AspNetCore.Routing.EndpointMiddleware[1]
      Executed endpoint 'AuctionNest.API.Controllers.AuthController.Register (AuctionNest.API)'
info: Microsoft.AspNetCore.Hosting.Diagnostics[2]
      Request finished HTTP/1.1 POST http://localhost/api/auth/register - 409 - application/json;+charset=utf-8 10.2537ms
info: Microsoft.AspNetCore.Hosting.Diagnostics[1]
      Request starting HTTP/1.1 POST http://localhost/api/auth/register - application/json;+charset=utf-8 107
info: Microsoft.AspNetCore.Routing.EndpointMiddleware[0]
      Executing endpoint 'AuctionNest.API.Controllers.AuthController.Register (AuctionNest.API)'
info: Microsoft.AspNetCore.Mvc.Infrastructure.ControllerActionInvoker[102]
      Route matched with {action = "Register", controller = "Auth"}. Executing controller action with signature System.Threading.Tasks.Task`1[Microsoft.AspNetCore.Mvc.IActionResult] Register(AuctionNest.Application.Features.Auth.Commands.Register.RegisterUserCommand, System.Threading.CancellationToken) on controller AuctionNest.API.Controllers.AuthController (AuctionNest.API).
info: Microsoft.EntityFrameworkCore.Database.Command[20101]
      Executed DbCommand (1ms) [Parameters=[@__ToLower_0='?'], CommandType='Text', CommandTimeout='30']
      SELECT EXISTS (
          SELECT 1
          FROM users AS u
          WHERE u.deleted_at IS NULL AND u.email = @__ToLower_0)
info: Microsoft.EntityFrameworkCore.Database.Command[20101]
      Executed DbCommand (1ms) [Parameters=[@__ToLower_0='?'], CommandType='Text', CommandTimeout='30']
      SELECT EXISTS (
          SELECT 1
          FROM users AS u
          WHERE u.deleted_at IS NULL AND u.username = @__ToLower_0)
info: Microsoft.EntityFrameworkCore.Database.Command[20101]
      Executed DbCommand (11ms) [Parameters=[@__id_0='?' (DbType = Guid)], CommandType='Text', CommandTimeout='30']
      SELECT t1.id, t1.buy_it_now_price, t1.category_id, t1.created_at, t1.current_price, t1.description, t1.ends_at, t1.extension_count, t1.image_url, t1.min_bid_increment, t1.reserve_price, t1.seller_id, t1.start_price, t1.starts_at, t1.status, t1.title, t1.updated_at, t1.id0, t1.created_at0, t1.deleted_at, t1.display_name, t1.email, t1.is_verified, t1.password_hash, t1.role, t1.updated_at0, t1.username, t1.id1, t1.created_at1, t1.deleted_at0, t1.description0, t1.name, t1.slug, t1.updated_at1, b.id, b.amount, b.auction_id, b.bidder_id, b.created_at, b.is_winning, b.updated_at
      FROM (
          SELECT a.id, a.buy_it_now_price, a.category_id, a.created_at, a.current_price, a.description, a.ends_at, a.extension_count, a.image_url, a.min_bid_increment, a.reserve_price, a.seller_id, a.start_price, a.starts_at, a.status, a.title, a.updated_at, t.id AS id0, t.created_at AS created_at0, t.deleted_at, t.display_name, t.email, t.is_verified, t.password_hash, t.role, t.updated_at AS updated_at0, t.username, t0.id AS id1, t0.created_at AS created_at1, t0.deleted_at AS deleted_at0, t0.description AS description0, t0.name, t0.slug, t0.updated_at AS updated_at1
          FROM auctions AS a
          INNER JOIN (
              SELECT u.id, u.created_at, u.deleted_at, u.display_name, u.email, u.is_verified, u.password_hash, u.role, u.updated_at, u.username
              FROM users AS u
              WHERE u.deleted_at IS NULL
          ) AS t ON a.seller_id = t.id
          INNER JOIN (
              SELECT c.id, c.created_at, c.deleted_at, c.description, c.name, c.slug, c.updated_at
              FROM categories AS c
              WHERE c.deleted_at IS NULL
          ) AS t0 ON a.category_id = t0.id
          WHERE a.id = @__id_0
          LIMIT 1
      ) AS t1
      LEFT JOIN bids AS b ON t1.id = b.auction_id
      ORDER BY t1.id, t1.id0, t1.id1
info: Microsoft.AspNetCore.Mvc.Infrastructure.ObjectResultExecutor[1]
      Executing ConflictObjectResult, writing value of type '<>f__AnonymousType5`4[[System.String, System.Private.CoreLib, Version=8.0.0.0, Culture=neutral, PublicKeyToken=7cec85d7bea7798e],[System.String, System.Private.CoreLib, Version=8.0.0.0, Culture=neutral, PublicKeyToken=7cec85d7bea7798e],[System.String, System.Private.CoreLib, Version=8.0.0.0, Culture=neutral, PublicKeyToken=7cec85d7bea7798e],[System.Int32, System.Private.CoreLib, Version=8.0.0.0, Culture=neutral, PublicKeyToken=7cec85d7bea7798e]]'.
info: Microsoft.AspNetCore.Mvc.Infrastructure.ControllerActionInvoker[105]
      Executed action AuctionNest.API.Controllers.AuctionsController.PlaceBid (AuctionNest.API) in 145.6641ms
info: Microsoft.AspNetCore.Routing.EndpointMiddleware[1]
      Executed endpoint 'AuctionNest.API.Controllers.AuctionsController.PlaceBid (AuctionNest.API)'
info: Microsoft.AspNetCore.Hosting.Diagnostics[2]
      Request finished HTTP/1.1 POST http://localhost/api/auctions/01e88221-8a0a-4da1-92f0-0494d0bd0dc1/bids - 409 - application/json;+charset=utf-8 150.5929ms
info: Microsoft.AspNetCore.Hosting.Diagnostics[1]
      Request starting HTTP/1.1 POST http://localhost/api/auth/register - application/json;+charset=utf-8 114
info: Microsoft.AspNetCore.Routing.EndpointMiddleware[0]
      Executing endpoint 'AuctionNest.API.Controllers.AuthController.Register (AuctionNest.API)'
info: Microsoft.AspNetCore.Mvc.Infrastructure.ControllerActionInvoker[102]
      Route matched with {action = "Register", controller = "Auth"}. Executing controller action with signature System.Threading.Tasks.Task`1[Microsoft.AspNetCore.Mvc.IActionResult] Register(AuctionNest.Application.Features.Auth.Commands.Register.RegisterUserCommand, System.Threading.CancellationToken) on controller AuctionNest.API.Controllers.AuthController (AuctionNest.API).
info: Microsoft.EntityFrameworkCore.Database.Command[20101]
      Executed DbCommand (3ms) [Parameters=[@__ToLower_0='?'], CommandType='Text', CommandTimeout='30']
      SELECT EXISTS (
          SELECT 1
          FROM users AS u
          WHERE u.deleted_at IS NULL AND u.email = @__ToLower_0)
info: Microsoft.EntityFrameworkCore.Database.Command[20101]
      Executed DbCommand (2ms) [Parameters=[@__ToLower_0='?'], CommandType='Text', CommandTimeout='30']
      SELECT EXISTS (
          SELECT 1
          FROM users AS u
          WHERE u.deleted_at IS NULL AND u.username = @__ToLower_0)
  Passed AuctionNest.IntegrationTests.Auth.AuthControllerTests.Register_WithDuplicateUsername_ReturnsConflict [960 ms]
  Passed AuctionNest.IntegrationTests.Auctions.AuctionsControllerTests.PlaceBid_BySeller_ReturnsForbidden [1 s]
info: Microsoft.EntityFrameworkCore.Database.Command[20101]
      Executed DbCommand (2ms) [Parameters=[@p0='?' (DbType = Guid), @p1='?' (DbType = DateTime), @p2='?' (DbType = DateTime), @p3='?', @p4='?', @p5='?' (DbType = Boolean), @p6='?', @p7='?', @p8='?' (DbType = DateTime), @p9='?'], CommandType='Text', CommandTimeout='30']
      INSERT INTO users (id, created_at, deleted_at, display_name, email, is_verified, password_hash, role, updated_at, username)
      VALUES (@p0, @p1, @p2, @p3, @p4, @p5, @p6, @p7, @p8, @p9);
info: Microsoft.AspNetCore.Mvc.Infrastructure.ObjectResultExecutor[1]
      Executing OkObjectResult, writing value of type 'AuctionNest.Application.Features.Auth.Common.AuthResponse'.
info: Microsoft.AspNetCore.Mvc.Infrastructure.ControllerActionInvoker[105]
      Executed action AuctionNest.API.Controllers.AuthController.Register (AuctionNest.API) in 837.1174ms
info: Microsoft.AspNetCore.Routing.EndpointMiddleware[1]
      Executed endpoint 'AuctionNest.API.Controllers.AuthController.Register (AuctionNest.API)'
info: Microsoft.AspNetCore.Hosting.Diagnostics[2]
      Request finished HTTP/1.1 POST http://localhost/api/auth/register - 200 - application/json;+charset=utf-8 837.8752ms
info: Microsoft.AspNetCore.Hosting.Diagnostics[1]
      Request starting HTTP/1.1 POST http://localhost/api/auth/login - application/json;+charset=utf-8 70
info: Microsoft.AspNetCore.Routing.EndpointMiddleware[0]
      Executing endpoint 'AuctionNest.API.Controllers.AuthController.Login (AuctionNest.API)'
info: Microsoft.AspNetCore.Mvc.Infrastructure.ControllerActionInvoker[102]
      Route matched with {action = "Login", controller = "Auth"}. Executing controller action with signature System.Threading.Tasks.Task`1[Microsoft.AspNetCore.Mvc.IActionResult] Login(AuctionNest.Application.Features.Auth.Commands.Login.LoginCommand, System.Threading.CancellationToken) on controller AuctionNest.API.Controllers.AuthController (AuctionNest.API).
info: Microsoft.EntityFrameworkCore.Database.Command[20101]
      Executed DbCommand (1ms) [Parameters=[@__ToLower_0='?'], CommandType='Text', CommandTimeout='30']
      SELECT u.id, u.created_at, u.deleted_at, u.display_name, u.email, u.is_verified, u.password_hash, u.role, u.updated_at, u.username
      FROM users AS u
      WHERE u.deleted_at IS NULL AND u.email = @__ToLower_0
      LIMIT 1
info: Microsoft.EntityFrameworkCore.Database.Command[20101]
      Executed DbCommand (4ms) [Parameters=[@p0='?' (DbType = Guid), @p1='?' (DbType = DateTime), @p2='?' (DbType = DateTime), @p3='?', @p4='?', @p5='?' (DbType = Boolean), @p6='?', @p7='?', @p8='?' (DbType = DateTime), @p9='?'], CommandType='Text', CommandTimeout='30']
      INSERT INTO users (id, created_at, deleted_at, display_name, email, is_verified, password_hash, role, updated_at, username)
      VALUES (@p0, @p1, @p2, @p3, @p4, @p5, @p6, @p7, @p8, @p9);
info: Microsoft.AspNetCore.Mvc.Infrastructure.ObjectResultExecutor[1]
      Executing OkObjectResult, writing value of type 'AuctionNest.Application.Features.Auth.Common.AuthResponse'.
info: Microsoft.AspNetCore.Mvc.Infrastructure.ControllerActionInvoker[105]
      Executed action AuctionNest.API.Controllers.AuthController.Register (AuctionNest.API) in 846.9298ms
info: Microsoft.AspNetCore.Routing.EndpointMiddleware[1]
      Executed endpoint 'AuctionNest.API.Controllers.AuthController.Register (AuctionNest.API)'
info: Microsoft.AspNetCore.Hosting.Diagnostics[2]
      Request finished HTTP/1.1 POST http://localhost/api/auth/register - 200 - application/json;+charset=utf-8 847.6969ms
info: Microsoft.AspNetCore.Hosting.Diagnostics[1]
      Request starting HTTP/1.1 POST http://localhost/api/auctions - application/json;+charset=utf-8 326
info: Microsoft.AspNetCore.Routing.EndpointMiddleware[0]
      Executing endpoint 'AuctionNest.API.Controllers.AuctionsController.Create (AuctionNest.API)'
info: Microsoft.AspNetCore.Mvc.Infrastructure.ControllerActionInvoker[102]
      Route matched with {action = "Create", controller = "Auctions"}. Executing controller action with signature System.Threading.Tasks.Task`1[Microsoft.AspNetCore.Mvc.IActionResult] Create(AuctionNest.Application.Features.Auctions.Commands.CreateAuction.CreateAuctionCommand, System.Threading.CancellationToken) on controller AuctionNest.API.Controllers.AuctionsController (AuctionNest.API).
info: Microsoft.EntityFrameworkCore.Database.Command[20101]
      Executed DbCommand (3ms) [Parameters=[@__id_0='?' (DbType = Guid)], CommandType='Text', CommandTimeout='30']
      SELECT EXISTS (
          SELECT 1
          FROM categories AS c
          WHERE c.deleted_at IS NULL AND c.id = @__id_0)
info: Microsoft.EntityFrameworkCore.Database.Command[20101]
      Executed DbCommand (3ms) [Parameters=[@__get_Item_0='?' (DbType = Guid)], CommandType='Text', CommandTimeout='30']
      SELECT u.id, u.created_at, u.deleted_at, u.display_name, u.email, u.is_verified, u.password_hash, u.role, u.updated_at, u.username
      FROM users AS u
      WHERE u.deleted_at IS NULL AND u.id = @__get_Item_0
      LIMIT 1
info: Microsoft.EntityFrameworkCore.Database.Command[20101]
      Executed DbCommand (3ms) [Parameters=[@__get_Item_0='?' (DbType = Guid)], CommandType='Text', CommandTimeout='30']
      SELECT c.id, c.created_at, c.deleted_at, c.description, c.name, c.slug, c.updated_at
      FROM categories AS c
      WHERE c.deleted_at IS NULL AND c.id = @__get_Item_0
      LIMIT 1
info: Microsoft.EntityFrameworkCore.Database.Command[20101]
      Executed DbCommand (7ms) [Parameters=[@p0='?' (DbType = Guid), @p1='?' (DbType = Decimal), @p2='?' (DbType = Guid), @p3='?' (DbType = DateTime), @p4='?' (DbType = Decimal), @p5='?', @p6='?' (DbType = DateTime), @p7='?' (DbType = Int32), @p8='?', @p9='?' (DbType = Decimal), @p10='?' (DbType = Decimal), @p11='?' (DbType = Guid), @p12='?' (DbType = Decimal), @p13='?' (DbType = DateTime), @p14='?', @p15='?', @p16='?' (DbType = DateTime)], CommandType='Text', CommandTimeout='30']
      INSERT INTO auctions (id, buy_it_now_price, category_id, created_at, current_price, description, ends_at, extension_count, image_url, min_bid_increment, reserve_price, seller_id, start_price, starts_at, status, title, updated_at)
      VALUES (@p0, @p1, @p2, @p3, @p4, @p5, @p6, @p7, @p8, @p9, @p10, @p11, @p12, @p13, @p14, @p15, @p16);
info: Microsoft.AspNetCore.Mvc.Infrastructure.ObjectResultExecutor[1]
      Executing OkObjectResult, writing value of type 'AuctionNest.Application.Features.Auctions.Common.AuctionDto'.
info: Microsoft.AspNetCore.Mvc.Infrastructure.ControllerActionInvoker[105]
      Executed action AuctionNest.API.Controllers.AuctionsController.Create (AuctionNest.API) in 55.042ms
info: Microsoft.AspNetCore.Routing.EndpointMiddleware[1]
      Executed endpoint 'AuctionNest.API.Controllers.AuctionsController.Create (AuctionNest.API)'
info: Microsoft.AspNetCore.Hosting.Diagnostics[2]
      Request finished HTTP/1.1 POST http://localhost/api/auctions - 200 - application/json;+charset=utf-8 55.7524ms
info: Microsoft.AspNetCore.Hosting.Diagnostics[1]
      Request starting HTTP/1.1 GET http://localhost/api/auctions/be1da154-625e-4b79-8723-0e8c21988537 - - -
info: Microsoft.AspNetCore.Routing.EndpointMiddleware[0]
      Executing endpoint 'AuctionNest.API.Controllers.AuctionsController.GetById (AuctionNest.API)'
info: Microsoft.AspNetCore.Mvc.Infrastructure.ControllerActionInvoker[102]
      Route matched with {action = "GetById", controller = "Auctions"}. Executing controller action with signature System.Threading.Tasks.Task`1[Microsoft.AspNetCore.Mvc.IActionResult] GetById(System.Guid, System.Threading.CancellationToken) on controller AuctionNest.API.Controllers.AuctionsController (AuctionNest.API).
info: Microsoft.EntityFrameworkCore.Database.Command[20101]
      Executed DbCommand (6ms) [Parameters=[@__id_0='?' (DbType = Guid)], CommandType='Text', CommandTimeout='30']
      SELECT t1.id, t1.buy_it_now_price, t1.category_id, t1.created_at, t1.current_price, t1.description, t1.ends_at, t1.extension_count, t1.image_url, t1.min_bid_increment, t1.reserve_price, t1.seller_id, t1.start_price, t1.starts_at, t1.status, t1.title, t1.updated_at, t1.id0, t1.created_at0, t1.deleted_at, t1.display_name, t1.email, t1.is_verified, t1.password_hash, t1.role, t1.updated_at0, t1.username, t1.id1, t1.created_at1, t1.deleted_at0, t1.description0, t1.name, t1.slug, t1.updated_at1, b.id, b.amount, b.auction_id, b.bidder_id, b.created_at, b.is_winning, b.updated_at
      FROM (
          SELECT a.id, a.buy_it_now_price, a.category_id, a.created_at, a.current_price, a.description, a.ends_at, a.extension_count, a.image_url, a.min_bid_increment, a.reserve_price, a.seller_id, a.start_price, a.starts_at, a.status, a.title, a.updated_at, t.id AS id0, t.created_at AS created_at0, t.deleted_at, t.display_name, t.email, t.is_verified, t.password_hash, t.role, t.updated_at AS updated_at0, t.username, t0.id AS id1, t0.created_at AS created_at1, t0.deleted_at AS deleted_at0, t0.description AS description0, t0.name, t0.slug, t0.updated_at AS updated_at1
          FROM auctions AS a
          INNER JOIN (
              SELECT u.id, u.created_at, u.deleted_at, u.display_name, u.email, u.is_verified, u.password_hash, u.role, u.updated_at, u.username
              FROM users AS u
              WHERE u.deleted_at IS NULL
          ) AS t ON a.seller_id = t.id
          INNER JOIN (
              SELECT c.id, c.created_at, c.deleted_at, c.description, c.name, c.slug, c.updated_at
              FROM categories AS c
              WHERE c.deleted_at IS NULL
          ) AS t0 ON a.category_id = t0.id
          WHERE a.id = @__id_0
          LIMIT 1
      ) AS t1
      LEFT JOIN bids AS b ON t1.id = b.auction_id
      ORDER BY t1.id, t1.id0, t1.id1
info: Microsoft.AspNetCore.Mvc.Infrastructure.ObjectResultExecutor[1]
      Executing OkObjectResult, writing value of type 'AuctionNest.Application.Features.Auctions.Common.AuctionDetailDto'.
info: Microsoft.AspNetCore.Mvc.Infrastructure.ControllerActionInvoker[105]
      Executed action AuctionNest.API.Controllers.AuctionsController.GetById (AuctionNest.API) in 18.4556ms
info: Microsoft.AspNetCore.Routing.EndpointMiddleware[1]
      Executed endpoint 'AuctionNest.API.Controllers.AuctionsController.GetById (AuctionNest.API)'
info: Microsoft.AspNetCore.Hosting.Diagnostics[2]
      Request finished HTTP/1.1 GET http://localhost/api/auctions/be1da154-625e-4b79-8723-0e8c21988537 - 200 - application/json;+charset=utf-8 21.6874ms
info: Microsoft.AspNetCore.Hosting.Diagnostics[1]
      Request starting HTTP/1.1 POST http://localhost/api/auth/register - application/json;+charset=utf-8 114
info: Microsoft.AspNetCore.Routing.EndpointMiddleware[0]
      Executing endpoint 'AuctionNest.API.Controllers.AuthController.Register (AuctionNest.API)'
info: Microsoft.AspNetCore.Mvc.Infrastructure.ControllerActionInvoker[102]
      Route matched with {action = "Register", controller = "Auth"}. Executing controller action with signature System.Threading.Tasks.Task`1[Microsoft.AspNetCore.Mvc.IActionResult] Register(AuctionNest.Application.Features.Auth.Commands.Register.RegisterUserCommand, System.Threading.CancellationToken) on controller AuctionNest.API.Controllers.AuthController (AuctionNest.API).
info: Microsoft.EntityFrameworkCore.Database.Command[20101]
      Executed DbCommand (4ms) [Parameters=[@__ToLower_0='?'], CommandType='Text', CommandTimeout='30']
      SELECT EXISTS (
          SELECT 1
          FROM users AS u
          WHERE u.deleted_at IS NULL AND u.email = @__ToLower_0)
info: Microsoft.EntityFrameworkCore.Database.Command[20101]
      Executed DbCommand (2ms) [Parameters=[@__ToLower_0='?'], CommandType='Text', CommandTimeout='30']
      SELECT EXISTS (
          SELECT 1
          FROM users AS u
          WHERE u.deleted_at IS NULL AND u.username = @__ToLower_0)
info: Microsoft.AspNetCore.Mvc.Infrastructure.ObjectResultExecutor[1]
      Executing UnauthorizedObjectResult, writing value of type '<>f__AnonymousType5`4[[System.String, System.Private.CoreLib, Version=8.0.0.0, Culture=neutral, PublicKeyToken=7cec85d7bea7798e],[System.String, System.Private.CoreLib, Version=8.0.0.0, Culture=neutral, PublicKeyToken=7cec85d7bea7798e],[System.String, System.Private.CoreLib, Version=8.0.0.0, Culture=neutral, PublicKeyToken=7cec85d7bea7798e],[System.Int32, System.Private.CoreLib, Version=8.0.0.0, Culture=neutral, PublicKeyToken=7cec85d7bea7798e]]'.
info: Microsoft.AspNetCore.Mvc.Infrastructure.ControllerActionInvoker[105]
      Executed action AuctionNest.API.Controllers.AuthController.Login (AuctionNest.API) in 905.9188ms
info: Microsoft.AspNetCore.Routing.EndpointMiddleware[1]
      Executed endpoint 'AuctionNest.API.Controllers.AuthController.Login (AuctionNest.API)'
info: Microsoft.AspNetCore.Hosting.Diagnostics[2]
      Request finished HTTP/1.1 POST http://localhost/api/auth/login - 401 - application/json;+charset=utf-8 906.4020ms
info: Microsoft.AspNetCore.Hosting.Diagnostics[1]
      Request starting HTTP/1.1 POST http://localhost/api/auth/register - application/json;+charset=utf-8 114
info: Microsoft.AspNetCore.Routing.EndpointMiddleware[0]
      Executing endpoint 'AuctionNest.API.Controllers.AuthController.Register (AuctionNest.API)'
info: Microsoft.AspNetCore.Mvc.Infrastructure.ControllerActionInvoker[102]
      Route matched with {action = "Register", controller = "Auth"}. Executing controller action with signature System.Threading.Tasks.Task`1[Microsoft.AspNetCore.Mvc.IActionResult] Register(AuctionNest.Application.Features.Auth.Commands.Register.RegisterUserCommand, System.Threading.CancellationToken) on controller AuctionNest.API.Controllers.AuthController (AuctionNest.API).
info: Microsoft.EntityFrameworkCore.Database.Command[20101]
      Executed DbCommand (3ms) [Parameters=[@__ToLower_0='?'], CommandType='Text', CommandTimeout='30']
      SELECT EXISTS (
          SELECT 1
          FROM users AS u
          WHERE u.deleted_at IS NULL AND u.email = @__ToLower_0)
info: Microsoft.EntityFrameworkCore.Database.Command[20101]
      Executed DbCommand (3ms) [Parameters=[@__ToLower_0='?'], CommandType='Text', CommandTimeout='30']
      SELECT EXISTS (
          SELECT 1
          FROM users AS u
          WHERE u.deleted_at IS NULL AND u.username = @__ToLower_0)
info: Microsoft.EntityFrameworkCore.Database.Command[20101]
      Executed DbCommand (2ms) [Parameters=[@p0='?' (DbType = Guid), @p1='?' (DbType = DateTime), @p2='?' (DbType = DateTime), @p3='?', @p4='?', @p5='?' (DbType = Boolean), @p6='?', @p7='?', @p8='?' (DbType = DateTime), @p9='?'], CommandType='Text', CommandTimeout='30']
      INSERT INTO users (id, created_at, deleted_at, display_name, email, is_verified, password_hash, role, updated_at, username)
      VALUES (@p0, @p1, @p2, @p3, @p4, @p5, @p6, @p7, @p8, @p9);
info: Microsoft.AspNetCore.Mvc.Infrastructure.ObjectResultExecutor[1]
      Executing OkObjectResult, writing value of type 'AuctionNest.Application.Features.Auth.Common.AuthResponse'.
info: Microsoft.AspNetCore.Mvc.Infrastructure.ControllerActionInvoker[105]
      Executed action AuctionNest.API.Controllers.AuthController.Register (AuctionNest.API) in 1105.7133ms
info: Microsoft.AspNetCore.Routing.EndpointMiddleware[1]
      Executed endpoint 'AuctionNest.API.Controllers.AuthController.Register (AuctionNest.API)'
info: Microsoft.AspNetCore.Hosting.Diagnostics[1]
      Request starting HTTP/1.1 POST http://localhost/api/auth/register - application/json;+charset=utf-8 114
info: Microsoft.AspNetCore.Routing.EndpointMiddleware[0]
      Executing endpoint 'AuctionNest.API.Controllers.AuthController.Register (AuctionNest.API)'
info: Microsoft.AspNetCore.Hosting.Diagnostics[2]
      Request finished HTTP/1.1 POST http://localhost/api/auth/register - 200 - application/json;+charset=utf-8 1106.1785ms
info: Microsoft.AspNetCore.Mvc.Infrastructure.ControllerActionInvoker[102]
      Route matched with {action = "Register", controller = "Auth"}. Executing controller action with signature System.Threading.Tasks.Task`1[Microsoft.AspNetCore.Mvc.IActionResult] Register(AuctionNest.Application.Features.Auth.Commands.Register.RegisterUserCommand, System.Threading.CancellationToken) on controller AuctionNest.API.Controllers.AuthController (AuctionNest.API).
info: Microsoft.EntityFrameworkCore.Database.Command[20101]
      Executed DbCommand (8ms) [Parameters=[@__ToLower_0='?'], CommandType='Text', CommandTimeout='30']
      SELECT EXISTS (
          SELECT 1
          FROM users AS u
          WHERE u.deleted_at IS NULL AND u.email = @__ToLower_0)
info: Microsoft.EntityFrameworkCore.Database.Command[20101]
      Executed DbCommand (6ms) [Parameters=[@__ToLower_0='?'], CommandType='Text', CommandTimeout='30']
      SELECT EXISTS (
          SELECT 1
          FROM users AS u
          WHERE u.deleted_at IS NULL AND u.username = @__ToLower_0)
  Passed AuctionNest.IntegrationTests.Auctions.AuctionsControllerTests.GetAuctionById_WhenExists_ReturnsAuctionDetail [933 ms]
  Passed AuctionNest.IntegrationTests.Auth.AuthControllerTests.Login_WithWrongPassword_ReturnsUnauthorized [1 s]
info: Microsoft.EntityFrameworkCore.Database.Command[20101]
      Executed DbCommand (2ms) [Parameters=[@p0='?' (DbType = Guid), @p1='?' (DbType = DateTime), @p2='?' (DbType = DateTime), @p3='?', @p4='?', @p5='?' (DbType = Boolean), @p6='?', @p7='?', @p8='?' (DbType = DateTime), @p9='?'], CommandType='Text', CommandTimeout='30']
      INSERT INTO users (id, created_at, deleted_at, display_name, email, is_verified, password_hash, role, updated_at, username)
      VALUES (@p0, @p1, @p2, @p3, @p4, @p5, @p6, @p7, @p8, @p9);
info: Microsoft.AspNetCore.Mvc.Infrastructure.ObjectResultExecutor[1]
      Executing OkObjectResult, writing value of type 'AuctionNest.Application.Features.Auth.Common.AuthResponse'.
info: Microsoft.AspNetCore.Mvc.Infrastructure.ControllerActionInvoker[105]
      Executed action AuctionNest.API.Controllers.AuthController.Register (AuctionNest.API) in 1061.4155ms
info: Microsoft.AspNetCore.Routing.EndpointMiddleware[1]
      Executed endpoint 'AuctionNest.API.Controllers.AuthController.Register (AuctionNest.API)'
info: Microsoft.AspNetCore.Hosting.Diagnostics[2]
      Request finished HTTP/1.1 POST http://localhost/api/auth/register - 200 - application/json;+charset=utf-8 1062.2007ms
info: Microsoft.AspNetCore.Hosting.Diagnostics[1]
      Request starting HTTP/1.1 POST http://localhost/api/auth/refresh - application/json;+charset=utf-8 112
info: Microsoft.AspNetCore.Routing.EndpointMiddleware[0]
      Executing endpoint 'AuctionNest.API.Controllers.AuthController.Refresh (AuctionNest.API)'
info: Microsoft.AspNetCore.Mvc.Infrastructure.ControllerActionInvoker[102]
      Route matched with {action = "Refresh", controller = "Auth"}. Executing controller action with signature System.Threading.Tasks.Task`1[Microsoft.AspNetCore.Mvc.IActionResult] Refresh(AuctionNest.Application.Features.Auth.Commands.RefreshToken.RefreshTokenCommand, System.Threading.CancellationToken) on controller AuctionNest.API.Controllers.AuthController (AuctionNest.API).
info: Microsoft.EntityFrameworkCore.Database.Command[20101]
      Executed DbCommand (1ms) [Parameters=[@__get_Item_0='?' (DbType = Guid)], CommandType='Text', CommandTimeout='30']
      SELECT u.id, u.created_at, u.deleted_at, u.display_name, u.email, u.is_verified, u.password_hash, u.role, u.updated_at, u.username
      FROM users AS u
      WHERE u.deleted_at IS NULL AND u.id = @__get_Item_0
      LIMIT 1
info: Microsoft.AspNetCore.Mvc.Infrastructure.ObjectResultExecutor[1]
      Executing OkObjectResult, writing value of type 'AuctionNest.Application.Features.Auth.Common.AuthResponse'.
info: Microsoft.AspNetCore.Mvc.Infrastructure.ControllerActionInvoker[105]
      Executed action AuctionNest.API.Controllers.AuthController.Refresh (AuctionNest.API) in 15.7229ms
info: Microsoft.AspNetCore.Routing.EndpointMiddleware[1]
      Executed endpoint 'AuctionNest.API.Controllers.AuthController.Refresh (AuctionNest.API)'
info: Microsoft.AspNetCore.Hosting.Diagnostics[2]
      Request finished HTTP/1.1 POST http://localhost/api/auth/refresh - 200 - application/json;+charset=utf-8 16.2035ms
info: Microsoft.AspNetCore.Hosting.Diagnostics[1]
      Request starting HTTP/1.1 POST http://localhost/api/auth/refresh - application/json;+charset=utf-8 112
info: Microsoft.AspNetCore.Routing.EndpointMiddleware[0]
      Executing endpoint 'AuctionNest.API.Controllers.AuthController.Refresh (AuctionNest.API)'
info: Microsoft.AspNetCore.Mvc.Infrastructure.ControllerActionInvoker[102]
      Route matched with {action = "Refresh", controller = "Auth"}. Executing controller action with signature System.Threading.Tasks.Task`1[Microsoft.AspNetCore.Mvc.IActionResult] Refresh(AuctionNest.Application.Features.Auth.Commands.RefreshToken.RefreshTokenCommand, System.Threading.CancellationToken) on controller AuctionNest.API.Controllers.AuthController (AuctionNest.API).
info: Microsoft.AspNetCore.Mvc.Infrastructure.ObjectResultExecutor[1]
      Executing UnauthorizedObjectResult, writing value of type '<>f__AnonymousType5`4[[System.String, System.Private.CoreLib, Version=8.0.0.0, Culture=neutral, PublicKeyToken=7cec85d7bea7798e],[System.String, System.Private.CoreLib, Version=8.0.0.0, Culture=neutral, PublicKeyToken=7cec85d7bea7798e],[System.String, System.Private.CoreLib, Version=8.0.0.0, Culture=neutral, PublicKeyToken=7cec85d7bea7798e],[System.Int32, System.Private.CoreLib, Version=8.0.0.0, Culture=neutral, PublicKeyToken=7cec85d7bea7798e]]'.
info: Microsoft.AspNetCore.Mvc.Infrastructure.ControllerActionInvoker[105]
      Executed action AuctionNest.API.Controllers.AuthController.Refresh (AuctionNest.API) in 5.2715ms
info: Microsoft.AspNetCore.Routing.EndpointMiddleware[1]
      Executed endpoint 'AuctionNest.API.Controllers.AuthController.Refresh (AuctionNest.API)'
info: Microsoft.AspNetCore.Hosting.Diagnostics[2]
      Request finished HTTP/1.1 POST http://localhost/api/auth/refresh - 401 - application/json;+charset=utf-8 5.6064ms
info: Microsoft.AspNetCore.Hosting.Diagnostics[1]
      Request starting HTTP/1.1 POST http://localhost/api/auth/register - application/json;+charset=utf-8 114
info: Microsoft.AspNetCore.Routing.EndpointMiddleware[0]
      Executing endpoint 'AuctionNest.API.Controllers.AuthController.Register (AuctionNest.API)'
info: Microsoft.AspNetCore.Mvc.Infrastructure.ControllerActionInvoker[102]
      Route matched with {action = "Register", controller = "Auth"}. Executing controller action with signature System.Threading.Tasks.Task`1[Microsoft.AspNetCore.Mvc.IActionResult] Register(AuctionNest.Application.Features.Auth.Commands.Register.RegisterUserCommand, System.Threading.CancellationToken) on controller AuctionNest.API.Controllers.AuthController (AuctionNest.API).
info: Microsoft.EntityFrameworkCore.Database.Command[20101]
      Executed DbCommand (3ms) [Parameters=[@__ToLower_0='?'], CommandType='Text', CommandTimeout='30']
      SELECT EXISTS (
          SELECT 1
          FROM users AS u
          WHERE u.deleted_at IS NULL AND u.email = @__ToLower_0)
info: Microsoft.EntityFrameworkCore.Database.Command[20101]
      Executed DbCommand (2ms) [Parameters=[@__ToLower_0='?'], CommandType='Text', CommandTimeout='30']
      SELECT EXISTS (
          SELECT 1
          FROM users AS u
          WHERE u.deleted_at IS NULL AND u.username = @__ToLower_0)
info: Microsoft.EntityFrameworkCore.Database.Command[20101]
      Executed DbCommand (3ms) [Parameters=[@p0='?' (DbType = Guid), @p1='?' (DbType = DateTime), @p2='?' (DbType = DateTime), @p3='?', @p4='?', @p5='?' (DbType = Boolean), @p6='?', @p7='?', @p8='?' (DbType = DateTime), @p9='?'], CommandType='Text', CommandTimeout='30']
      INSERT INTO users (id, created_at, deleted_at, display_name, email, is_verified, password_hash, role, updated_at, username)
      VALUES (@p0, @p1, @p2, @p3, @p4, @p5, @p6, @p7, @p8, @p9);
info: Microsoft.AspNetCore.Mvc.Infrastructure.ObjectResultExecutor[1]
      Executing OkObjectResult, writing value of type 'AuctionNest.Application.Features.Auth.Common.AuthResponse'.
info: Microsoft.AspNetCore.Mvc.Infrastructure.ControllerActionInvoker[105]
      Executed action AuctionNest.API.Controllers.AuthController.Register (AuctionNest.API) in 1040.541ms
info: Microsoft.AspNetCore.Routing.EndpointMiddleware[1]
      Executed endpoint 'AuctionNest.API.Controllers.AuthController.Register (AuctionNest.API)'
info: Microsoft.AspNetCore.Hosting.Diagnostics[2]
      Request finished HTTP/1.1 POST http://localhost/api/auth/register - 200 - application/json;+charset=utf-8 1042.3798ms
info: Microsoft.AspNetCore.Hosting.Diagnostics[1]
      Request starting HTTP/1.1 POST http://localhost/api/auctions - application/json;+charset=utf-8 326
info: Microsoft.AspNetCore.Routing.EndpointMiddleware[0]
      Executing endpoint 'AuctionNest.API.Controllers.AuctionsController.Create (AuctionNest.API)'
info: Microsoft.AspNetCore.Mvc.Infrastructure.ControllerActionInvoker[102]
      Route matched with {action = "Create", controller = "Auctions"}. Executing controller action with signature System.Threading.Tasks.Task`1[Microsoft.AspNetCore.Mvc.IActionResult] Create(AuctionNest.Application.Features.Auctions.Commands.CreateAuction.CreateAuctionCommand, System.Threading.CancellationToken) on controller AuctionNest.API.Controllers.AuctionsController (AuctionNest.API).
info: Microsoft.EntityFrameworkCore.Database.Command[20101]
      Executed DbCommand (2ms) [Parameters=[@__id_0='?' (DbType = Guid)], CommandType='Text', CommandTimeout='30']
      SELECT EXISTS (
          SELECT 1
          FROM categories AS c
          WHERE c.deleted_at IS NULL AND c.id = @__id_0)
info: Microsoft.EntityFrameworkCore.Database.Command[20101]
      Executed DbCommand (4ms) [Parameters=[@__get_Item_0='?' (DbType = Guid)], CommandType='Text', CommandTimeout='30']
      SELECT u.id, u.created_at, u.deleted_at, u.display_name, u.email, u.is_verified, u.password_hash, u.role, u.updated_at, u.username
      FROM users AS u
      WHERE u.deleted_at IS NULL AND u.id = @__get_Item_0
      LIMIT 1
info: Microsoft.EntityFrameworkCore.Database.Command[20101]
      Executed DbCommand (6ms) [Parameters=[@__get_Item_0='?' (DbType = Guid)], CommandType='Text', CommandTimeout='30']
      SELECT c.id, c.created_at, c.deleted_at, c.description, c.name, c.slug, c.updated_at
      FROM categories AS c
      WHERE c.deleted_at IS NULL AND c.id = @__get_Item_0
      LIMIT 1
info: Microsoft.EntityFrameworkCore.Database.Command[20101]
      Executed DbCommand (7ms) [Parameters=[@p0='?' (DbType = Guid), @p1='?' (DbType = Decimal), @p2='?' (DbType = Guid), @p3='?' (DbType = DateTime), @p4='?' (DbType = Decimal), @p5='?', @p6='?' (DbType = DateTime), @p7='?' (DbType = Int32), @p8='?', @p9='?' (DbType = Decimal), @p10='?' (DbType = Decimal), @p11='?' (DbType = Guid), @p12='?' (DbType = Decimal), @p13='?' (DbType = DateTime), @p14='?', @p15='?', @p16='?' (DbType = DateTime)], CommandType='Text', CommandTimeout='30']
      INSERT INTO auctions (id, buy_it_now_price, category_id, created_at, current_price, description, ends_at, extension_count, image_url, min_bid_increment, reserve_price, seller_id, start_price, starts_at, status, title, updated_at)
      VALUES (@p0, @p1, @p2, @p3, @p4, @p5, @p6, @p7, @p8, @p9, @p10, @p11, @p12, @p13, @p14, @p15, @p16);
info: Microsoft.AspNetCore.Mvc.Infrastructure.ObjectResultExecutor[1]
      Executing OkObjectResult, writing value of type 'AuctionNest.Application.Features.Auctions.Common.AuctionDto'.
info: Microsoft.AspNetCore.Mvc.Infrastructure.ControllerActionInvoker[105]
      Executed action AuctionNest.API.Controllers.AuctionsController.Create (AuctionNest.API) in 81.7021ms
info: Microsoft.AspNetCore.Routing.EndpointMiddleware[1]
      Executed endpoint 'AuctionNest.API.Controllers.AuctionsController.Create (AuctionNest.API)'
info: Microsoft.AspNetCore.Hosting.Diagnostics[2]
      Request finished HTTP/1.1 POST http://localhost/api/auctions - 200 - application/json;+charset=utf-8 85.0729ms
info: Microsoft.AspNetCore.Hosting.Diagnostics[1]
      Request starting HTTP/1.1 POST http://localhost/api/auctions/ca2ab3ff-9f07-46a8-9090-df24952e9d7a/bids - application/json;+charset=utf-8 14
info: Microsoft.AspNetCore.Routing.EndpointMiddleware[0]
      Executing endpoint 'AuctionNest.API.Controllers.AuctionsController.PlaceBid (AuctionNest.API)'
info: Microsoft.AspNetCore.Mvc.Infrastructure.ControllerActionInvoker[102]
      Route matched with {action = "PlaceBid", controller = "Auctions"}. Executing controller action with signature System.Threading.Tasks.Task`1[Microsoft.AspNetCore.Mvc.IActionResult] PlaceBid(System.Guid, AuctionNest.API.Controllers.PlaceBidRequest, System.String, System.Threading.CancellationToken) on controller AuctionNest.API.Controllers.AuctionsController (AuctionNest.API).
info: Microsoft.EntityFrameworkCore.Database.Command[20101]
      Executed DbCommand (11ms) [Parameters=[@__id_0='?' (DbType = Guid)], CommandType='Text', CommandTimeout='30']
      SELECT t1.id, t1.buy_it_now_price, t1.category_id, t1.created_at, t1.current_price, t1.description, t1.ends_at, t1.extension_count, t1.image_url, t1.min_bid_increment, t1.reserve_price, t1.seller_id, t1.start_price, t1.starts_at, t1.status, t1.title, t1.updated_at, t1.id0, t1.created_at0, t1.deleted_at, t1.display_name, t1.email, t1.is_verified, t1.password_hash, t1.role, t1.updated_at0, t1.username, t1.id1, t1.created_at1, t1.deleted_at0, t1.description0, t1.name, t1.slug, t1.updated_at1, b.id, b.amount, b.auction_id, b.bidder_id, b.created_at, b.is_winning, b.updated_at
      FROM (
          SELECT a.id, a.buy_it_now_price, a.category_id, a.created_at, a.current_price, a.description, a.ends_at, a.extension_count, a.image_url, a.min_bid_increment, a.reserve_price, a.seller_id, a.start_price, a.starts_at, a.status, a.title, a.updated_at, t.id AS id0, t.created_at AS created_at0, t.deleted_at, t.display_name, t.email, t.is_verified, t.password_hash, t.role, t.updated_at AS updated_at0, t.username, t0.id AS id1, t0.created_at AS created_at1, t0.deleted_at AS deleted_at0, t0.description AS description0, t0.name, t0.slug, t0.updated_at AS updated_at1
          FROM auctions AS a
          INNER JOIN (
              SELECT u.id, u.created_at, u.deleted_at, u.display_name, u.email, u.is_verified, u.password_hash, u.role, u.updated_at, u.username
              FROM users AS u
              WHERE u.deleted_at IS NULL
          ) AS t ON a.seller_id = t.id
          INNER JOIN (
              SELECT c.id, c.created_at, c.deleted_at, c.description, c.name, c.slug, c.updated_at
              FROM categories AS c
              WHERE c.deleted_at IS NULL
          ) AS t0 ON a.category_id = t0.id
          WHERE a.id = @__id_0
          LIMIT 1
      ) AS t1
      LEFT JOIN bids AS b ON t1.id = b.auction_id
      ORDER BY t1.id, t1.id0, t1.id1
info: Microsoft.AspNetCore.Mvc.Infrastructure.ObjectResultExecutor[1]
      Executing ConflictObjectResult, writing value of type '<>f__AnonymousType5`4[[System.String, System.Private.CoreLib, Version=8.0.0.0, Culture=neutral, PublicKeyToken=7cec85d7bea7798e],[System.String, System.Private.CoreLib, Version=8.0.0.0, Culture=neutral, PublicKeyToken=7cec85d7bea7798e],[System.String, System.Private.CoreLib, Version=8.0.0.0, Culture=neutral, PublicKeyToken=7cec85d7bea7798e],[System.Int32, System.Private.CoreLib, Version=8.0.0.0, Culture=neutral, PublicKeyToken=7cec85d7bea7798e]]'.
info: Microsoft.AspNetCore.Mvc.Infrastructure.ControllerActionInvoker[105]
      Executed action AuctionNest.API.Controllers.AuctionsController.PlaceBid (AuctionNest.API) in 30.1848ms
info: Microsoft.AspNetCore.Routing.EndpointMiddleware[1]
      Executed endpoint 'AuctionNest.API.Controllers.AuctionsController.PlaceBid (AuctionNest.API)'
info: Microsoft.AspNetCore.Hosting.Diagnostics[2]
      Request finished HTTP/1.1 POST http://localhost/api/auctions/ca2ab3ff-9f07-46a8-9090-df24952e9d7a/bids - 409 - application/json;+charset=utf-8 32.5377ms
info: Microsoft.AspNetCore.Hosting.Diagnostics[1]
      Request starting HTTP/1.1 GET http://localhost/api/auctions/de4b97b8-862e-4749-9fa9-c335efac3228 - - -
info: Microsoft.AspNetCore.Routing.EndpointMiddleware[0]
      Executing endpoint 'AuctionNest.API.Controllers.AuctionsController.GetById (AuctionNest.API)'
info: Microsoft.AspNetCore.Mvc.Infrastructure.ControllerActionInvoker[102]
      Route matched with {action = "GetById", controller = "Auctions"}. Executing controller action with signature System.Threading.Tasks.Task`1[Microsoft.AspNetCore.Mvc.IActionResult] GetById(System.Guid, System.Threading.CancellationToken) on controller AuctionNest.API.Controllers.AuctionsController (AuctionNest.API).
info: Microsoft.EntityFrameworkCore.Database.Command[20101]
      Executed DbCommand (11ms) [Parameters=[@__id_0='?' (DbType = Guid)], CommandType='Text', CommandTimeout='30']
      SELECT t1.id, t1.buy_it_now_price, t1.category_id, t1.created_at, t1.current_price, t1.description, t1.ends_at, t1.extension_count, t1.image_url, t1.min_bid_increment, t1.reserve_price, t1.seller_id, t1.start_price, t1.starts_at, t1.status, t1.title, t1.updated_at, t1.id0, t1.created_at0, t1.deleted_at, t1.display_name, t1.email, t1.is_verified, t1.password_hash, t1.role, t1.updated_at0, t1.username, t1.id1, t1.created_at1, t1.deleted_at0, t1.description0, t1.name, t1.slug, t1.updated_at1, b.id, b.amount, b.auction_id, b.bidder_id, b.created_at, b.is_winning, b.updated_at
      FROM (
          SELECT a.id, a.buy_it_now_price, a.category_id, a.created_at, a.current_price, a.description, a.ends_at, a.extension_count, a.image_url, a.min_bid_increment, a.reserve_price, a.seller_id, a.start_price, a.starts_at, a.status, a.title, a.updated_at, t.id AS id0, t.created_at AS created_at0, t.deleted_at, t.display_name, t.email, t.is_verified, t.password_hash, t.role, t.updated_at AS updated_at0, t.username, t0.id AS id1, t0.created_at AS created_at1, t0.deleted_at AS deleted_at0, t0.description AS description0, t0.name, t0.slug, t0.updated_at AS updated_at1
          FROM auctions AS a
          INNER JOIN (
              SELECT u.id, u.created_at, u.deleted_at, u.display_name, u.email, u.is_verified, u.password_hash, u.role, u.updated_at, u.username
              FROM users AS u
              WHERE u.deleted_at IS NULL
          ) AS t ON a.seller_id = t.id
          INNER JOIN (
              SELECT c.id, c.created_at, c.deleted_at, c.description, c.name, c.slug, c.updated_at
              FROM categories AS c
              WHERE c.deleted_at IS NULL
          ) AS t0 ON a.category_id = t0.id
          WHERE a.id = @__id_0
          LIMIT 1
      ) AS t1
      LEFT JOIN bids AS b ON t1.id = b.auction_id
      ORDER BY t1.id, t1.id0, t1.id1
info: Microsoft.AspNetCore.Mvc.Infrastructure.ObjectResultExecutor[1]
      Executing NotFoundObjectResult, writing value of type '<>f__AnonymousType5`4[[System.String, System.Private.CoreLib, Version=8.0.0.0, Culture=neutral, PublicKeyToken=7cec85d7bea7798e],[System.String, System.Private.CoreLib, Version=8.0.0.0, Culture=neutral, PublicKeyToken=7cec85d7bea7798e],[System.String, System.Private.CoreLib, Version=8.0.0.0, Culture=neutral, PublicKeyToken=7cec85d7bea7798e],[System.Int32, System.Private.CoreLib, Version=8.0.0.0, Culture=neutral, PublicKeyToken=7cec85d7bea7798e]]'.
info: Microsoft.AspNetCore.Mvc.Infrastructure.ControllerActionInvoker[105]
      Executed action AuctionNest.API.Controllers.AuctionsController.GetById (AuctionNest.API) in 13.098ms
info: Microsoft.AspNetCore.Routing.EndpointMiddleware[1]
      Executed endpoint 'AuctionNest.API.Controllers.AuctionsController.GetById (AuctionNest.API)'
info: Microsoft.AspNetCore.Hosting.Diagnostics[2]
      Request finished HTTP/1.1 GET http://localhost/api/auctions/de4b97b8-862e-4749-9fa9-c335efac3228 - 404 - application/json;+charset=utf-8 13.5136ms
info: Microsoft.AspNetCore.Hosting.Diagnostics[1]
      Request starting HTTP/1.1 GET http://localhost/api/auctions?page=1&pageSize=5 - - -
info: Microsoft.AspNetCore.Routing.EndpointMiddleware[0]
      Executing endpoint 'AuctionNest.API.Controllers.AuctionsController.GetAuctions (AuctionNest.API)'
info: Microsoft.AspNetCore.Mvc.Infrastructure.ControllerActionInvoker[102]
      Route matched with {action = "GetAuctions", controller = "Auctions"}. Executing controller action with signature System.Threading.Tasks.Task`1[Microsoft.AspNetCore.Mvc.IActionResult] GetAuctions(System.String, System.Nullable`1[System.Guid], System.Nullable`1[AuctionNest.Domain.Enums.AuctionStatus], System.Nullable`1[System.Decimal], System.Nullable`1[System.Decimal], Int32, Int32, System.String, Boolean, System.Threading.CancellationToken) on controller AuctionNest.API.Controllers.AuctionsController (AuctionNest.API).
info: Microsoft.EntityFrameworkCore.Database.Command[20101]
      Executed DbCommand (3ms) [Parameters=[], CommandType='Text', CommandTimeout='30']
      SELECT count(*)::int
      FROM auctions AS a
info: Microsoft.EntityFrameworkCore.Database.Command[20101]
      Executed DbCommand (4ms) [Parameters=[@__p_1='?' (DbType = Int32), @__p_0='?' (DbType = Int32)], CommandType='Text', CommandTimeout='30']
      SELECT t.id, t.buy_it_now_price, t.category_id, t.created_at, t.current_price, t.description, t.ends_at, t.extension_count, t.image_url, t.min_bid_increment, t.reserve_price, t.seller_id, t.start_price, t.starts_at, t.status, t.title, t.updated_at, t0.id, t0.created_at, t0.deleted_at, t0.display_name, t0.email, t0.is_verified, t0.password_hash, t0.role, t0.updated_at, t0.username, t1.id, t1.created_at, t1.deleted_at, t1.description, t1.name, t1.slug, t1.updated_at
      FROM (
          SELECT a.id, a.buy_it_now_price, a.category_id, a.created_at, a.current_price, a.description, a.ends_at, a.extension_count, a.image_url, a.min_bid_increment, a.reserve_price, a.seller_id, a.start_price, a.starts_at, a.status, a.title, a.updated_at
          FROM auctions AS a
          ORDER BY a.ends_at
          LIMIT @__p_1 OFFSET @__p_0
      ) AS t
      INNER JOIN (
          SELECT u.id, u.created_at, u.deleted_at, u.display_name, u.email, u.is_verified, u.password_hash, u.role, u.updated_at, u.username
          FROM users AS u
          WHERE u.deleted_at IS NULL
      ) AS t0 ON t.seller_id = t0.id
      INNER JOIN (
          SELECT c.id, c.created_at, c.deleted_at, c.description, c.name, c.slug, c.updated_at
          FROM categories AS c
          WHERE c.deleted_at IS NULL
      ) AS t1 ON t.category_id = t1.id
      ORDER BY t.ends_at
info: Microsoft.AspNetCore.Mvc.Infrastructure.ObjectResultExecutor[1]
      Executing OkObjectResult, writing value of type 'AuctionNest.Application.Common.Models.PagedResponse`1[[AuctionNest.Application.Features.Auctions.Common.AuctionDto, AuctionNest.Application, Version=1.0.0.0, Culture=neutral, PublicKeyToken=null]]'.
info: Microsoft.AspNetCore.Mvc.Infrastructure.ControllerActionInvoker[105]
      Executed action AuctionNest.API.Controllers.AuctionsController.GetAuctions (AuctionNest.API) in 12.5295ms
info: Microsoft.AspNetCore.Routing.EndpointMiddleware[1]
      Executed endpoint 'AuctionNest.API.Controllers.AuctionsController.GetAuctions (AuctionNest.API)'
info: Microsoft.AspNetCore.Hosting.Diagnostics[2]
      Request finished HTTP/1.1 GET http://localhost/api/auctions?page=1&pageSize=5 - 200 - application/json;+charset=utf-8 17.0067ms
info: Microsoft.AspNetCore.Hosting.Diagnostics[1]
      Request starting HTTP/1.1 POST http://localhost/api/auth/register - application/json;+charset=utf-8 114
info: Microsoft.AspNetCore.Routing.EndpointMiddleware[0]
      Executing endpoint 'AuctionNest.API.Controllers.AuthController.Register (AuctionNest.API)'
info: Microsoft.AspNetCore.Mvc.Infrastructure.ControllerActionInvoker[102]
      Route matched with {action = "Register", controller = "Auth"}. Executing controller action with signature System.Threading.Tasks.Task`1[Microsoft.AspNetCore.Mvc.IActionResult] Register(AuctionNest.Application.Features.Auth.Commands.Register.RegisterUserCommand, System.Threading.CancellationToken) on controller AuctionNest.API.Controllers.AuthController (AuctionNest.API).
info: Microsoft.EntityFrameworkCore.Database.Command[20101]
      Executed DbCommand (4ms) [Parameters=[@__ToLower_0='?'], CommandType='Text', CommandTimeout='30']
      SELECT EXISTS (
          SELECT 1
          FROM users AS u
          WHERE u.deleted_at IS NULL AND u.email = @__ToLower_0)
info: Microsoft.EntityFrameworkCore.Database.Command[20101]
      Executed DbCommand (5ms) [Parameters=[@__ToLower_0='?'], CommandType='Text', CommandTimeout='30']
      SELECT EXISTS (
          SELECT 1
          FROM users AS u
          WHERE u.deleted_at IS NULL AND u.username = @__ToLower_0)
  Passed AuctionNest.IntegrationTests.Auth.AuthControllerTests.RefreshToken_UsedTwice_ReturnsUnauthorizedOnSecondUse [1 s]
  Passed AuctionNest.IntegrationTests.Auctions.AuctionsControllerTests.PlaceBid_OnDraftAuction_ReturnsConflict [2 s]
  Passed AuctionNest.IntegrationTests.Auctions.AuctionsControllerTests.GetAuctionById_WhenNotFound_Returns404 [14 ms]
  Passed AuctionNest.IntegrationTests.Auctions.AuctionsControllerTests.GetAuctions_WithPagination_ReturnsCorrectPage [18 ms]
info: Microsoft.EntityFrameworkCore.Database.Command[20101]
      Executed DbCommand (3ms) [Parameters=[@p0='?' (DbType = Guid), @p1='?' (DbType = DateTime), @p2='?' (DbType = DateTime), @p3='?', @p4='?', @p5='?' (DbType = Boolean), @p6='?', @p7='?', @p8='?' (DbType = DateTime), @p9='?'], CommandType='Text', CommandTimeout='30']
      INSERT INTO users (id, created_at, deleted_at, display_name, email, is_verified, password_hash, role, updated_at, username)
      VALUES (@p0, @p1, @p2, @p3, @p4, @p5, @p6, @p7, @p8, @p9);
info: Microsoft.AspNetCore.Mvc.Infrastructure.ObjectResultExecutor[1]
      Executing OkObjectResult, writing value of type 'AuctionNest.Application.Features.Auth.Common.AuthResponse'.
info: Microsoft.AspNetCore.Mvc.Infrastructure.ControllerActionInvoker[105]
      Executed action AuctionNest.API.Controllers.AuthController.Register (AuctionNest.API) in 1142.2849ms
info: Microsoft.AspNetCore.Routing.EndpointMiddleware[1]
      Executed endpoint 'AuctionNest.API.Controllers.AuthController.Register (AuctionNest.API)'
info: Microsoft.AspNetCore.Hosting.Diagnostics[2]
      Request finished HTTP/1.1 POST http://localhost/api/auth/register - 200 - application/json;+charset=utf-8 1142.7458ms
info: Microsoft.AspNetCore.Hosting.Diagnostics[1]
      Request starting HTTP/1.1 POST http://localhost/api/auth/register - application/json;+charset=utf-8 106
info: Microsoft.AspNetCore.Routing.EndpointMiddleware[0]
      Executing endpoint 'AuctionNest.API.Controllers.AuthController.Register (AuctionNest.API)'
info: Microsoft.AspNetCore.Mvc.Infrastructure.ControllerActionInvoker[102]
      Route matched with {action = "Register", controller = "Auth"}. Executing controller action with signature System.Threading.Tasks.Task`1[Microsoft.AspNetCore.Mvc.IActionResult] Register(AuctionNest.Application.Features.Auth.Commands.Register.RegisterUserCommand, System.Threading.CancellationToken) on controller AuctionNest.API.Controllers.AuthController (AuctionNest.API).
info: Microsoft.EntityFrameworkCore.Database.Command[20101]
      Executed DbCommand (2ms) [Parameters=[@__ToLower_0='?'], CommandType='Text', CommandTimeout='30']
      SELECT EXISTS (
          SELECT 1
          FROM users AS u
          WHERE u.deleted_at IS NULL AND u.email = @__ToLower_0)
info: Microsoft.EntityFrameworkCore.Database.Command[20101]
      Executed DbCommand (3ms) [Parameters=[@__ToLower_0='?'], CommandType='Text', CommandTimeout='30']
      SELECT EXISTS (
          SELECT 1
          FROM users AS u
          WHERE u.deleted_at IS NULL AND u.username = @__ToLower_0)
info: Microsoft.EntityFrameworkCore.Database.Command[20101]
      Executed DbCommand (4ms) [Parameters=[@__p_0='?' (DbType = Int32)], CommandType='Text', CommandTimeout='30']
      SELECT o.id, o.created_at, o.error, o.event_type, o.payload, o.processed_at, o.retry_count, o.updated_at
      FROM outbox_messages AS o
      WHERE o.processed_at IS NULL AND o.retry_count < 3
      ORDER BY o.created_at
      LIMIT @__p_0
info: Microsoft.EntityFrameworkCore.Database.Command[20101]
      Executed DbCommand (6ms) [Parameters=[@__p_0='?' (DbType = Int32)], CommandType='Text', CommandTimeout='30']
      SELECT o.id, o.created_at, o.error, o.event_type, o.payload, o.processed_at, o.retry_count, o.updated_at
      FROM outbox_messages AS o
      WHERE o.processed_at IS NULL AND o.retry_count < 3
      ORDER BY o.created_at
      LIMIT @__p_0
info: Microsoft.EntityFrameworkCore.Database.Command[20101]
      Executed DbCommand (2ms) [Parameters=[@p0='?' (DbType = Guid), @p1='?' (DbType = DateTime), @p2='?' (DbType = DateTime), @p3='?', @p4='?', @p5='?' (DbType = Boolean), @p6='?', @p7='?', @p8='?' (DbType = DateTime), @p9='?'], CommandType='Text', CommandTimeout='30']
      INSERT INTO users (id, created_at, deleted_at, display_name, email, is_verified, password_hash, role, updated_at, username)
      VALUES (@p0, @p1, @p2, @p3, @p4, @p5, @p6, @p7, @p8, @p9);
info: Microsoft.AspNetCore.Mvc.Infrastructure.ObjectResultExecutor[1]
      Executing OkObjectResult, writing value of type 'AuctionNest.Application.Features.Auth.Common.AuthResponse'.
info: Microsoft.AspNetCore.Mvc.Infrastructure.ControllerActionInvoker[105]
      Executed action AuctionNest.API.Controllers.AuthController.Register (AuctionNest.API) in 977.6847ms
info: Microsoft.AspNetCore.Routing.EndpointMiddleware[1]
      Executed endpoint 'AuctionNest.API.Controllers.AuthController.Register (AuctionNest.API)'
info: Microsoft.AspNetCore.Hosting.Diagnostics[2]
      Request finished HTTP/1.1 POST http://localhost/api/auth/register - 200 - application/json;+charset=utf-8 978.4490ms
info: Microsoft.AspNetCore.Hosting.Diagnostics[1]
      Request starting HTTP/1.1 POST http://localhost/api/auctions - application/json;+charset=utf-8 222
info: Microsoft.AspNetCore.Routing.EndpointMiddleware[0]
      Executing endpoint 'AuctionNest.API.Controllers.AuctionsController.Create (AuctionNest.API)'
info: Microsoft.AspNetCore.Mvc.Infrastructure.ControllerActionInvoker[102]
      Route matched with {action = "Create", controller = "Auctions"}. Executing controller action with signature System.Threading.Tasks.Task`1[Microsoft.AspNetCore.Mvc.IActionResult] Create(AuctionNest.Application.Features.Auctions.Commands.CreateAuction.CreateAuctionCommand, System.Threading.CancellationToken) on controller AuctionNest.API.Controllers.AuctionsController (AuctionNest.API).
info: Microsoft.AspNetCore.Mvc.Infrastructure.ControllerActionInvoker[105]
      Executed action AuctionNest.API.Controllers.AuctionsController.Create (AuctionNest.API) in 3.074ms
info: Microsoft.AspNetCore.Routing.EndpointMiddleware[1]
      Executed endpoint 'AuctionNest.API.Controllers.AuctionsController.Create (AuctionNest.API)'
info: Microsoft.AspNetCore.Hosting.Diagnostics[2]
      Request finished HTTP/1.1 POST http://localhost/api/auctions - 422 - application/json 4.4882ms
info: Microsoft.AspNetCore.Hosting.Diagnostics[1]
      Request starting HTTP/1.1 POST http://localhost/api/auth/register - application/json;+charset=utf-8 114
info: Microsoft.AspNetCore.Routing.EndpointMiddleware[0]
      Executing endpoint 'AuctionNest.API.Controllers.AuthController.Register (AuctionNest.API)'
info: Microsoft.AspNetCore.Mvc.Infrastructure.ControllerActionInvoker[102]
      Route matched with {action = "Register", controller = "Auth"}. Executing controller action with signature System.Threading.Tasks.Task`1[Microsoft.AspNetCore.Mvc.IActionResult] Register(AuctionNest.Application.Features.Auth.Commands.Register.RegisterUserCommand, System.Threading.CancellationToken) on controller AuctionNest.API.Controllers.AuthController (AuctionNest.API).
info: Microsoft.EntityFrameworkCore.Database.Command[20101]
      Executed DbCommand (5ms) [Parameters=[@__ToLower_0='?'], CommandType='Text', CommandTimeout='30']
      SELECT EXISTS (
          SELECT 1
          FROM users AS u
          WHERE u.deleted_at IS NULL AND u.email = @__ToLower_0)
info: Microsoft.EntityFrameworkCore.Database.Command[20101]
      Executed DbCommand (7ms) [Parameters=[@__ToLower_0='?'], CommandType='Text', CommandTimeout='30']
      SELECT EXISTS (
          SELECT 1
          FROM users AS u
          WHERE u.deleted_at IS NULL AND u.username = @__ToLower_0)
info: Microsoft.EntityFrameworkCore.Database.Command[20101]
      Executed DbCommand (3ms) [Parameters=[@p0='?' (DbType = Guid), @p1='?' (DbType = DateTime), @p2='?' (DbType = DateTime), @p3='?', @p4='?', @p5='?' (DbType = Boolean), @p6='?', @p7='?', @p8='?' (DbType = DateTime), @p9='?'], CommandType='Text', CommandTimeout='30']
      INSERT INTO users (id, created_at, deleted_at, display_name, email, is_verified, password_hash, role, updated_at, username)
      VALUES (@p0, @p1, @p2, @p3, @p4, @p5, @p6, @p7, @p8, @p9);
info: Microsoft.AspNetCore.Mvc.Infrastructure.ObjectResultExecutor[1]
      Executing OkObjectResult, writing value of type 'AuctionNest.Application.Features.Auth.Common.AuthResponse'.
info: Microsoft.AspNetCore.Mvc.Infrastructure.ControllerActionInvoker[105]
      Executed action AuctionNest.API.Controllers.AuthController.Register (AuctionNest.API) in 777.5532ms
info: Microsoft.AspNetCore.Routing.EndpointMiddleware[1]
      Executed endpoint 'AuctionNest.API.Controllers.AuthController.Register (AuctionNest.API)'
info: Microsoft.AspNetCore.Hosting.Diagnostics[2]
      Request finished HTTP/1.1 POST http://localhost/api/auth/register - 200 - application/json;+charset=utf-8 778.4835ms
info: Microsoft.AspNetCore.Hosting.Diagnostics[1]
      Request starting HTTP/1.1 POST http://localhost/api/auth/register - application/json;+charset=utf-8 108
info: Microsoft.AspNetCore.Routing.EndpointMiddleware[0]
      Executing endpoint 'AuctionNest.API.Controllers.AuthController.Register (AuctionNest.API)'
info: Microsoft.AspNetCore.Mvc.Infrastructure.ControllerActionInvoker[102]
      Route matched with {action = "Register", controller = "Auth"}. Executing controller action with signature System.Threading.Tasks.Task`1[Microsoft.AspNetCore.Mvc.IActionResult] Register(AuctionNest.Application.Features.Auth.Commands.Register.RegisterUserCommand, System.Threading.CancellationToken) on controller AuctionNest.API.Controllers.AuthController (AuctionNest.API).
info: Microsoft.EntityFrameworkCore.Database.Command[20101]
      Executed DbCommand (3ms) [Parameters=[@__ToLower_0='?'], CommandType='Text', CommandTimeout='30']
      SELECT EXISTS (
          SELECT 1
          FROM users AS u
          WHERE u.deleted_at IS NULL AND u.email = @__ToLower_0)
info: Microsoft.AspNetCore.Mvc.Infrastructure.ObjectResultExecutor[1]
      Executing ConflictObjectResult, writing value of type '<>f__AnonymousType5`4[[System.String, System.Private.CoreLib, Version=8.0.0.0, Culture=neutral, PublicKeyToken=7cec85d7bea7798e],[System.String, System.Private.CoreLib, Version=8.0.0.0, Culture=neutral, PublicKeyToken=7cec85d7bea7798e],[System.String, System.Private.CoreLib, Version=8.0.0.0, Culture=neutral, PublicKeyToken=7cec85d7bea7798e],[System.Int32, System.Private.CoreLib, Version=8.0.0.0, Culture=neutral, PublicKeyToken=7cec85d7bea7798e]]'.
info: Microsoft.AspNetCore.Mvc.Infrastructure.ControllerActionInvoker[105]
      Executed action AuctionNest.API.Controllers.AuthController.Register (AuctionNest.API) in 7.1992ms
info: Microsoft.AspNetCore.Routing.EndpointMiddleware[1]
      Executed endpoint 'AuctionNest.API.Controllers.AuthController.Register (AuctionNest.API)'
info: Microsoft.AspNetCore.Hosting.Diagnostics[2]
      Request finished HTTP/1.1 POST http://localhost/api/auth/register - 409 - application/json;+charset=utf-8 7.7756ms
info: Microsoft.AspNetCore.Hosting.Diagnostics[1]
      Request starting HTTP/1.1 POST http://localhost/api/auth/refresh - application/json;+charset=utf-8 40
info: Microsoft.AspNetCore.Routing.EndpointMiddleware[0]
      Executing endpoint 'AuctionNest.API.Controllers.AuthController.Refresh (AuctionNest.API)'
info: Microsoft.AspNetCore.Mvc.Infrastructure.ControllerActionInvoker[102]
      Route matched with {action = "Refresh", controller = "Auth"}. Executing controller action with signature System.Threading.Tasks.Task`1[Microsoft.AspNetCore.Mvc.IActionResult] Refresh(AuctionNest.Application.Features.Auth.Commands.RefreshToken.RefreshTokenCommand, System.Threading.CancellationToken) on controller AuctionNest.API.Controllers.AuthController (AuctionNest.API).
info: Microsoft.AspNetCore.Mvc.Infrastructure.ObjectResultExecutor[1]
      Executing UnauthorizedObjectResult, writing value of type '<>f__AnonymousType5`4[[System.String, System.Private.CoreLib, Version=8.0.0.0, Culture=neutral, PublicKeyToken=7cec85d7bea7798e],[System.String, System.Private.CoreLib, Version=8.0.0.0, Culture=neutral, PublicKeyToken=7cec85d7bea7798e],[System.String, System.Private.CoreLib, Version=8.0.0.0, Culture=neutral, PublicKeyToken=7cec85d7bea7798e],[System.Int32, System.Private.CoreLib, Version=8.0.0.0, Culture=neutral, PublicKeyToken=7cec85d7bea7798e]]'.
info: Microsoft.AspNetCore.Mvc.Infrastructure.ControllerActionInvoker[105]
      Executed action AuctionNest.API.Controllers.AuthController.Refresh (AuctionNest.API) in 5.6526ms
info: Microsoft.AspNetCore.Routing.EndpointMiddleware[1]
      Executed endpoint 'AuctionNest.API.Controllers.AuthController.Refresh (AuctionNest.API)'
info: Microsoft.AspNetCore.Hosting.Diagnostics[2]
      Request finished HTTP/1.1 POST http://localhost/api/auth/refresh - 401 - application/json;+charset=utf-8 6.3619ms
info: Microsoft.AspNetCore.Hosting.Diagnostics[1]
      Request starting HTTP/1.1 POST http://localhost/api/auth/register - application/json;+charset=utf-8 110
info: Microsoft.AspNetCore.Routing.EndpointMiddleware[0]
      Executing endpoint 'AuctionNest.API.Controllers.AuthController.Register (AuctionNest.API)'
info: Microsoft.AspNetCore.Mvc.Infrastructure.ControllerActionInvoker[102]
      Route matched with {action = "Register", controller = "Auth"}. Executing controller action with signature System.Threading.Tasks.Task`1[Microsoft.AspNetCore.Mvc.IActionResult] Register(AuctionNest.Application.Features.Auth.Commands.Register.RegisterUserCommand, System.Threading.CancellationToken) on controller AuctionNest.API.Controllers.AuthController (AuctionNest.API).
info: Microsoft.EntityFrameworkCore.Database.Command[20101]
      Executed DbCommand (2ms) [Parameters=[@__ToLower_0='?'], CommandType='Text', CommandTimeout='30']
      SELECT EXISTS (
          SELECT 1
          FROM users AS u
          WHERE u.deleted_at IS NULL AND u.email = @__ToLower_0)
info: Microsoft.EntityFrameworkCore.Database.Command[20101]
      Executed DbCommand (2ms) [Parameters=[@__ToLower_0='?'], CommandType='Text', CommandTimeout='30']
      SELECT EXISTS (
          SELECT 1
          FROM users AS u
          WHERE u.deleted_at IS NULL AND u.username = @__ToLower_0)
info: Microsoft.EntityFrameworkCore.Database.Command[20101]
      Executed DbCommand (3ms) [Parameters=[@p0='?' (DbType = Guid), @p1='?' (DbType = DateTime), @p2='?' (DbType = DateTime), @p3='?', @p4='?', @p5='?' (DbType = Boolean), @p6='?', @p7='?', @p8='?' (DbType = DateTime), @p9='?'], CommandType='Text', CommandTimeout='30']
      INSERT INTO users (id, created_at, deleted_at, display_name, email, is_verified, password_hash, role, updated_at, username)
      VALUES (@p0, @p1, @p2, @p3, @p4, @p5, @p6, @p7, @p8, @p9);
info: Microsoft.AspNetCore.Mvc.Infrastructure.ObjectResultExecutor[1]
      Executing OkObjectResult, writing value of type 'AuctionNest.Application.Features.Auth.Common.AuthResponse'.
info: Microsoft.AspNetCore.Mvc.Infrastructure.ControllerActionInvoker[105]
      Executed action AuctionNest.API.Controllers.AuthController.Register (AuctionNest.API) in 544.4544ms
info: Microsoft.AspNetCore.Routing.EndpointMiddleware[1]
      Executed endpoint 'AuctionNest.API.Controllers.AuthController.Register (AuctionNest.API)'
info: Microsoft.AspNetCore.Hosting.Diagnostics[2]
      Request finished HTTP/1.1 POST http://localhost/api/auth/register - 200 - application/json;+charset=utf-8 545.2221ms
info: Microsoft.AspNetCore.Hosting.Diagnostics[1]
      Request starting HTTP/1.1 POST http://localhost/api/auctions - application/json;+charset=utf-8 326
info: Microsoft.AspNetCore.Routing.EndpointMiddleware[0]
      Executing endpoint 'AuctionNest.API.Controllers.AuctionsController.Create (AuctionNest.API)'
info: Microsoft.AspNetCore.Mvc.Infrastructure.ControllerActionInvoker[102]
      Route matched with {action = "Create", controller = "Auctions"}. Executing controller action with signature System.Threading.Tasks.Task`1[Microsoft.AspNetCore.Mvc.IActionResult] Create(AuctionNest.Application.Features.Auctions.Commands.CreateAuction.CreateAuctionCommand, System.Threading.CancellationToken) on controller AuctionNest.API.Controllers.AuctionsController (AuctionNest.API).
info: Microsoft.EntityFrameworkCore.Database.Command[20101]
      Executed DbCommand (7ms) [Parameters=[@__id_0='?' (DbType = Guid)], CommandType='Text', CommandTimeout='30']
      SELECT EXISTS (
          SELECT 1
          FROM categories AS c
          WHERE c.deleted_at IS NULL AND c.id = @__id_0)
info: Microsoft.EntityFrameworkCore.Database.Command[20101]
      Executed DbCommand (4ms) [Parameters=[@__get_Item_0='?' (DbType = Guid)], CommandType='Text', CommandTimeout='30']
      SELECT u.id, u.created_at, u.deleted_at, u.display_name, u.email, u.is_verified, u.password_hash, u.role, u.updated_at, u.username
      FROM users AS u
      WHERE u.deleted_at IS NULL AND u.id = @__get_Item_0
      LIMIT 1
info: Microsoft.EntityFrameworkCore.Database.Command[20101]
      Executed DbCommand (6ms) [Parameters=[@__get_Item_0='?' (DbType = Guid)], CommandType='Text', CommandTimeout='30']
      SELECT c.id, c.created_at, c.deleted_at, c.description, c.name, c.slug, c.updated_at
      FROM categories AS c
      WHERE c.deleted_at IS NULL AND c.id = @__get_Item_0
      LIMIT 1
info: Microsoft.EntityFrameworkCore.Database.Command[20101]
      Executed DbCommand (5ms) [Parameters=[@p0='?' (DbType = Guid), @p1='?' (DbType = Decimal), @p2='?' (DbType = Guid), @p3='?' (DbType = DateTime), @p4='?' (DbType = Decimal), @p5='?', @p6='?' (DbType = DateTime), @p7='?' (DbType = Int32), @p8='?', @p9='?' (DbType = Decimal), @p10='?' (DbType = Decimal), @p11='?' (DbType = Guid), @p12='?' (DbType = Decimal), @p13='?' (DbType = DateTime), @p14='?', @p15='?', @p16='?' (DbType = DateTime)], CommandType='Text', CommandTimeout='30']
      INSERT INTO auctions (id, buy_it_now_price, category_id, created_at, current_price, description, ends_at, extension_count, image_url, min_bid_increment, reserve_price, seller_id, start_price, starts_at, status, title, updated_at)
      VALUES (@p0, @p1, @p2, @p3, @p4, @p5, @p6, @p7, @p8, @p9, @p10, @p11, @p12, @p13, @p14, @p15, @p16);
info: Microsoft.AspNetCore.Mvc.Infrastructure.ObjectResultExecutor[1]
      Executing OkObjectResult, writing value of type 'AuctionNest.Application.Features.Auctions.Common.AuctionDto'.
info: Microsoft.AspNetCore.Mvc.Infrastructure.ControllerActionInvoker[105]
      Executed action AuctionNest.API.Controllers.AuctionsController.Create (AuctionNest.API) in 94.3602ms
info: Microsoft.AspNetCore.Routing.EndpointMiddleware[1]
      Executed endpoint 'AuctionNest.API.Controllers.AuctionsController.Create (AuctionNest.API)'
info: Microsoft.AspNetCore.Hosting.Diagnostics[2]
      Request finished HTTP/1.1 POST http://localhost/api/auctions - 200 - application/json;+charset=utf-8 95.1559ms
info: Microsoft.AspNetCore.Hosting.Diagnostics[1]
      Request starting HTTP/1.1 POST http://localhost/api/auctions/39e4988e-8945-475b-bba4-77b4470e9dd2/bids - application/json;+charset=utf-8 14
info: Microsoft.AspNetCore.Authorization.DefaultAuthorizationService[2]
      Authorization failed. These requirements were not met:
      DenyAnonymousAuthorizationRequirement: Requires an authenticated user.
info: Microsoft.AspNetCore.Authentication.JwtBearer.JwtBearerHandler[12]
      AuthenticationScheme: Bearer was challenged.
info: Microsoft.AspNetCore.Hosting.Diagnostics[2]
      Request finished HTTP/1.1 POST http://localhost/api/auctions/39e4988e-8945-475b-bba4-77b4470e9dd2/bids - 401 - - 1.3589ms
[testcontainers.org 00:00:20.21] Delete Docker container 3b808b5a8e2e
[testcontainers.org 00:00:20.21] Delete Docker container e95df5d00b48
info: Microsoft.EntityFrameworkCore.Database.Command[20101]
      Executed DbCommand (3ms) [Parameters=[@p0='?' (DbType = Guid), @p1='?' (DbType = DateTime), @p2='?' (DbType = DateTime), @p3='?', @p4='?', @p5='?' (DbType = Boolean), @p6='?', @p7='?', @p8='?' (DbType = DateTime), @p9='?'], CommandType='Text', CommandTimeout='30']
      INSERT INTO users (id, created_at, deleted_at, display_name, email, is_verified, password_hash, role, updated_at, username)
      VALUES (@p0, @p1, @p2, @p3, @p4, @p5, @p6, @p7, @p8, @p9);
info: Microsoft.AspNetCore.Mvc.Infrastructure.ObjectResultExecutor[1]
      Executing OkObjectResult, writing value of type 'AuctionNest.Application.Features.Auth.Common.AuthResponse'.
info: Microsoft.AspNetCore.Mvc.Infrastructure.ControllerActionInvoker[105]
      Executed action AuctionNest.API.Controllers.AuthController.Register (AuctionNest.API) in 452.4667ms
info: Microsoft.AspNetCore.Routing.EndpointMiddleware[1]
      Executed endpoint 'AuctionNest.API.Controllers.AuthController.Register (AuctionNest.API)'
info: Microsoft.AspNetCore.Hosting.Diagnostics[2]
      Request finished HTTP/1.1 POST http://localhost/api/auth/register - 200 - application/json;+charset=utf-8 453.0935ms
[testcontainers.org 00:00:20.41] Delete Docker container 347dc4b16704
[testcontainers.org 00:00:20.41] Delete Docker container b64d51912482
  Passed AuctionNest.IntegrationTests.Auctions.AuctionsControllerTests.CreateAuction_WithEndBeforeOneHourAfterStart_Returns422 [990 ms]
  Passed AuctionNest.IntegrationTests.Auth.AuthControllerTests.Register_WithDuplicateEmail_ReturnsConflict [1 s]
  Passed AuctionNest.IntegrationTests.Auth.AuthControllerTests.RefreshToken_WithInvalidToken_ReturnsUnauthorized [9 ms]
  Passed AuctionNest.IntegrationTests.Auctions.AuctionsControllerTests.PlaceBid_WithoutAuth_Returns401 [647 ms]
  Passed AuctionNest.IntegrationTests.Auth.AuthControllerTests.Register_WithValidData_ReturnsOkWithTokens [455 ms]
fail: Microsoft.EntityFrameworkCore.Database.Command[20102]
      Failed executing DbCommand (148ms) [Parameters=[@__p_0='?' (DbType = Int32)], CommandType='Text', CommandTimeout='30']
      SELECT o.id, o.created_at, o.error, o.event_type, o.payload, o.processed_at, o.retry_count, o.updated_at
      FROM outbox_messages AS o
      WHERE o.processed_at IS NULL AND o.retry_count < 3
      ORDER BY o.created_at
      LIMIT @__p_0
fail: Microsoft.EntityFrameworkCore.Database.Command[20102]
      Failed executing DbCommand (148ms) [Parameters=[@__p_0='?' (DbType = Int32)], CommandType='Text', CommandTimeout='30']
      SELECT o.id, o.created_at, o.error, o.event_type, o.payload, o.processed_at, o.retry_count, o.updated_at
      FROM outbox_messages AS o
      WHERE o.processed_at IS NULL AND o.retry_count < 3
      ORDER BY o.created_at
      LIMIT @__p_0
fail: Microsoft.EntityFrameworkCore.Query[10100]
      An exception occurred while iterating over the results of a query for context type 'AuctionNest.Infrastructure.Persistence.AppDbContext'.
      System.InvalidOperationException: An exception has been raised that is likely due to a transient failure.
       ---> Npgsql.NpgsqlException (0x80004005): Exception while reading from stream
       ---> System.IO.EndOfStreamException: Attempted to read past the end of the stream.
         at Npgsql.Internal.NpgsqlReadBuffer.<Ensure>g__EnsureLong|55_0(NpgsqlReadBuffer buffer, Int32 count, Boolean async, Boolean readingNotifications)
         at Npgsql.Internal.NpgsqlReadBuffer.<Ensure>g__EnsureLong|55_0(NpgsqlReadBuffer buffer, Int32 count, Boolean async, Boolean readingNotifications)
         at System.Runtime.CompilerServices.PoolingAsyncValueTaskMethodBuilder`1.StateMachineBox`1.System.Threading.Tasks.Sources.IValueTaskSource.GetResult(Int16 token)
         at Npgsql.Internal.NpgsqlConnector.ReadMessageLong(Boolean async, DataRowLoadingMode dataRowLoadingMode, Boolean readingNotifications, Boolean isReadingPrependedMessage)
         at System.Runtime.CompilerServices.PoolingAsyncValueTaskMethodBuilder`1.StateMachineBox`1.System.Threading.Tasks.Sources.IValueTaskSource<TResult>.GetResult(Int16 token)
         at Npgsql.Internal.NpgsqlConnector.ReadMessageLong(Boolean async, DataRowLoadingMode dataRowLoadingMode, Boolean readingNotifications, Boolean isReadingPrependedMessage)
         at System.Runtime.CompilerServices.PoolingAsyncValueTaskMethodBuilder`1.StateMachineBox`1.System.Threading.Tasks.Sources.IValueTaskSource<TResult>.GetResult(Int16 token)
         at Npgsql.NpgsqlDataReader.NextResult(Boolean async, Boolean isConsuming, CancellationToken cancellationToken)
         at Npgsql.NpgsqlDataReader.NextResult(Boolean async, Boolean isConsuming, CancellationToken cancellationToken)
         at Npgsql.NpgsqlCommand.ExecuteReader(Boolean async, CommandBehavior behavior, CancellationToken cancellationToken)
         at Npgsql.NpgsqlCommand.ExecuteReader(Boolean async, CommandBehavior behavior, CancellationToken cancellationToken)
         at Npgsql.NpgsqlCommand.ExecuteDbDataReaderAsync(CommandBehavior behavior, CancellationToken cancellationToken)
         at Microsoft.EntityFrameworkCore.Storage.RelationalCommand.ExecuteReaderAsync(RelationalCommandParameterObject parameterObject, CancellationToken cancellationToken)
         at Microsoft.EntityFrameworkCore.Storage.RelationalCommand.ExecuteReaderAsync(RelationalCommandParameterObject parameterObject, CancellationToken cancellationToken)
         at Microsoft.EntityFrameworkCore.Query.Internal.SingleQueryingEnumerable`1.AsyncEnumerator.InitializeReaderAsync(AsyncEnumerator enumerator, CancellationToken cancellationToken)
         at Npgsql.EntityFrameworkCore.PostgreSQL.Storage.Internal.NpgsqlExecutionStrategy.ExecuteAsync[TState,TResult](TState state, Func`4 operation, Func`4 verifySucceeded, CancellationToken cancellationToken)
         --- End of inner exception stack trace ---
         at Npgsql.EntityFrameworkCore.PostgreSQL.Storage.Internal.NpgsqlExecutionStrategy.ExecuteAsync[TState,TResult](TState state, Func`4 operation, Func`4 verifySucceeded, CancellationToken cancellationToken)
         at Microsoft.EntityFrameworkCore.Query.Internal.SingleQueryingEnumerable`1.AsyncEnumerator.MoveNextAsync()
      System.InvalidOperationException: An exception has been raised that is likely due to a transient failure.
       ---> Npgsql.NpgsqlException (0x80004005): Exception while reading from stream
       ---> System.IO.EndOfStreamException: Attempted to read past the end of the stream.
         at Npgsql.Internal.NpgsqlReadBuffer.<Ensure>g__EnsureLong|55_0(NpgsqlReadBuffer buffer, Int32 count, Boolean async, Boolean readingNotifications)
         at Npgsql.Internal.NpgsqlReadBuffer.<Ensure>g__EnsureLong|55_0(NpgsqlReadBuffer buffer, Int32 count, Boolean async, Boolean readingNotifications)
         at System.Runtime.CompilerServices.PoolingAsyncValueTaskMethodBuilder`1.StateMachineBox`1.System.Threading.Tasks.Sources.IValueTaskSource.GetResult(Int16 token)
         at Npgsql.Internal.NpgsqlConnector.ReadMessageLong(Boolean async, DataRowLoadingMode dataRowLoadingMode, Boolean readingNotifications, Boolean isReadingPrependedMessage)
         at System.Runtime.CompilerServices.PoolingAsyncValueTaskMethodBuilder`1.StateMachineBox`1.System.Threading.Tasks.Sources.IValueTaskSource<TResult>.GetResult(Int16 token)
         at Npgsql.Internal.NpgsqlConnector.ReadMessageLong(Boolean async, DataRowLoadingMode dataRowLoadingMode, Boolean readingNotifications, Boolean isReadingPrependedMessage)
         at System.Runtime.CompilerServices.PoolingAsyncValueTaskMethodBuilder`1.StateMachineBox`1.System.Threading.Tasks.Sources.IValueTaskSource<TResult>.GetResult(Int16 token)
         at Npgsql.NpgsqlDataReader.NextResult(Boolean async, Boolean isConsuming, CancellationToken cancellationToken)
         at Npgsql.NpgsqlDataReader.NextResult(Boolean async, Boolean isConsuming, CancellationToken cancellationToken)
         at Npgsql.NpgsqlCommand.ExecuteReader(Boolean async, CommandBehavior behavior, CancellationToken cancellationToken)
         at Npgsql.NpgsqlCommand.ExecuteReader(Boolean async, CommandBehavior behavior, CancellationToken cancellationToken)
         at Npgsql.NpgsqlCommand.ExecuteDbDataReaderAsync(CommandBehavior behavior, CancellationToken cancellationToken)
         at Microsoft.EntityFrameworkCore.Storage.RelationalCommand.ExecuteReaderAsync(RelationalCommandParameterObject parameterObject, CancellationToken cancellationToken)
         at Microsoft.EntityFrameworkCore.Storage.RelationalCommand.ExecuteReaderAsync(RelationalCommandParameterObject parameterObject, CancellationToken cancellationToken)
         at Microsoft.EntityFrameworkCore.Query.Internal.SingleQueryingEnumerable`1.AsyncEnumerator.InitializeReaderAsync(AsyncEnumerator enumerator, CancellationToken cancellationToken)
         at Npgsql.EntityFrameworkCore.PostgreSQL.Storage.Internal.NpgsqlExecutionStrategy.ExecuteAsync[TState,TResult](TState state, Func`4 operation, Func`4 verifySucceeded, CancellationToken cancellationToken)
         --- End of inner exception stack trace ---
         at Npgsql.EntityFrameworkCore.PostgreSQL.Storage.Internal.NpgsqlExecutionStrategy.ExecuteAsync[TState,TResult](TState state, Func`4 operation, Func`4 verifySucceeded, CancellationToken cancellationToken)
         at Microsoft.EntityFrameworkCore.Query.Internal.SingleQueryingEnumerable`1.AsyncEnumerator.MoveNextAsync()
fail: Microsoft.EntityFrameworkCore.Query[10100]
      An exception occurred while iterating over the results of a query for context type 'AuctionNest.Infrastructure.Persistence.AppDbContext'.
      System.InvalidOperationException: An exception has been raised that is likely due to a transient failure.
       ---> Npgsql.NpgsqlException (0x80004005): Exception while reading from stream
       ---> System.IO.EndOfStreamException: Attempted to read past the end of the stream.
         at Npgsql.Internal.NpgsqlReadBuffer.<Ensure>g__EnsureLong|55_0(NpgsqlReadBuffer buffer, Int32 count, Boolean async, Boolean readingNotifications)
         at Npgsql.Internal.NpgsqlReadBuffer.<Ensure>g__EnsureLong|55_0(NpgsqlReadBuffer buffer, Int32 count, Boolean async, Boolean readingNotifications)
         at System.Runtime.CompilerServices.PoolingAsyncValueTaskMethodBuilder`1.StateMachineBox`1.System.Threading.Tasks.Sources.IValueTaskSource.GetResult(Int16 token)
         at Npgsql.Internal.NpgsqlConnector.ReadMessageLong(Boolean async, DataRowLoadingMode dataRowLoadingMode, Boolean readingNotifications, Boolean isReadingPrependedMessage)
         at System.Runtime.CompilerServices.PoolingAsyncValueTaskMethodBuilder`1.StateMachineBox`1.System.Threading.Tasks.Sources.IValueTaskSource<TResult>.GetResult(Int16 token)
         at Npgsql.Internal.NpgsqlConnector.ReadMessageLong(Boolean async, DataRowLoadingMode dataRowLoadingMode, Boolean readingNotifications, Boolean isReadingPrependedMessage)
         at System.Runtime.CompilerServices.PoolingAsyncValueTaskMethodBuilder`1.StateMachineBox`1.System.Threading.Tasks.Sources.IValueTaskSource<TResult>.GetResult(Int16 token)
         at Npgsql.NpgsqlDataReader.NextResult(Boolean async, Boolean isConsuming, CancellationToken cancellationToken)
         at Npgsql.NpgsqlDataReader.NextResult(Boolean async, Boolean isConsuming, CancellationToken cancellationToken)
         at Npgsql.NpgsqlCommand.ExecuteReader(Boolean async, CommandBehavior behavior, CancellationToken cancellationToken)
         at Npgsql.NpgsqlCommand.ExecuteReader(Boolean async, CommandBehavior behavior, CancellationToken cancellationToken)
         at Npgsql.NpgsqlCommand.ExecuteDbDataReaderAsync(CommandBehavior behavior, CancellationToken cancellationToken)
         at Microsoft.EntityFrameworkCore.Storage.RelationalCommand.ExecuteReaderAsync(RelationalCommandParameterObject parameterObject, CancellationToken cancellationToken)
         at Microsoft.EntityFrameworkCore.Storage.RelationalCommand.ExecuteReaderAsync(RelationalCommandParameterObject parameterObject, CancellationToken cancellationToken)
         at Microsoft.EntityFrameworkCore.Query.Internal.SingleQueryingEnumerable`1.AsyncEnumerator.InitializeReaderAsync(AsyncEnumerator enumerator, CancellationToken cancellationToken)
         at Npgsql.EntityFrameworkCore.PostgreSQL.Storage.Internal.NpgsqlExecutionStrategy.ExecuteAsync[TState,TResult](TState state, Func`4 operation, Func`4 verifySucceeded, CancellationToken cancellationToken)
         --- End of inner exception stack trace ---
         at Npgsql.EntityFrameworkCore.PostgreSQL.Storage.Internal.NpgsqlExecutionStrategy.ExecuteAsync[TState,TResult](TState state, Func`4 operation, Func`4 verifySucceeded, CancellationToken cancellationToken)
         at Microsoft.EntityFrameworkCore.Query.Internal.SingleQueryingEnumerable`1.AsyncEnumerator.MoveNextAsync()
      System.InvalidOperationException: An exception has been raised that is likely due to a transient failure.
       ---> Npgsql.NpgsqlException (0x80004005): Exception while reading from stream
       ---> System.IO.EndOfStreamException: Attempted to read past the end of the stream.
         at Npgsql.Internal.NpgsqlReadBuffer.<Ensure>g__EnsureLong|55_0(NpgsqlReadBuffer buffer, Int32 count, Boolean async, Boolean readingNotifications)
         at Npgsql.Internal.NpgsqlReadBuffer.<Ensure>g__EnsureLong|55_0(NpgsqlReadBuffer buffer, Int32 count, Boolean async, Boolean readingNotifications)
         at System.Runtime.CompilerServices.PoolingAsyncValueTaskMethodBuilder`1.StateMachineBox`1.System.Threading.Tasks.Sources.IValueTaskSource.GetResult(Int16 token)
         at Npgsql.Internal.NpgsqlConnector.ReadMessageLong(Boolean async, DataRowLoadingMode dataRowLoadingMode, Boolean readingNotifications, Boolean isReadingPrependedMessage)
         at System.Runtime.CompilerServices.PoolingAsyncValueTaskMethodBuilder`1.StateMachineBox`1.System.Threading.Tasks.Sources.IValueTaskSource<TResult>.GetResult(Int16 token)
         at Npgsql.Internal.NpgsqlConnector.ReadMessageLong(Boolean async, DataRowLoadingMode dataRowLoadingMode, Boolean readingNotifications, Boolean isReadingPrependedMessage)
         at System.Runtime.CompilerServices.PoolingAsyncValueTaskMethodBuilder`1.StateMachineBox`1.System.Threading.Tasks.Sources.IValueTaskSource<TResult>.GetResult(Int16 token)
         at Npgsql.NpgsqlDataReader.NextResult(Boolean async, Boolean isConsuming, CancellationToken cancellationToken)
         at Npgsql.NpgsqlDataReader.NextResult(Boolean async, Boolean isConsuming, CancellationToken cancellationToken)
         at Npgsql.NpgsqlCommand.ExecuteReader(Boolean async, CommandBehavior behavior, CancellationToken cancellationToken)
         at Npgsql.NpgsqlCommand.ExecuteReader(Boolean async, CommandBehavior behavior, CancellationToken cancellationToken)
         at Npgsql.NpgsqlCommand.ExecuteDbDataReaderAsync(CommandBehavior behavior, CancellationToken cancellationToken)
         at Microsoft.EntityFrameworkCore.Storage.RelationalCommand.ExecuteReaderAsync(RelationalCommandParameterObject parameterObject, CancellationToken cancellationToken)
         at Microsoft.EntityFrameworkCore.Storage.RelationalCommand.ExecuteReaderAsync(RelationalCommandParameterObject parameterObject, CancellationToken cancellationToken)
         at Microsoft.EntityFrameworkCore.Query.Internal.SingleQueryingEnumerable`1.AsyncEnumerator.InitializeReaderAsync(AsyncEnumerator enumerator, CancellationToken cancellationToken)
         at Npgsql.EntityFrameworkCore.PostgreSQL.Storage.Internal.NpgsqlExecutionStrategy.ExecuteAsync[TState,TResult](TState state, Func`4 operation, Func`4 verifySucceeded, CancellationToken cancellationToken)
         --- End of inner exception stack trace ---
         at Npgsql.EntityFrameworkCore.PostgreSQL.Storage.Internal.NpgsqlExecutionStrategy.ExecuteAsync[TState,TResult](TState state, Func`4 operation, Func`4 verifySucceeded, CancellationToken cancellationToken)
         at Microsoft.EntityFrameworkCore.Query.Internal.SingleQueryingEnumerable`1.AsyncEnumerator.MoveNextAsync()
fail: AuctionNest.API.BackgroundServices.OutboxProcessorService[0]
      Outbox processor encountered an unexpected error.
      System.InvalidOperationException: An exception has been raised that is likely due to a transient failure.
       ---> Npgsql.NpgsqlException (0x80004005): Exception while reading from stream
       ---> System.IO.EndOfStreamException: Attempted to read past the end of the stream.
         at Npgsql.Internal.NpgsqlReadBuffer.<Ensure>g__EnsureLong|55_0(NpgsqlReadBuffer buffer, Int32 count, Boolean async, Boolean readingNotifications)
         at Npgsql.Internal.NpgsqlReadBuffer.<Ensure>g__EnsureLong|55_0(NpgsqlReadBuffer buffer, Int32 count, Boolean async, Boolean readingNotifications)
         at System.Runtime.CompilerServices.PoolingAsyncValueTaskMethodBuilder`1.StateMachineBox`1.System.Threading.Tasks.Sources.IValueTaskSource.GetResult(Int16 token)
         at Npgsql.Internal.NpgsqlConnector.ReadMessageLong(Boolean async, DataRowLoadingMode dataRowLoadingMode, Boolean readingNotifications, Boolean isReadingPrependedMessage)
         at System.Runtime.CompilerServices.PoolingAsyncValueTaskMethodBuilder`1.StateMachineBox`1.System.Threading.Tasks.Sources.IValueTaskSource<TResult>.GetResult(Int16 token)
         at Npgsql.Internal.NpgsqlConnector.ReadMessageLong(Boolean async, DataRowLoadingMode dataRowLoadingMode, Boolean readingNotifications, Boolean isReadingPrependedMessage)
         at System.Runtime.CompilerServices.PoolingAsyncValueTaskMethodBuilder`1.StateMachineBox`1.System.Threading.Tasks.Sources.IValueTaskSource<TResult>.GetResult(Int16 token)
         at Npgsql.NpgsqlDataReader.NextResult(Boolean async, Boolean isConsuming, CancellationToken cancellationToken)
         at Npgsql.NpgsqlDataReader.NextResult(Boolean async, Boolean isConsuming, CancellationToken cancellationToken)
         at Npgsql.NpgsqlCommand.ExecuteReader(Boolean async, CommandBehavior behavior, CancellationToken cancellationToken)
         at Npgsql.NpgsqlCommand.ExecuteReader(Boolean async, CommandBehavior behavior, CancellationToken cancellationToken)
         at Npgsql.NpgsqlCommand.ExecuteDbDataReaderAsync(CommandBehavior behavior, CancellationToken cancellationToken)
         at Microsoft.EntityFrameworkCore.Storage.RelationalCommand.ExecuteReaderAsync(RelationalCommandParameterObject parameterObject, CancellationToken cancellationToken)
         at Microsoft.EntityFrameworkCore.Storage.RelationalCommand.ExecuteReaderAsync(RelationalCommandParameterObject parameterObject, CancellationToken cancellationToken)
         at Microsoft.EntityFrameworkCore.Query.Internal.SingleQueryingEnumerable`1.AsyncEnumerator.InitializeReaderAsync(AsyncEnumerator enumerator, CancellationToken cancellationToken)
         at Npgsql.EntityFrameworkCore.PostgreSQL.Storage.Internal.NpgsqlExecutionStrategy.ExecuteAsync[TState,TResult](TState state, Func`4 operation, Func`4 verifySucceeded, CancellationToken cancellationToken)
         --- End of inner exception stack trace ---
         at Npgsql.EntityFrameworkCore.PostgreSQL.Storage.Internal.NpgsqlExecutionStrategy.ExecuteAsync[TState,TResult](TState state, Func`4 operation, Func`4 verifySucceeded, CancellationToken cancellationToken)
         at Microsoft.EntityFrameworkCore.Query.Internal.SingleQueryingEnumerable`1.AsyncEnumerator.MoveNextAsync()
         at Microsoft.EntityFrameworkCore.EntityFrameworkQueryableExtensions.ToListAsync[TSource](IQueryable`1 source, CancellationToken cancellationToken)
         at Microsoft.EntityFrameworkCore.EntityFrameworkQueryableExtensions.ToListAsync[TSource](IQueryable`1 source, CancellationToken cancellationToken)
         at AuctionNest.API.BackgroundServices.OutboxProcessorService.ProcessBatchAsync(CancellationToken ct) in D:\aprojects\AuctionNest\backend\src\AuctionNest.API\BackgroundServices\OutboxProcessorService.cs:line 64
         at AuctionNest.API.BackgroundServices.OutboxProcessorService.ExecuteAsync(CancellationToken stoppingToken) in D:\aprojects\AuctionNest\backend\src\AuctionNest.API\BackgroundServices\OutboxProcessorService.cs:line 45
fail: AuctionNest.API.BackgroundServices.OutboxProcessorService[0]
      Outbox processor encountered an unexpected error.
      System.InvalidOperationException: An exception has been raised that is likely due to a transient failure.
       ---> Npgsql.NpgsqlException (0x80004005): Exception while reading from stream
       ---> System.IO.EndOfStreamException: Attempted to read past the end of the stream.
         at Npgsql.Internal.NpgsqlReadBuffer.<Ensure>g__EnsureLong|55_0(NpgsqlReadBuffer buffer, Int32 count, Boolean async, Boolean readingNotifications)
         at Npgsql.Internal.NpgsqlReadBuffer.<Ensure>g__EnsureLong|55_0(NpgsqlReadBuffer buffer, Int32 count, Boolean async, Boolean readingNotifications)
         at System.Runtime.CompilerServices.PoolingAsyncValueTaskMethodBuilder`1.StateMachineBox`1.System.Threading.Tasks.Sources.IValueTaskSource.GetResult(Int16 token)
         at Npgsql.Internal.NpgsqlConnector.ReadMessageLong(Boolean async, DataRowLoadingMode dataRowLoadingMode, Boolean readingNotifications, Boolean isReadingPrependedMessage)
         at System.Runtime.CompilerServices.PoolingAsyncValueTaskMethodBuilder`1.StateMachineBox`1.System.Threading.Tasks.Sources.IValueTaskSource<TResult>.GetResult(Int16 token)
         at Npgsql.Internal.NpgsqlConnector.ReadMessageLong(Boolean async, DataRowLoadingMode dataRowLoadingMode, Boolean readingNotifications, Boolean isReadingPrependedMessage)
         at System.Runtime.CompilerServices.PoolingAsyncValueTaskMethodBuilder`1.StateMachineBox`1.System.Threading.Tasks.Sources.IValueTaskSource<TResult>.GetResult(Int16 token)
         at Npgsql.NpgsqlDataReader.NextResult(Boolean async, Boolean isConsuming, CancellationToken cancellationToken)
         at Npgsql.NpgsqlDataReader.NextResult(Boolean async, Boolean isConsuming, CancellationToken cancellationToken)
         at Npgsql.NpgsqlCommand.ExecuteReader(Boolean async, CommandBehavior behavior, CancellationToken cancellationToken)
         at Npgsql.NpgsqlCommand.ExecuteReader(Boolean async, CommandBehavior behavior, CancellationToken cancellationToken)
         at Npgsql.NpgsqlCommand.ExecuteDbDataReaderAsync(CommandBehavior behavior, CancellationToken cancellationToken)
         at Microsoft.EntityFrameworkCore.Storage.RelationalCommand.ExecuteReaderAsync(RelationalCommandParameterObject parameterObject, CancellationToken cancellationToken)
         at Microsoft.EntityFrameworkCore.Storage.RelationalCommand.ExecuteReaderAsync(RelationalCommandParameterObject parameterObject, CancellationToken cancellationToken)
         at Microsoft.EntityFrameworkCore.Query.Internal.SingleQueryingEnumerable`1.AsyncEnumerator.InitializeReaderAsync(AsyncEnumerator enumerator, CancellationToken cancellationToken)
         at Npgsql.EntityFrameworkCore.PostgreSQL.Storage.Internal.NpgsqlExecutionStrategy.ExecuteAsync[TState,TResult](TState state, Func`4 operation, Func`4 verifySucceeded, CancellationToken cancellationToken)
         --- End of inner exception stack trace ---
         at Npgsql.EntityFrameworkCore.PostgreSQL.Storage.Internal.NpgsqlExecutionStrategy.ExecuteAsync[TState,TResult](TState state, Func`4 operation, Func`4 verifySucceeded, CancellationToken cancellationToken)
         at Microsoft.EntityFrameworkCore.Query.Internal.SingleQueryingEnumerable`1.AsyncEnumerator.MoveNextAsync()
         at Microsoft.EntityFrameworkCore.EntityFrameworkQueryableExtensions.ToListAsync[TSource](IQueryable`1 source, CancellationToken cancellationToken)
         at Microsoft.EntityFrameworkCore.EntityFrameworkQueryableExtensions.ToListAsync[TSource](IQueryable`1 source, CancellationToken cancellationToken)
         at AuctionNest.API.BackgroundServices.OutboxProcessorService.ProcessBatchAsync(CancellationToken ct) in D:\aprojects\AuctionNest\backend\src\AuctionNest.API\BackgroundServices\OutboxProcessorService.cs:line 64
         at AuctionNest.API.BackgroundServices.OutboxProcessorService.ExecuteAsync(CancellationToken stoppingToken) in D:\aprojects\AuctionNest\backend\src\AuctionNest.API\BackgroundServices\OutboxProcessorService.cs:line 45
info: Hangfire.Server.BackgroundServerProcess[0]
      Server desktop-8el87qn:15804:a651465a caught stopping signal...
info: Hangfire.Server.BackgroundServerProcess[0]
      Server desktop-8el87qn:15804:a651465a All dispatchers stopped
info: Hangfire.Server.BackgroundServerProcess[0]
      Server desktop-8el87qn:15804:a35a0874 caught stopping signal...
info: Hangfire.Server.BackgroundServerProcess[0]
      Server desktop-8el87qn:15804:a35a0874 All dispatchers stopped
info: Hangfire.Server.BackgroundServerProcess[0]
      Server desktop-8el87qn:15804:a651465a caught stopped signal...
info: Hangfire.Server.BackgroundServerProcess[0]
      Server desktop-8el87qn:15804:a35a0874 caught stopped signal...
warn: Hangfire.Server.BackgroundServerProcess[0]
      Server desktop-8el87qn:15804:a651465a there was an exception, server may not be removed
      Npgsql.NpgsqlException (0x80004005): Failed to connect to 127.0.0.1:54234
       ---> System.Net.Sockets.SocketException (10061): No connection could be made because the target machine actively refused it.
         at Npgsql.Internal.NpgsqlConnector.Connect(NpgsqlTimeout timeout)
         at Npgsql.Internal.NpgsqlConnector.Connect(NpgsqlTimeout timeout)
         at Npgsql.Internal.NpgsqlConnector.RawOpen(SslMode sslMode, NpgsqlTimeout timeout, Boolean async, CancellationToken cancellationToken, Boolean isFirstAttempt)
         at Npgsql.Internal.NpgsqlConnector.<Open>g__OpenCore|213_1(NpgsqlConnector conn, SslMode sslMode, NpgsqlTimeout timeout, Boolean async, CancellationToken cancellationToken, Boolean isFirstAttempt)
         at Npgsql.Internal.NpgsqlConnector.Open(NpgsqlTimeout timeout, Boolean async, CancellationToken cancellationToken)
         at Npgsql.PoolingDataSource.OpenNewConnector(NpgsqlConnection conn, NpgsqlTimeout timeout, Boolean async, CancellationToken cancellationToken)
         at Npgsql.PoolingDataSource.<Get>g__RentAsync|33_0(NpgsqlConnection conn, NpgsqlTimeout timeout, Boolean async, CancellationToken cancellationToken)
         at Npgsql.NpgsqlConnection.<Open>g__OpenAsync|42_0(Boolean async, CancellationToken cancellationToken)
         at Hangfire.PostgreSql.PostgreSqlStorage.CreateAndOpenConnection()
         at Hangfire.PostgreSql.PostgreSqlStorage.UseConnection[T](DbConnection dedicatedConnection, Func`2 func)
         at Hangfire.PostgreSql.PostgreSqlConnection.RemoveServer(String serverId)
         at Hangfire.Server.BackgroundServerProcess.ServerDelete(BackgroundServerContext context, Stopwatch stoppedAt) in C:\projects\hangfire-525\src\Hangfire.Core\Server\BackgroundServerProcess.cs:line 229
warn: Hangfire.Server.BackgroundServerProcess[0]
      Server desktop-8el87qn:15804:a35a0874 there was an exception, server may not be removed
      Npgsql.NpgsqlException (0x80004005): Failed to connect to 127.0.0.1:54234
       ---> System.Net.Sockets.SocketException (10061): No connection could be made because the target machine actively refused it.
         at Npgsql.Internal.NpgsqlConnector.Connect(NpgsqlTimeout timeout)
         at Npgsql.Internal.NpgsqlConnector.Connect(NpgsqlTimeout timeout)
         at Npgsql.Internal.NpgsqlConnector.RawOpen(SslMode sslMode, NpgsqlTimeout timeout, Boolean async, CancellationToken cancellationToken, Boolean isFirstAttempt)
         at Npgsql.Internal.NpgsqlConnector.<Open>g__OpenCore|213_1(NpgsqlConnector conn, SslMode sslMode, NpgsqlTimeout timeout, Boolean async, CancellationToken cancellationToken, Boolean isFirstAttempt)
         at Npgsql.Internal.NpgsqlConnector.Open(NpgsqlTimeout timeout, Boolean async, CancellationToken cancellationToken)
         at Npgsql.PoolingDataSource.OpenNewConnector(NpgsqlConnection conn, NpgsqlTimeout timeout, Boolean async, CancellationToken cancellationToken)
         at Npgsql.PoolingDataSource.<Get>g__RentAsync|33_0(NpgsqlConnection conn, NpgsqlTimeout timeout, Boolean async, CancellationToken cancellationToken)
         at Npgsql.NpgsqlConnection.<Open>g__OpenAsync|42_0(Boolean async, CancellationToken cancellationToken)
         at Hangfire.PostgreSql.PostgreSqlStorage.CreateAndOpenConnection()
         at Hangfire.PostgreSql.PostgreSqlStorage.UseConnection[T](DbConnection dedicatedConnection, Func`2 func)
         at Hangfire.PostgreSql.PostgreSqlConnection.RemoveServer(String serverId)
         at Hangfire.Server.BackgroundServerProcess.ServerDelete(BackgroundServerContext context, Stopwatch stoppedAt) in C:\projects\hangfire-525\src\Hangfire.Core\Server\BackgroundServerProcess.cs:line 229
[xUnit.net 00:00:27.93]   Finished:    AuctionNest.IntegrationTests

Test Run Successful.
Total tests: 22
     Passed: 22
 Total time: 28.5800 Seconds
     1>Done Building Project "D:\aprojects\AuctionNest\backend\tests\AuctionNest.IntegrationTests\AuctionNest.IntegrationTests.csproj" (VSTest target(s)).

Build succeeded.

       "D:\aprojects\AuctionNest\backend\tests\AuctionNest.IntegrationTests\AuctionNest.IntegrationTests.csproj" (VSTest target) (1:7) ->
       "D:\aprojects\AuctionNest\backend\tests\AuctionNest.IntegrationTests\AuctionNest.IntegrationTests.csproj" (default target) (1:8) ->
       (CoreCompile target) -> 
         D:\aprojects\AuctionNest\backend\tests\AuctionNest.IntegrationTests\Auth\AuthControllerTests.cs(200,27): warning CS0108: 'AuthControllerTests.AuthBody' hides inherited member 'IntegrationTestBase.AuthBody'. Use the new keyword if hiding was intended. [D:\aprojects\AuctionNest\backend\tests\AuctionNest.IntegrationTests\AuctionNest.IntegrationTests.csproj]

    1 Warning(s)
    0 Error(s)

Time Elapsed 00:00:33.41
